Archive member included to satisfy reference by file (symbol)

C:/ST/STM32CubeIDE_1.13.2/STM32CubeIDE/plugins/com.st.stm32cube.ide.mcu.externaltools.gnu-tools-for-stm32.11.3.rel1.win32_1.1.1.202309131626/tools/bin/../lib/gcc/arm-none-eabi/11.3.1/../../../../arm-none-eabi/lib/thumb/v7-m/nofp\libc_nano.a(libc_a-exit.o)
                              C:/ST/STM32CubeIDE_1.13.2/STM32CubeIDE/plugins/com.st.stm32cube.ide.mcu.externaltools.gnu-tools-for-stm32.11.3.rel1.win32_1.1.1.202309131626/tools/bin/../lib/gcc/arm-none-eabi/11.3.1/../../../../arm-none-eabi/lib/thumb/v7-m/nofp/crt0.o (exit)
C:/ST/STM32CubeIDE_1.13.2/STM32CubeIDE/plugins/com.st.stm32cube.ide.mcu.externaltools.gnu-tools-for-stm32.11.3.rel1.win32_1.1.1.202309131626/tools/bin/../lib/gcc/arm-none-eabi/11.3.1/../../../../arm-none-eabi/lib/thumb/v7-m/nofp\libc_nano.a(libc_a-findfp.o)
                              C:/ST/STM32CubeIDE_1.13.2/STM32CubeIDE/plugins/com.st.stm32cube.ide.mcu.externaltools.gnu-tools-for-stm32.11.3.rel1.win32_1.1.1.202309131626/tools/bin/../lib/gcc/arm-none-eabi/11.3.1/../../../../arm-none-eabi/lib/thumb/v7-m/nofp\libc_nano.a(libc_a-exit.o) (__stdio_exit_handler)
C:/ST/STM32CubeIDE_1.13.2/STM32CubeIDE/plugins/com.st.stm32cube.ide.mcu.externaltools.gnu-tools-for-stm32.11.3.rel1.win32_1.1.1.202309131626/tools/bin/../lib/gcc/arm-none-eabi/11.3.1/../../../../arm-none-eabi/lib/thumb/v7-m/nofp\libc_nano.a(libc_a-fwalk.o)
                              C:/ST/STM32CubeIDE_1.13.2/STM32CubeIDE/plugins/com.st.stm32cube.ide.mcu.externaltools.gnu-tools-for-stm32.11.3.rel1.win32_1.1.1.202309131626/tools/bin/../lib/gcc/arm-none-eabi/11.3.1/../../../../arm-none-eabi/lib/thumb/v7-m/nofp\libc_nano.a(libc_a-findfp.o) (_fwalk_sglue)
C:/ST/STM32CubeIDE_1.13.2/STM32CubeIDE/plugins/com.st.stm32cube.ide.mcu.externaltools.gnu-tools-for-stm32.11.3.rel1.win32_1.1.1.202309131626/tools/bin/../lib/gcc/arm-none-eabi/11.3.1/../../../../arm-none-eabi/lib/thumb/v7-m/nofp\libc_nano.a(libc_a-sprintf.o)
                              ./Core/Src/I2C_LCD.o (sprintf)
C:/ST/STM32CubeIDE_1.13.2/STM32CubeIDE/plugins/com.st.stm32cube.ide.mcu.externaltools.gnu-tools-for-stm32.11.3.rel1.win32_1.1.1.202309131626/tools/bin/../lib/gcc/arm-none-eabi/11.3.1/../../../../arm-none-eabi/lib/thumb/v7-m/nofp\libc_nano.a(libc_a-stdio.o)
                              C:/ST/STM32CubeIDE_1.13.2/STM32CubeIDE/plugins/com.st.stm32cube.ide.mcu.externaltools.gnu-tools-for-stm32.11.3.rel1.win32_1.1.1.202309131626/tools/bin/../lib/gcc/arm-none-eabi/11.3.1/../../../../arm-none-eabi/lib/thumb/v7-m/nofp\libc_nano.a(libc_a-findfp.o) (__sread)
C:/ST/STM32CubeIDE_1.13.2/STM32CubeIDE/plugins/com.st.stm32cube.ide.mcu.externaltools.gnu-tools-for-stm32.11.3.rel1.win32_1.1.1.202309131626/tools/bin/../lib/gcc/arm-none-eabi/11.3.1/../../../../arm-none-eabi/lib/thumb/v7-m/nofp\libc_nano.a(libc_a-memset.o)
                              C:/ST/STM32CubeIDE_1.13.2/STM32CubeIDE/plugins/com.st.stm32cube.ide.mcu.externaltools.gnu-tools-for-stm32.11.3.rel1.win32_1.1.1.202309131626/tools/bin/../lib/gcc/arm-none-eabi/11.3.1/../../../../arm-none-eabi/lib/thumb/v7-m/nofp/crt0.o (memset)
C:/ST/STM32CubeIDE_1.13.2/STM32CubeIDE/plugins/com.st.stm32cube.ide.mcu.externaltools.gnu-tools-for-stm32.11.3.rel1.win32_1.1.1.202309131626/tools/bin/../lib/gcc/arm-none-eabi/11.3.1/../../../../arm-none-eabi/lib/thumb/v7-m/nofp\libc_nano.a(libc_a-strncpy.o)
                              ./Core/Src/main.o (strncpy)
C:/ST/STM32CubeIDE_1.13.2/STM32CubeIDE/plugins/com.st.stm32cube.ide.mcu.externaltools.gnu-tools-for-stm32.11.3.rel1.win32_1.1.1.202309131626/tools/bin/../lib/gcc/arm-none-eabi/11.3.1/../../../../arm-none-eabi/lib/thumb/v7-m/nofp\libc_nano.a(libc_a-closer.o)
                              C:/ST/STM32CubeIDE_1.13.2/STM32CubeIDE/plugins/com.st.stm32cube.ide.mcu.externaltools.gnu-tools-for-stm32.11.3.rel1.win32_1.1.1.202309131626/tools/bin/../lib/gcc/arm-none-eabi/11.3.1/../../../../arm-none-eabi/lib/thumb/v7-m/nofp\libc_nano.a(libc_a-stdio.o) (_close_r)
C:/ST/STM32CubeIDE_1.13.2/STM32CubeIDE/plugins/com.st.stm32cube.ide.mcu.externaltools.gnu-tools-for-stm32.11.3.rel1.win32_1.1.1.202309131626/tools/bin/../lib/gcc/arm-none-eabi/11.3.1/../../../../arm-none-eabi/lib/thumb/v7-m/nofp\libc_nano.a(libc_a-reent.o)
                              C:/ST/STM32CubeIDE_1.13.2/STM32CubeIDE/plugins/com.st.stm32cube.ide.mcu.externaltools.gnu-tools-for-stm32.11.3.rel1.win32_1.1.1.202309131626/tools/bin/../lib/gcc/arm-none-eabi/11.3.1/../../../../arm-none-eabi/lib/thumb/v7-m/nofp\libc_nano.a(libc_a-closer.o) (errno)
C:/ST/STM32CubeIDE_1.13.2/STM32CubeIDE/plugins/com.st.stm32cube.ide.mcu.externaltools.gnu-tools-for-stm32.11.3.rel1.win32_1.1.1.202309131626/tools/bin/../lib/gcc/arm-none-eabi/11.3.1/../../../../arm-none-eabi/lib/thumb/v7-m/nofp\libc_nano.a(libc_a-impure.o)
[...]
Memory Configuration

Name             Origin             Length             Attributes
RAM              0x0000000020000000 0x0000000000004000 xrw
FLASH            0x0000000008000000 0x0000000000020000 xr
*default*        0x0000000000000000 0xffffffffffffffff

Linker script and memory map

LOAD C:/ST/STM32CubeIDE_1.13.2/STM32CubeIDE/plugins/com.st.stm32cube.ide.mcu.externaltools.gnu-tools-for-stm32.11.3.rel1.win32_1.1.1.202309131626/tools/bin/../lib/gcc/arm-none-eabi/11.3.1/thumb/v7-m/nofp/crti.o
LOAD C:/ST/STM32CubeIDE_1.13.2/STM32CubeIDE/plugins/com.st.stm32cube.ide.mcu.externaltools.gnu-tools-for-stm32.11.3.rel1.win32_1.1.1.202309131626/tools/bin/../lib/gcc/arm-none-eabi/11.3.1/thumb/v7-m/nofp/crtbegin.o
LOAD C:/ST/STM32CubeIDE_1.13.2/STM32CubeIDE/plugins/com.st.stm32cube.ide.mcu.externaltools.gnu-tools-for-stm32.11.3.rel1.win32_1.1.1.202309131626/tools/bin/../lib/gcc/arm-none-eabi/11.3.1/../../../../arm-none-eabi/lib/thumb/v7-m/nofp/crt0.o
LOAD ./Core/Src/I2C_LCD.o
LOAD ./Core/Src/Timers.o
LOAD ./Core/Src/W25X40CL.o
LOAD ./Core/Src/main.o
LOAD ./Core/Src/stm32l1xx_hal_msp.o
LOAD ./Core/Src/stm32l1xx_it.o
LOAD ./Core/Src/syscalls.o
LOAD ./Core/Src/sysmem.o
LOAD ./Core/Src/system_stm32l1xx.o
LOAD ./Core/Startup/startup_stm32l151cbtx.o
LOAD ./Drivers/STM32L1xx_HAL_Driver/Src/stm32l1xx_hal.o
LOAD ./Drivers/STM32L1xx_HAL_Driver/Src/stm32l1xx_hal_adc.o
LOAD ./Drivers/STM32L1xx_HAL_Driver/Src/stm32l1xx_hal_adc_ex.o
LOAD ./Drivers/STM32L1xx_HAL_Driver/Src/stm32l1xx_hal_cortex.o
LOAD ./Drivers/STM32L1xx_HAL_Driver/Src/stm32l1xx_hal_dma.o
LOAD ./Drivers/STM32L1xx_HAL_Driver/Src/stm32l1xx_hal_exti.o
LOAD ./Drivers/STM32L1xx_HAL_Driver/Src/stm32l1xx_hal_flash.o
LOAD ./Drivers/STM32L1xx_HAL_Driver/Src/stm32l1xx_hal_flash_ex.o
LOAD ./Drivers/STM32L1xx_HAL_Driver/Src/stm32l1xx_hal_flash_ramfunc.o
LOAD ./Drivers/STM32L1xx_HAL_Driver/Src/stm32l1xx_hal_gpio.o
LOAD ./Drivers/STM32L1xx_HAL_Driver/Src/stm32l1xx_hal_i2c.o
LOAD ./Drivers/STM32L1xx_HAL_Driver/Src/stm32l1xx_hal_pcd.o
LOAD ./Drivers/STM32L1xx_HAL_Driver/Src/stm32l1xx_hal_pcd_ex.o
LOAD ./Drivers/STM32L1xx_HAL_Driver/Src/stm32l1xx_hal_pwr.o
LOAD ./Drivers/STM32L1xx_HAL_Driver/Src/stm32l1xx_hal_pwr_ex.o
LOAD ./Drivers/STM32L1xx_HAL_Driver/Src/stm32l1xx_hal_rcc.o
LOAD ./Drivers/STM32L1xx_HAL_Driver/Src/stm32l1xx_hal_rcc_ex.o
LOAD ./Drivers/STM32L1xx_HAL_Driver/Src/stm32l1xx_hal_spi.o
LOAD ./Drivers/STM32L1xx_HAL_Driver/Src/stm32l1xx_hal_tim.o
LOAD ./Drivers/STM32L1xx_HAL_Driver/Src/stm32l1xx_hal_tim_ex.o
LOAD ./Drivers/STM32L1xx_HAL_Driver/Src/stm32l1xx_ll_usb.o
LOAD ./FATFS/App/fatfs.o
LOAD ./FATFS/Target/user_diskio.o
LOAD ./FATFS/Target/user_diskio_spi.o
LOAD ./Middlewares/ST/STM32_USB_Device_Library/Class/CDC/Src/usbd_cdc.o
LOAD ./Middlewares/ST/STM32_USB_Device_Library/Core/Src/usbd_core.o
LOAD ./Middlewares/ST/STM32_USB_Device_Library/Core/Src/usbd_ctlreq.o
LOAD ./Middlewares/ST/STM32_USB_Device_Library/Core/Src/usbd_ioreq.o
LOAD ./Middlewares/Third_Party/FatFs/src/diskio.o
LOAD ./Middlewares/Third_Party/FatFs/src/ff.o
LOAD ./Middlewares/Third_Party/FatFs/src/ff_gen_drv.o
LOAD ./Middlewares/Third_Party/FatFs/src/option/ccsbcs.o
LOAD ./Middlewares/Third_Party/FatFs/src/option/syscall.o
LOAD ./USB_DEVICE/App/usb_device.o
LOAD ./USB_DEVICE/App/usbd_cdc_if.o
LOAD ./USB_DEVICE/App/usbd_desc.o
LOAD ./USB_DEVICE/Target/usbd_conf.o
START GROUP
LOAD C:/ST/STM32CubeIDE_1.13.2/STM32CubeIDE/plugins/com.st.stm32cube.ide.mcu.externaltools.gnu-tools-for-stm32.11.3.rel1.win32_1.1.1.202309131626/tools/bin/../lib/gcc/arm-none-eabi/11.3.1/../../../../arm-none-eabi/lib/thumb/v7-m/nofp\libc_nano.a
LOAD C:/ST/STM32CubeIDE_1.13.2/STM32CubeIDE/plugins/com.st.stm32cube.ide.mcu.externaltools.gnu-tools-for-stm32.11.3.rel1.win32_1.1.1.202309131626/tools/bin/../lib/gcc/arm-none-eabi/11.3.1/../../../../arm-none-eabi/lib/thumb/v7-m/nofp\libm.a
END GROUP
START GROUP
LOAD C:/ST/STM32CubeIDE_1.13.2/STM32CubeIDE/plugins/com.st.stm32cube.ide.mcu.externaltools.gnu-tools-for-stm32.11.3.rel1.win32_1.1.1.202309131626/tools/bin/../lib/gcc/arm-none-eabi/11.3.1/thumb/v7-m/nofp\libgcc.a
LOAD C:/ST/STM32CubeIDE_1.13.2/STM32CubeIDE/plugins/com.st.stm32cube.ide.mcu.externaltools.gnu-tools-for-stm32.11.3.rel1.win32_1.1.1.202309131626/tools/bin/../lib/gcc/arm-none-eabi/11.3.1/../../../../arm-none-eabi/lib/thumb/v7-m/nofp\libc_nano.a
END GROUP
START GROUP
LOAD C:/ST/STM32CubeIDE_1.13.2/STM32CubeIDE/plugins/com.st.stm32cube.ide.mcu.externaltools.gnu-tools-for-stm32.11.3.rel1.win32_1.1.1.202309131626/tools/bin/../lib/gcc/arm-none-eabi/11.3.1/thumb/v7-m/nofp\libgcc.a
LOAD C:/ST/STM32CubeIDE_1.13.2/STM32CubeIDE/plugins/com.st.stm32cube.ide.mcu.externaltools.gnu-tools-for-stm32.11.3.rel1.win32_1.1.1.202309131626/tools/bin/../lib/gcc/arm-none-eabi/11.3.1/../../../../arm-none-eabi/lib/thumb/v7-m/nofp\libc_nano.a
LOAD C:/ST/STM32CubeIDE_1.13.2/STM32CubeIDE/plugins/com.st.stm32cube.ide.mcu.externaltools.gnu-tools-for-stm32.11.3.rel1.win32_1.1.1.202309131626/tools/bin/../lib/gcc/arm-none-eabi/11.3.1/../../../../arm-none-eabi/lib/thumb/v7-m/nofp\libnosys.a
END GROUP
START GROUP
LOAD C:/ST/STM32CubeIDE_1.13.2/STM32CubeIDE/plugins/com.st.stm32cube.ide.mcu.externaltools.gnu-tools-for-stm32.11.3.rel1.win32_1.1.1.202309131626/tools/bin/../lib/gcc/arm-none-eabi/11.3.1/thumb/v7-m/nofp\libgcc.a
LOAD C:/ST/STM32CubeIDE_1.13.2/STM32CubeIDE/plugins/com.st.stm32cube.ide.mcu.externaltools.gnu-tools-for-stm32.11.3.rel1.win32_1.1.1.202309131626/tools/bin/../lib/gcc/arm-none-eabi/11.3.1/../../../../arm-none-eabi/lib/thumb/v7-m/nofp\libc_nano.a
LOAD C:/ST/STM32CubeIDE_1.13.2/STM32CubeIDE/plugins/com.st.stm32cube.ide.mcu.externaltools.gnu-tools-for-stm32.11.3.rel1.win32_1.1.1.202309131626/tools/bin/../lib/gcc/arm-none-eabi/11.3.1/../../../../arm-none-eabi/lib/thumb/v7-m/nofp\libnosys.a
END GROUP
LOAD C:/ST/STM32CubeIDE_1.13.2/STM32CubeIDE/plugins/com.st.stm32cube.ide.mcu.externaltools.gnu-tools-for-stm32.11.3.rel1.win32_1.1.1.202309131626/tools/bin/../lib/gcc/arm-none-eabi/11.3.1/thumb/v7-m/nofp/crtend.o
LOAD C:/ST/STM32CubeIDE_1.13.2/STM32CubeIDE/plugins/com.st.stm32cube.ide.mcu.externaltools.gnu-tools-for-stm32.11.3.rel1.win32_1.1.1.202309131626/tools/bin/../lib/gcc/arm-none-eabi/11.3.1/thumb/v7-m/nofp/crtn.o
                0x0000000020004000                _estack = (ORIGIN (RAM) + LENGTH (RAM))
                0x0000000000000200                _Min_Heap_Size = 0x200
                0x0000000000000400                _Min_Stack_Size = 0x400

.isr_vector     0x0000000008000000      0x13c
                0x0000000008000000                . = ALIGN (0x4)
 *(.isr_vector)
 .isr_vector    0x0000000008000000      0x13c ./Core/Startup/startup_stm32l151cbtx.o
                0x0000000008000000                g_pfnVectors
                0x000000000800013c                . = ALIGN (0x4)

.text           0x0000000008000140    0x123f0
                0x0000000008000140                . = ALIGN (0x4)
 *(.text)
 .text          0x0000000008000140       0x40 C:/ST/STM32CubeIDE_1.13.2/STM32CubeIDE/plugins/com.st.stm32cube.ide.mcu.externaltools.gnu-tools-for-stm32.11.3.rel1.win32_1.1.1.202309131626/tools/bin/../lib/gcc/arm-none-eabi/11.3.1/thumb/v7-m/nofp/crtbegin.o
 .text          0x0000000008000180       0x10 C:/ST/STM32CubeIDE_1.13.2/STM32CubeIDE/plugins/com.st.stm32cube.ide.mcu.externaltools.gnu-tools-for-stm32.11.3.rel1.win32_1.1.1.202309131626/tools/bin/../lib/gcc/arm-none-eabi/11.3.1/../../../../arm-none-eabi/lib/thumb/v7-m/nofp\libc_nano.a(libc_a-strlen.o)
                0x0000000008000180                strlen
 .text          0x0000000008000190      0x378 C:/ST/STM32CubeIDE_1.13.2/STM32CubeIDE/plugins/com.st.stm32cube.ide.mcu.externaltools.gnu-tools-for-stm32.11.3.rel1.win32_1.1.1.202309131626/tools/bin/../lib/gcc/arm-none-eabi/11.3.1/thumb/v7-m/nofp\libgcc.a(_arm_addsubdf3.o)
                0x0000000008000190                __aeabi_drsub
                0x0000000008000198                __aeabi_dsub
                0x0000000008000198                __subdf3
                0x000000000800019c                __aeabi_dadd
                0x000000000800019c                __adddf3
                0x0000000008000414                __floatunsidf
                0x0000000008000414                __aeabi_ui2d
                0x0000000008000434                __floatsidf
                0x0000000008000434                __aeabi_i2d
                0x0000000008000458                __aeabi_f2d
                0x0000000008000458                __extendsfdf2
                0x000000000800049c                __floatundidf
                0x000000000800049c                __aeabi_ul2d
                0x00000000080004ac                __floatdidf
                0x00000000080004ac                __aeabi_l2d
 .text          0x0000000008000508      0x424 C:/ST/STM32CubeIDE_1.13.2/STM32CubeIDE/plugins/com.st.stm32cube.ide.mcu.externaltools.gnu-tools-for-stm32.11.3.rel1.win32_1.1.1.202309131626/tools/bin/../lib/gcc/arm-none-eabi/11.3.1/thumb/v7-m/nofp\libgcc.a(_arm_muldivdf3.o)
                0x0000000008000508                __aeabi_dmul
                0x0000000008000508                __muldf3
                0x000000000800075c                __divdf3
                0x000000000800075c                __aeabi_ddiv
 .text          0x000000000800092c       0x50 C:/ST/STM32CubeIDE_1.13.2/STM32CubeIDE/plugins/com.st.stm32cube.ide.mcu.externaltools.gnu-tools-for-stm32.11.3.rel1.win32_1.1.1.202309131626/tools/bin/../lib/gcc/arm-none-eabi/11.3.1/thumb/v7-m/nofp\libgcc.a(_arm_fixdfsi.o)
                0x000000000800092c                __aeabi_d2iz
                0x000000000800092c                __fixdfsi
 .text          0x000000000800097c      0x21c C:/ST/STM32CubeIDE_1.13.2/STM32CubeIDE/plugins/com.st.stm32cube.ide.mcu.externaltools.gnu-tools-for-stm32.11.3.rel1.win32_1.1.1.202309131626/tools/bin/../lib/gcc/arm-none-eabi/11.3.1/thumb/v7-m/nofp\libgcc.a(_arm_addsubsf3.o)
                0x000000000800097c                __aeabi_frsub
                0x0000000008000984                __subsf3
                0x0000000008000984                __aeabi_fsub
                0x0000000008000988                __aeabi_fadd
                0x0000000008000988                __addsf3
                0x0000000008000ae8                __aeabi_ui2f
                0x0000000008000ae8                __floatunsisf
                0x0000000008000af0                __aeabi_i2f
                0x0000000008000af0                __floatsisf
                0x0000000008000b0c                __aeabi_ul2f
                0x0000000008000b0c                __floatundisf
                0x0000000008000b1c                __aeabi_l2f
                0x0000000008000b1c                __floatdisf
 .text          0x0000000008000b98      0x2a0 C:/ST/STM32CubeIDE_1.13.2/STM32CubeIDE/plugins/com.st.stm32cube.ide.mcu.externaltools.gnu-tools-for-stm32.11.3.rel1.win32_1.1.1.202309131626/tools/bin/../lib/gcc/arm-none-eabi/11.3.1/thumb/v7-m/nofp\libgcc.a(_arm_muldivsf3.o)
                0x0000000008000b98                __mulsf3
                0x0000000008000b98                __aeabi_fmul
                0x0000000008000d00                __aeabi_fdiv
                0x0000000008000d00                __divsf3
 .text          0x0000000008000e38       0x40 C:/ST/STM32CubeIDE_1.13.2/STM32CubeIDE/plugins/com.st.stm32cube.ide.mcu.externaltools.gnu-tools-for-stm32.11.3.rel1.win32_1.1.1.202309131626/tools/bin/../lib/gcc/arm-none-eabi/11.3.1/thumb/v7-m/nofp\libgcc.a(_arm_fixunssfsi.o)
                0x0000000008000e38                __fixunssfsi
                0x0000000008000e38                __aeabi_f2uiz
 .text          0x0000000008000e78       0x30 C:/ST/STM32CubeIDE_1.13.2/STM32CubeIDE/plugins/com.st.stm32cube.ide.mcu.externaltools.gnu-tools-for-stm32.11.3.rel1.win32_1.1.1.202309131626/tools/bin/../lib/gcc/arm-none-eabi/11.3.1/thumb/v7-m/nofp\libgcc.a(_aeabi_uldivmod.o)
                0x0000000008000e78                __aeabi_uldivmod
 .text          0x0000000008000ea8      0x2cc C:/ST/STM32CubeIDE_1.13.2/STM32CubeIDE/plugins/com.st.stm32cube.ide.mcu.externaltools.gnu-tools-for-stm32.11.3.rel1.win32_1.1.1.202309131626/tools/bin/../lib/gcc/arm-none-eabi/11.3.1/thumb/v7-m/nofp\libgcc.a(_udivmoddi4.o)
                0x0000000008000ea8                __udivmoddi4
 .text          0x0000000008001174        0x4 C:/ST/STM32CubeIDE_1.13.2/STM32CubeIDE/plugins/com.st.stm32cube.ide.mcu.externaltools.gnu-tools-for-stm32.11.3.rel1.win32_1.1.1.202309131626/tools/bin/../lib/gcc/arm-none-eabi/11.3.1/thumb/v7-m/nofp\libgcc.a(_dvmd_tls.o)
                0x0000000008001174                __aeabi_idiv0
                0x0000000008001174                __aeabi_ldiv0
 *(.text*)
 .text.initLCD  0x0000000008001178       0xbc ./Core/Src/I2C_LCD.o
                0x0000000008001178                initLCD
 .text.setCursor
                0x0000000008001234       0x74 ./Core/Src/I2C_LCD.o
                0x0000000008001234                setCursor
 .text.LCDPrint
                0x00000000080012a8       0x5a ./Core/Src/I2C_LCD.o
                0x00000000080012a8                LCDPrint
 *fill*         0x0000000008001302        0x2 
 .text.LCDPrintNumber
                0x0000000008001304       0x90 ./Core/Src/I2C_LCD.o
                0x0000000008001304                LCDPrintNumber
 .text.LCDPrintAtPos
                0x0000000008001394       0x40 ./Core/Src/I2C_LCD.o
                0x0000000008001394                LCDPrintAtPos
 .text.setDDRAMAddress
                0x00000000080013d4       0x2e ./Core/Src/I2C_LCD.o
                0x00000000080013d4                setDDRAMAddress
 .text.clearDisplay
                0x0000000008001402       0x2c ./Core/Src/I2C_LCD.o
                0x0000000008001402                clearDisplay
 .text.LCDCursorOffBlinkOn
                0x000000000800142e       0x2c ./Core/Src/I2C_LCD.o
                0x000000000800142e                LCDCursorOffBlinkOn
 .text.LCDCursorOffBlinkOff
                0x000000000800145a       0x2c ./Core/Src/I2C_LCD.o
                0x000000000800145a                LCDCursorOffBlinkOff
 .text.writeToRegister
                0x0000000008001486       0x84 ./Core/Src/I2C_LCD.o
                0x0000000008001486                writeToRegister
 .text.write4BitsToInstructionReg
                0x000000000800150a       0xae ./Core/Src/I2C_LCD.o
                0x000000000800150a                write4BitsToInstructionReg
 .text.write4BitsToDataReg
                0x00000000080015b8       0xae ./Core/Src/I2C_LCD.o
                0x00000000080015b8                write4BitsToDataReg
 *fill*         0x0000000008001666        0x2 
 .text.setTimerFrequencyPulseWidth
                0x0000000008001668      0x1a4 ./Core/Src/Timers.o
                0x0000000008001668                setTimerFrequencyPulseWidth
 .text.flashInit
                0x000000000800180c       0x2a ./Core/Src/W25X40CL.o
                0x000000000800180c                flashInit
 *fill*         0x0000000008001836        0x2 
 .text.setTimersAccordingly
                0x0000000008001838      0x2f4 ./Core/Src/main.o
                0x0000000008001838                setTimersAccordingly
 .text.turnOffAllCoils
                0x0000000008001b2c       0xbc ./Core/Src/main.o
                0x0000000008001b2c                turnOffAllCoils
 .text.main     0x0000000008001be8     0x12b0 ./Core/Src/main.o
                0x0000000008001be8                main
 .text.changeNumber
                0x0000000008002e98      0x488 ./Core/Src/main.o
                0x0000000008002e98                changeNumber
 .text.SystemClock_Config
                0x0000000008003320       0xa0 ./Core/Src/main.o
                0x0000000008003320                SystemClock_Config
 .text.MX_ADC_Init
                0x00000000080033c0       0xb4 ./Core/Src/main.o
 .text.MX_I2C2_Init
                0x0000000008003474       0x5c ./Core/Src/main.o
 .text.MX_SPI1_Init
                0x00000000080034d0       0x68 ./Core/Src/main.o
 .text.MX_SPI2_Init
                0x0000000008003538       0x68 ./Core/Src/main.o
 .text.MX_TIM2_Init
                0x00000000080035a0      0x110 ./Core/Src/main.o
 .text.MX_TIM3_Init
                0x00000000080036b0       0xe8 ./Core/Src/main.o
 .text.MX_TIM4_Init
                0x0000000008003798      0x110 ./Core/Src/main.o
 .text.MX_TIM6_Init
                0x00000000080038a8       0x68 ./Core/Src/main.o
 .text.MX_TIM7_Init
                0x0000000008003910       0x6c ./Core/Src/main.o
 .text.MX_TIM9_Init
                0x000000000800397c       0xe8 ./Core/Src/main.o
 .text.MX_TIM10_Init
                0x0000000008003a64       0xc0 ./Core/Src/main.o
 .text.MX_TIM11_Init
                0x0000000008003b24       0x84 ./Core/Src/main.o
 .text.MX_GPIO_Init
                0x0000000008003ba8      0x18c ./Core/Src/main.o
 .text.writeStatusLED
                0x0000000008003d34       0x8c ./Core/Src/main.o
                0x0000000008003d34                writeStatusLED
 .text.HAL_GPIO_EXTI_Callback
                0x0000000008003dc0       0x6c ./Core/Src/main.o
                0x0000000008003dc0                HAL_GPIO_EXTI_Callback
 .text.printToUSB
                0x0000000008003e2c       0x26 ./Core/Src/main.o
                0x0000000008003e2c                printToUSB
 *fill*         0x0000000008003e52        0x2 
 .text.USBDataReceived_IT
                0x0000000008003e54       0x7c ./Core/Src/main.o
                0x0000000008003e54                USBDataReceived_IT
 .text.HAL_TIM_PeriodElapsedCallback
                0x0000000008003ed0       0x4c ./Core/Src/main.o
                0x0000000008003ed0                HAL_TIM_PeriodElapsedCallback
 .text.Error_Handler
                0x0000000008003f1c        0xa ./Core/Src/main.o
                0x0000000008003f1c                Error_Handler
 *fill*         0x0000000008003f26        0x2 
 .text.HAL_MspInit
                0x0000000008003f28       0x5c ./Core/Src/stm32l1xx_hal_msp.o
                0x0000000008003f28                HAL_MspInit
 .text.HAL_ADC_MspInit
                0x0000000008003f84       0x80 ./Core/Src/stm32l1xx_hal_msp.o
                0x0000000008003f84                HAL_ADC_MspInit
 .text.HAL_I2C_MspInit
                0x0000000008004004       0x88 ./Core/Src/stm32l1xx_hal_msp.o
                0x0000000008004004                HAL_I2C_MspInit
 .text.HAL_SPI_MspInit
                0x000000000800408c       0xe8 ./Core/Src/stm32l1xx_hal_msp.o
                0x000000000800408c                HAL_SPI_MspInit
 .text.HAL_TIM_Base_MspInit
                0x0000000008004174      0x148 ./Core/Src/stm32l1xx_hal_msp.o
                0x0000000008004174                HAL_TIM_Base_MspInit
 .text.HAL_TIM_PWM_MspInit
                0x00000000080042bc       0x3c ./Core/Src/stm32l1xx_hal_msp.o
                0x00000000080042bc                HAL_TIM_PWM_MspInit
 .text.HAL_TIM_MspPostInit
                0x00000000080042f8      0x1dc ./Core/Src/stm32l1xx_hal_msp.o
                0x00000000080042f8                HAL_TIM_MspPostInit
 .text.NMI_Handler
                0x00000000080044d4        0x6 ./Core/Src/stm32l1xx_it.o
                0x00000000080044d4                NMI_Handler
 .text.HardFault_Handler
                0x00000000080044da        0x6 ./Core/Src/stm32l1xx_it.o
                0x00000000080044da                HardFault_Handler
 .text.MemManage_Handler
                0x00000000080044e0        0x6 ./Core/Src/stm32l1xx_it.o
                0x00000000080044e0                MemManage_Handler
 .text.BusFault_Handler
                0x00000000080044e6        0x6 ./Core/Src/stm32l1xx_it.o
                0x00000000080044e6                BusFault_Handler
 .text.UsageFault_Handler
                0x00000000080044ec        0x6 ./Core/Src/stm32l1xx_it.o
                0x00000000080044ec                UsageFault_Handler
 .text.SVC_Handler
                0x00000000080044f2        0xc ./Core/Src/stm32l1xx_it.o
                0x00000000080044f2                SVC_Handler
 .text.DebugMon_Handler
                0x00000000080044fe        0xc ./Core/Src/stm32l1xx_it.o
                0x00000000080044fe                DebugMon_Handler
 .text.PendSV_Handler
                0x000000000800450a        0xc ./Core/Src/stm32l1xx_it.o
                0x000000000800450a                PendSV_Handler
 .text.SysTick_Handler
                0x0000000008004516        0xc ./Core/Src/stm32l1xx_it.o
                0x0000000008004516                SysTick_Handler
 *fill*         0x0000000008004522        0x2 
 .text.USB_LP_IRQHandler
                0x0000000008004524       0x14 ./Core/Src/stm32l1xx_it.o
                0x0000000008004524                USB_LP_IRQHandler
 .text.EXTI9_5_IRQHandler
                0x0000000008004538       0x18 ./Core/Src/stm32l1xx_it.o
                0x0000000008004538                EXTI9_5_IRQHandler
 .text.TIM6_IRQHandler
                0x0000000008004550       0x14 ./Core/Src/stm32l1xx_it.o
                0x0000000008004550                TIM6_IRQHandler
 .text.TIM7_IRQHandler
                0x0000000008004564       0x14 ./Core/Src/stm32l1xx_it.o
                0x0000000008004564                TIM7_IRQHandler
 .text._sbrk    0x0000000008004578       0x6c ./Core/Src/sysmem.o
                0x0000000008004578                _sbrk
 .text.SystemInit
                0x00000000080045e4        0xc ./Core/Src/system_stm32l1xx.o
                0x00000000080045e4                SystemInit
 .text.Reset_Handler
                0x00000000080045f0       0x48 ./Core/Startup/startup_stm32l151cbtx.o
                0x00000000080045f0                Reset_Handler
 .text.Default_Handler
                0x0000000008004638        0x2 ./Core/Startup/startup_stm32l151cbtx.o
                0x0000000008004638                RTC_Alarm_IRQHandler
                0x0000000008004638                EXTI2_IRQHandler
                0x0000000008004638                TIM10_IRQHandler
                0x0000000008004638                USB_HP_IRQHandler
                0x0000000008004638                PVD_IRQHandler
                0x0000000008004638                EXTI3_IRQHandler
                0x0000000008004638                EXTI0_IRQHandler
                0x0000000008004638                I2C2_EV_IRQHandler
                0x0000000008004638                SPI1_IRQHandler
                0x0000000008004638                USB_FS_WKUP_IRQHandler
                0x0000000008004638                DMA1_Channel4_IRQHandler
                0x0000000008004638                ADC1_IRQHandler
                0x0000000008004638                USART3_IRQHandler
                0x0000000008004638                DMA1_Channel7_IRQHandler
                0x0000000008004638                TIM4_IRQHandler
                0x0000000008004638                I2C1_EV_IRQHandler
                0x0000000008004638                DMA1_Channel6_IRQHandler
                0x0000000008004638                TIM3_IRQHandler
                0x0000000008004638                RCC_IRQHandler
                0x0000000008004638                DMA1_Channel1_IRQHandler
                0x0000000008004638                Default_Handler
                0x0000000008004638                EXTI15_10_IRQHandler
                0x0000000008004638                TIM9_IRQHandler
                0x0000000008004638                TAMPER_STAMP_IRQHandler
                0x0000000008004638                RTC_WKUP_IRQHandler
                0x0000000008004638                SPI2_IRQHandler
                0x0000000008004638                DMA1_Channel5_IRQHandler
                0x0000000008004638                EXTI4_IRQHandler
                0x0000000008004638                DMA1_Channel3_IRQHandler
                0x0000000008004638                COMP_IRQHandler
                0x0000000008004638                WWDG_IRQHandler
                0x0000000008004638                TIM2_IRQHandler
                0x0000000008004638                DAC_IRQHandler
                0x0000000008004638                EXTI1_IRQHandler
                0x0000000008004638                TIM11_IRQHandler
                0x0000000008004638                USART2_IRQHandler
                0x0000000008004638                I2C2_ER_IRQHandler
                0x0000000008004638                DMA1_Channel2_IRQHandler
                0x0000000008004638                FLASH_IRQHandler
                0x0000000008004638                USART1_IRQHandler
                0x0000000008004638                I2C1_ER_IRQHandler
 .text.HAL_Init
                0x000000000800463a       0x30 ./Drivers/STM32L1xx_HAL_Driver/Src/stm32l1xx_hal.o
                0x000000000800463a                HAL_Init
 *fill*         0x000000000800466a        0x2 
 .text.HAL_InitTick
                0x000000000800466c       0x74 ./Drivers/STM32L1xx_HAL_Driver/Src/stm32l1xx_hal.o
                0x000000000800466c                HAL_InitTick
 .text.HAL_IncTick
                0x00000000080046e0       0x24 ./Drivers/STM32L1xx_HAL_Driver/Src/stm32l1xx_hal.o
                0x00000000080046e0                HAL_IncTick
 .text.HAL_GetTick
                0x0000000008004704       0x14 ./Drivers/STM32L1xx_HAL_Driver/Src/stm32l1xx_hal.o
                0x0000000008004704                HAL_GetTick
 .text.HAL_Delay
                0x0000000008004718       0x44 ./Drivers/STM32L1xx_HAL_Driver/Src/stm32l1xx_hal.o
                0x0000000008004718                HAL_Delay
 .text.HAL_ADC_Init
                0x000000000800475c      0x28c ./Drivers/STM32L1xx_HAL_Driver/Src/stm32l1xx_hal_adc.o
                0x000000000800475c                HAL_ADC_Init
 .text.HAL_ADC_Start
                0x00000000080049e8       0xc0 ./Drivers/STM32L1xx_HAL_Driver/Src/stm32l1xx_hal_adc.o
                0x00000000080049e8                HAL_ADC_Start
 .text.HAL_ADC_Start_IT
                0x0000000008004aa8       0xd4 ./Drivers/STM32L1xx_HAL_Driver/Src/stm32l1xx_hal_adc.o
                0x0000000008004aa8                HAL_ADC_Start_IT
 .text.HAL_ADC_GetValue
                0x0000000008004b7c       0x18 ./Drivers/STM32L1xx_HAL_Driver/Src/stm32l1xx_hal_adc.o
                0x0000000008004b7c                HAL_ADC_GetValue
 .text.HAL_ADC_ConfigChannel
                0x0000000008004b94      0x2a0 ./Drivers/STM32L1xx_HAL_Driver/Src/stm32l1xx_hal_adc.o
                0x0000000008004b94                HAL_ADC_ConfigChannel
 .text.ADC_Enable
                0x0000000008004e34       0xb8 ./Drivers/STM32L1xx_HAL_Driver/Src/stm32l1xx_hal_adc.o
                0x0000000008004e34                ADC_Enable
 .text.__NVIC_SetPriorityGrouping
                0x0000000008004eec       0x48 ./Drivers/STM32L1xx_HAL_Driver/Src/stm32l1xx_hal_cortex.o
 .text.__NVIC_GetPriorityGrouping
                0x0000000008004f34       0x1c ./Drivers/STM32L1xx_HAL_Driver/Src/stm32l1xx_hal_cortex.o
 .text.__NVIC_EnableIRQ
                0x0000000008004f50       0x38 ./Drivers/STM32L1xx_HAL_Driver/Src/stm32l1xx_hal_cortex.o
 .text.__NVIC_SetPriority
                0x0000000008004f88       0x54 ./Drivers/STM32L1xx_HAL_Driver/Src/stm32l1xx_hal_cortex.o
 .text.NVIC_EncodePriority
                0x0000000008004fdc       0x64 ./Drivers/STM32L1xx_HAL_Driver/Src/stm32l1xx_hal_cortex.o
 .text.SysTick_Config
                0x0000000008005040       0x44 ./Drivers/STM32L1xx_HAL_Driver/Src/stm32l1xx_hal_cortex.o
 .text.HAL_NVIC_SetPriorityGrouping
                0x0000000008005084       0x16 ./Drivers/STM32L1xx_HAL_Driver/Src/stm32l1xx_hal_cortex.o
                0x0000000008005084                HAL_NVIC_SetPriorityGrouping
 .text.HAL_NVIC_SetPriority
                0x000000000800509a       0x38 ./Drivers/STM32L1xx_HAL_Driver/Src/stm32l1xx_hal_cortex.o
                0x000000000800509a                HAL_NVIC_SetPriority
 .text.HAL_NVIC_EnableIRQ
                0x00000000080050d2       0x1c ./Drivers/STM32L1xx_HAL_Driver/Src/stm32l1xx_hal_cortex.o
                0x00000000080050d2                HAL_NVIC_EnableIRQ
 .text.HAL_SYSTICK_Config
                0x00000000080050ee       0x18 ./Drivers/STM32L1xx_HAL_Driver/Src/stm32l1xx_hal_cortex.o
                0x00000000080050ee                HAL_SYSTICK_Config
 *fill*         0x0000000008005106        0x2 
 .text.HAL_GPIO_Init
                0x0000000008005108      0x300 ./Drivers/STM32L1xx_HAL_Driver/Src/stm32l1xx_hal_gpio.o
                0x0000000008005108                HAL_GPIO_Init
 .text.HAL_GPIO_ReadPin
                0x0000000008005408       0x2e ./Drivers/STM32L1xx_HAL_Driver/Src/stm32l1xx_hal_gpio.o
                0x0000000008005408                HAL_GPIO_ReadPin
 .text.HAL_GPIO_WritePin
                0x0000000008005436       0x30 ./Drivers/STM32L1xx_HAL_Driver/Src/stm32l1xx_hal_gpio.o
                0x0000000008005436                HAL_GPIO_WritePin
 .text.HAL_GPIO_TogglePin
                0x0000000008005466       0x32 ./Drivers/STM32L1xx_HAL_Driver/Src/stm32l1xx_hal_gpio.o
                0x0000000008005466                HAL_GPIO_TogglePin
 .text.HAL_GPIO_EXTI_IRQHandler
                0x0000000008005498       0x30 ./Drivers/STM32L1xx_HAL_Driver/Src/stm32l1xx_hal_gpio.o
                0x0000000008005498                HAL_GPIO_EXTI_IRQHandler
 .text.HAL_I2C_Init
                0x00000000080054c8      0x288 ./Drivers/STM32L1xx_HAL_Driver/Src/stm32l1xx_hal_i2c.o
                0x00000000080054c8                HAL_I2C_Init
 .text.HAL_I2C_Master_Transmit
                0x0000000008005750      0x1fc ./Drivers/STM32L1xx_HAL_Driver/Src/stm32l1xx_hal_i2c.o
                0x0000000008005750                HAL_I2C_Master_Transmit
 .text.I2C_MasterRequestWrite
                0x000000000800594c      0x104 ./Drivers/STM32L1xx_HAL_Driver/Src/stm32l1xx_hal_i2c.o
 .text.I2C_WaitOnFlagUntilTimeout
                0x0000000008005a50       0xae ./Drivers/STM32L1xx_HAL_Driver/Src/stm32l1xx_hal_i2c.o
 .text.I2C_WaitOnMasterAddressFlagUntilTimeout
                0x0000000008005afe       0xfe ./Drivers/STM32L1xx_HAL_Driver/Src/stm32l1xx_hal_i2c.o
 .text.I2C_WaitOnTXEFlagUntilTimeout
                0x0000000008005bfc       0x82 ./Drivers/STM32L1xx_HAL_Driver/Src/stm32l1xx_hal_i2c.o
 .text.I2C_WaitOnBTFFlagUntilTimeout
                0x0000000008005c7e       0x82 ./Drivers/STM32L1xx_HAL_Driver/Src/stm32l1xx_hal_i2c.o
 .text.I2C_IsAcknowledgeFailed
                0x0000000008005d00       0x5c ./Drivers/STM32L1xx_HAL_Driver/Src/stm32l1xx_hal_i2c.o
 .text.HAL_PCD_Init
                0x0000000008005d5c      0x1bc ./Drivers/STM32L1xx_HAL_Driver/Src/stm32l1xx_hal_pcd.o
                0x0000000008005d5c                HAL_PCD_Init
 .text.HAL_PCD_Start
                0x0000000008005f18       0x4c ./Drivers/STM32L1xx_HAL_Driver/Src/stm32l1xx_hal_pcd.o
                0x0000000008005f18                HAL_PCD_Start
 .text.HAL_PCD_IRQHandler
                0x0000000008005f64      0x1ee ./Drivers/STM32L1xx_HAL_Driver/Src/stm32l1xx_hal_pcd.o
                0x0000000008005f64                HAL_PCD_IRQHandler
 .text.HAL_PCD_SetAddress
                0x0000000008006152       0x4a ./Drivers/STM32L1xx_HAL_Driver/Src/stm32l1xx_hal_pcd.o
                0x0000000008006152                HAL_PCD_SetAddress
 .text.HAL_PCD_EP_Open
                0x000000000800619c       0xcc ./Drivers/STM32L1xx_HAL_Driver/Src/stm32l1xx_hal_pcd.o
                0x000000000800619c                HAL_PCD_EP_Open
 .text.HAL_PCD_EP_Close
                0x0000000008006268       0x90 ./Drivers/STM32L1xx_HAL_Driver/Src/stm32l1xx_hal_pcd.o
                0x0000000008006268                HAL_PCD_EP_Close
 .text.HAL_PCD_EP_Receive
                0x00000000080062f8       0x7a ./Drivers/STM32L1xx_HAL_Driver/Src/stm32l1xx_hal_pcd.o
                0x00000000080062f8                HAL_PCD_EP_Receive
 .text.HAL_PCD_EP_GetRxCount
                0x0000000008006372       0x2e ./Drivers/STM32L1xx_HAL_Driver/Src/stm32l1xx_hal_pcd.o
                0x0000000008006372                HAL_PCD_EP_GetRxCount
 .text.HAL_PCD_EP_Transmit
                0x00000000080063a0       0x86 ./Drivers/STM32L1xx_HAL_Driver/Src/stm32l1xx_hal_pcd.o
                0x00000000080063a0                HAL_PCD_EP_Transmit
 .text.HAL_PCD_EP_SetStall
                0x0000000008006426       0xa4 ./Drivers/STM32L1xx_HAL_Driver/Src/stm32l1xx_hal_pcd.o
                0x0000000008006426                HAL_PCD_EP_SetStall
 .text.HAL_PCD_EP_ClrStall
                0x00000000080064ca       0xa8 ./Drivers/STM32L1xx_HAL_Driver/Src/stm32l1xx_hal_pcd.o
                0x00000000080064ca                HAL_PCD_EP_ClrStall
 .text.PCD_EP_ISR_Handler
                0x0000000008006572      0x600 ./Drivers/STM32L1xx_HAL_Driver/Src/stm32l1xx_hal_pcd.o
 .text.HAL_PCD_EP_DB_Receive
                0x0000000008006b72      0x21a ./Drivers/STM32L1xx_HAL_Driver/Src/stm32l1xx_hal_pcd.o
 .text.HAL_PCD_EP_DB_Transmit
                0x0000000008006d8c      0x7a4 ./Drivers/STM32L1xx_HAL_Driver/Src/stm32l1xx_hal_pcd.o
 .text.HAL_PCDEx_PMAConfig
                0x0000000008007530       0x84 ./Drivers/STM32L1xx_HAL_Driver/Src/stm32l1xx_hal_pcd_ex.o
                0x0000000008007530                HAL_PCDEx_PMAConfig
 .text.HAL_RCC_OscConfig
                0x00000000080075b4      0x660 ./Drivers/STM32L1xx_HAL_Driver/Src/stm32l1xx_hal_rcc.o
                0x00000000080075b4                HAL_RCC_OscConfig
 .text.HAL_RCC_ClockConfig
                0x0000000008007c14      0x268 ./Drivers/STM32L1xx_HAL_Driver/Src/stm32l1xx_hal_rcc.o
                0x0000000008007c14                HAL_RCC_ClockConfig
 .text.HAL_RCC_GetSysClockFreq
                0x0000000008007e7c      0x17c ./Drivers/STM32L1xx_HAL_Driver/Src/stm32l1xx_hal_rcc.o
                0x0000000008007e7c                HAL_RCC_GetSysClockFreq
 .text.HAL_RCC_GetHCLKFreq
                0x0000000008007ff8       0x14 ./Drivers/STM32L1xx_HAL_Driver/Src/stm32l1xx_hal_rcc.o
                0x0000000008007ff8                HAL_RCC_GetHCLKFreq
 .text.HAL_RCC_GetPCLK1Freq
                0x000000000800800c       0x28 ./Drivers/STM32L1xx_HAL_Driver/Src/stm32l1xx_hal_rcc.o
                0x000000000800800c                HAL_RCC_GetPCLK1Freq
 .text.RCC_SetFlashLatencyFromMSIRange
                0x0000000008008034       0xc0 ./Drivers/STM32L1xx_HAL_Driver/Src/stm32l1xx_hal_rcc.o
 .text.HAL_SPI_Init
                0x00000000080080f4       0xf8 ./Drivers/STM32L1xx_HAL_Driver/Src/stm32l1xx_hal_spi.o
                0x00000000080080f4                HAL_SPI_Init
 .text.HAL_SPI_TransmitReceive
                0x00000000080081ec      0x344 ./Drivers/STM32L1xx_HAL_Driver/Src/stm32l1xx_hal_spi.o
                0x00000000080081ec                HAL_SPI_TransmitReceive
 .text.SPI_WaitFlagStateUntilTimeout
                0x0000000008008530      0x110 ./Drivers/STM32L1xx_HAL_Driver/Src/stm32l1xx_hal_spi.o
 .text.SPI_EndRxTxTransaction
                0x0000000008008640       0x84 ./Drivers/STM32L1xx_HAL_Driver/Src/stm32l1xx_hal_spi.o
 .text.HAL_TIM_Base_Init
                0x00000000080086c4       0x7e ./Drivers/STM32L1xx_HAL_Driver/Src/stm32l1xx_hal_tim.o
                0x00000000080086c4                HAL_TIM_Base_Init
 *fill*         0x0000000008008742        0x2 
 .text.HAL_TIM_Base_Start_IT
                0x0000000008008744       0xa4 ./Drivers/STM32L1xx_HAL_Driver/Src/stm32l1xx_hal_tim.o
                0x0000000008008744                HAL_TIM_Base_Start_IT
 .text.HAL_TIM_OC_Init
                0x00000000080087e8       0x7e ./Drivers/STM32L1xx_HAL_Driver/Src/stm32l1xx_hal_tim.o
                0x00000000080087e8                HAL_TIM_OC_Init
 .text.HAL_TIM_OC_MspInit
                0x0000000008008866       0x12 ./Drivers/STM32L1xx_HAL_Driver/Src/stm32l1xx_hal_tim.o
                0x0000000008008866                HAL_TIM_OC_MspInit
 .text.HAL_TIM_PWM_Init
                0x0000000008008878       0x7e ./Drivers/STM32L1xx_HAL_Driver/Src/stm32l1xx_hal_tim.o
                0x0000000008008878                HAL_TIM_PWM_Init
 *fill*         0x00000000080088f6        0x2 
 .text.HAL_TIM_PWM_Start
                0x00000000080088f8      0x12c ./Drivers/STM32L1xx_HAL_Driver/Src/stm32l1xx_hal_tim.o
                0x00000000080088f8                HAL_TIM_PWM_Start
 .text.HAL_TIM_IRQHandler
                0x0000000008008a24      0x1b8 ./Drivers/STM32L1xx_HAL_Driver/Src/stm32l1xx_hal_tim.o
                0x0000000008008a24                HAL_TIM_IRQHandler
 .text.HAL_TIM_OC_ConfigChannel
                0x0000000008008bdc       0xb0 ./Drivers/STM32L1xx_HAL_Driver/Src/stm32l1xx_hal_tim.o
                0x0000000008008bdc                HAL_TIM_OC_ConfigChannel
 .text.HAL_TIM_PWM_ConfigChannel
                0x0000000008008c8c      0x17c ./Drivers/STM32L1xx_HAL_Driver/Src/stm32l1xx_hal_tim.o
                0x0000000008008c8c                HAL_TIM_PWM_ConfigChannel
 .text.HAL_TIM_ConfigClockSource
                0x0000000008008e08      0x188 ./Drivers/STM32L1xx_HAL_Driver/Src/stm32l1xx_hal_tim.o
                0x0000000008008e08                HAL_TIM_ConfigClockSource
 .text.HAL_TIM_OC_DelayElapsedCallback
                0x0000000008008f90       0x12 ./Drivers/STM32L1xx_HAL_Driver/Src/stm32l1xx_hal_tim.o
                0x0000000008008f90                HAL_TIM_OC_DelayElapsedCallback
 .text.HAL_TIM_IC_CaptureCallback
                0x0000000008008fa2       0x12 ./Drivers/STM32L1xx_HAL_Driver/Src/stm32l1xx_hal_tim.o
                0x0000000008008fa2                HAL_TIM_IC_CaptureCallback
 .text.HAL_TIM_PWM_PulseFinishedCallback
                0x0000000008008fb4       0x12 ./Drivers/STM32L1xx_HAL_Driver/Src/stm32l1xx_hal_tim.o
                0x0000000008008fb4                HAL_TIM_PWM_PulseFinishedCallback
 .text.HAL_TIM_TriggerCallback
                0x0000000008008fc6       0x12 ./Drivers/STM32L1xx_HAL_Driver/Src/stm32l1xx_hal_tim.o
                0x0000000008008fc6                HAL_TIM_TriggerCallback
 .text.TIM_Base_SetConfig
                0x0000000008008fd8       0xc4 ./Drivers/STM32L1xx_HAL_Driver/Src/stm32l1xx_hal_tim.o
 .text.TIM_OC1_SetConfig
                0x000000000800909c       0x78 ./Drivers/STM32L1xx_HAL_Driver/Src/stm32l1xx_hal_tim.o
 .text.TIM_OC2_SetConfig
                0x0000000008009114       0x7c ./Drivers/STM32L1xx_HAL_Driver/Src/stm32l1xx_hal_tim.o
 .text.TIM_OC3_SetConfig
                0x0000000008009190       0x7a ./Drivers/STM32L1xx_HAL_Driver/Src/stm32l1xx_hal_tim.o
 .text.TIM_OC4_SetConfig
                0x000000000800920a       0x7c ./Drivers/STM32L1xx_HAL_Driver/Src/stm32l1xx_hal_tim.o
 .text.TIM_TI1_ConfigInputStage
                0x0000000008009286       0x5c ./Drivers/STM32L1xx_HAL_Driver/Src/stm32l1xx_hal_tim.o
 .text.TIM_TI2_ConfigInputStage
                0x00000000080092e2       0x5e ./Drivers/STM32L1xx_HAL_Driver/Src/stm32l1xx_hal_tim.o
 .text.TIM_ITRx_SetConfig
                0x0000000008009340       0x34 ./Drivers/STM32L1xx_HAL_Driver/Src/stm32l1xx_hal_tim.o
 .text.TIM_ETR_SetConfig
                0x0000000008009374       0x3e ./Drivers/STM32L1xx_HAL_Driver/Src/stm32l1xx_hal_tim.o
 .text.TIM_CCxChannelCmd
                0x00000000080093b2       0x48 ./Drivers/STM32L1xx_HAL_Driver/Src/stm32l1xx_hal_tim.o
 *fill*         0x00000000080093fa        0x2 
 .text.HAL_TIMEx_MasterConfigSynchronization
                0x00000000080093fc       0xbc ./Drivers/STM32L1xx_HAL_Driver/Src/stm32l1xx_hal_tim_ex.o
                0x00000000080093fc                HAL_TIMEx_MasterConfigSynchronization
 .text.USB_EnableGlobalInt
                0x00000000080094b8       0x2c ./Drivers/STM32L1xx_HAL_Driver/Src/stm32l1xx_ll_usb.o
                0x00000000080094b8                USB_EnableGlobalInt
 .text.USB_DisableGlobalInt
                0x00000000080094e4       0x34 ./Drivers/STM32L1xx_HAL_Driver/Src/stm32l1xx_ll_usb.o
                0x00000000080094e4                USB_DisableGlobalInt
 .text.USB_DevInit
                0x0000000008009518       0x40 ./Drivers/STM32L1xx_HAL_Driver/Src/stm32l1xx_ll_usb.o
                0x0000000008009518                USB_DevInit
 .text.USB_ActivateEndpoint
                0x0000000008009558      0x6d4 ./Drivers/STM32L1xx_HAL_Driver/Src/stm32l1xx_ll_usb.o
                0x0000000008009558                USB_ActivateEndpoint
 .text.USB_DeactivateEndpoint
                0x0000000008009c2c      0x3d8 ./Drivers/STM32L1xx_HAL_Driver/Src/stm32l1xx_ll_usb.o
                0x0000000008009c2c                USB_DeactivateEndpoint
 .text.USB_EPStartXfer
                0x000000000800a004     0x1c70 ./Drivers/STM32L1xx_HAL_Driver/Src/stm32l1xx_ll_usb.o
                0x000000000800a004                USB_EPStartXfer
 .text.USB_EPSetStall
                0x000000000800bc74       0xa0 ./Drivers/STM32L1xx_HAL_Driver/Src/stm32l1xx_ll_usb.o
                0x000000000800bc74                USB_EPSetStall
 .text.USB_EPClearStall
                0x000000000800bd14      0x15a ./Drivers/STM32L1xx_HAL_Driver/Src/stm32l1xx_ll_usb.o
                0x000000000800bd14                USB_EPClearStall
 .text.USB_SetDevAddress
                0x000000000800be6e       0x26 ./Drivers/STM32L1xx_HAL_Driver/Src/stm32l1xx_ll_usb.o
                0x000000000800be6e                USB_SetDevAddress
 .text.USB_DevConnect
                0x000000000800be94       0x14 ./Drivers/STM32L1xx_HAL_Driver/Src/stm32l1xx_ll_usb.o
                0x000000000800be94                USB_DevConnect
 .text.USB_ReadInterrupts
                0x000000000800bea8       0x1e ./Drivers/STM32L1xx_HAL_Driver/Src/stm32l1xx_ll_usb.o
                0x000000000800bea8                USB_ReadInterrupts
 .text.USB_WritePMA
                0x000000000800bec6       0x8a ./Drivers/STM32L1xx_HAL_Driver/Src/stm32l1xx_ll_usb.o
                0x000000000800bec6                USB_WritePMA
 .text.USB_ReadPMA
                0x000000000800bf50       0x9e ./Drivers/STM32L1xx_HAL_Driver/Src/stm32l1xx_ll_usb.o
                0x000000000800bf50                USB_ReadPMA
 *fill*         0x000000000800bfee        0x2 
 .text.MX_FATFS_Init
                0x000000000800bff0       0x24 ./FATFS/App/fatfs.o
                0x000000000800bff0                MX_FATFS_Init
 .text.get_fattime
                0x000000000800c014        0xe ./FATFS/App/fatfs.o
                0x000000000800c014                get_fattime
 .text.USER_initialize
                0x000000000800c022       0x1c ./FATFS/Target/user_diskio.o
                0x000000000800c022                USER_initialize
 .text.USER_status
                0x000000000800c03e       0x1c ./FATFS/Target/user_diskio.o
                0x000000000800c03e                USER_status
 .text.USER_read
                0x000000000800c05a       0x26 ./FATFS/Target/user_diskio.o
                0x000000000800c05a                USER_read
 .text.USER_write
                0x000000000800c080       0x26 ./FATFS/Target/user_diskio.o
                0x000000000800c080                USER_write
 .text.USER_ioctl
                0x000000000800c0a6       0x26 ./FATFS/Target/user_diskio.o
                0x000000000800c0a6                USER_ioctl
 .text.SPI_Timer_On
                0x000000000800c0cc       0x28 ./FATFS/Target/user_diskio_spi.o
                0x000000000800c0cc                SPI_Timer_On
 .text.SPI_Timer_Status
                0x000000000800c0f4       0x2c ./FATFS/Target/user_diskio_spi.o
                0x000000000800c0f4                SPI_Timer_Status
 .text.xchg_spi
                0x000000000800c120       0x2c ./FATFS/Target/user_diskio_spi.o
 .text.rcvr_spi_multi
                0x000000000800c14c       0x38 ./FATFS/Target/user_diskio_spi.o
 .text.xmit_spi_multi
                0x000000000800c184       0x36 ./FATFS/Target/user_diskio_spi.o
 .text.wait_ready
                0x000000000800c1ba       0x46 ./FATFS/Target/user_diskio_spi.o
 .text.despiselect
                0x000000000800c200       0x20 ./FATFS/Target/user_diskio_spi.o
 .text.spiselect
                0x000000000800c220       0x38 ./FATFS/Target/user_diskio_spi.o
 .text.rcvr_datablock
                0x000000000800c258       0x52 ./FATFS/Target/user_diskio_spi.o
 .text.xmit_datablock
                0x000000000800c2aa       0x64 ./FATFS/Target/user_diskio_spi.o
 .text.send_cmd
                0x000000000800c30e       0xde ./FATFS/Target/user_diskio_spi.o
 .text.USER_SPI_initialize
                0x000000000800c3ec      0x1d8 ./FATFS/Target/user_diskio_spi.o
                0x000000000800c3ec                USER_SPI_initialize
 .text.USER_SPI_status
                0x000000000800c5c4       0x28 ./FATFS/Target/user_diskio_spi.o
                0x000000000800c5c4                USER_SPI_status
 .text.USER_SPI_read
                0x000000000800c5ec       0xcc ./FATFS/Target/user_diskio_spi.o
                0x000000000800c5ec                USER_SPI_read
 .text.USER_SPI_write
                0x000000000800c6b8       0xf8 ./FATFS/Target/user_diskio_spi.o
                0x000000000800c6b8                USER_SPI_write
 .text.USER_SPI_ioctl
                0x000000000800c7b0      0x2e0 ./FATFS/Target/user_diskio_spi.o
                0x000000000800c7b0                USER_SPI_ioctl
 .text.USBD_CDC_Init
                0x000000000800ca90       0xf4 ./Middlewares/ST/STM32_USB_Device_Library/Class/CDC/Src/usbd_cdc.o
 .text.USBD_CDC_DeInit
                0x000000000800cb84       0x6e ./Middlewares/ST/STM32_USB_Device_Library/Class/CDC/Src/usbd_cdc.o
 .text.USBD_CDC_Setup
                0x000000000800cbf2      0x146 ./Middlewares/ST/STM32_USB_Device_Library/Class/CDC/Src/usbd_cdc.o
 .text.USBD_CDC_DataIn
                0x000000000800cd38       0xa6 ./Middlewares/ST/STM32_USB_Device_Library/Class/CDC/Src/usbd_cdc.o
 .text.USBD_CDC_DataOut
                0x000000000800cdde       0x56 ./Middlewares/ST/STM32_USB_Device_Library/Class/CDC/Src/usbd_cdc.o
 .text.USBD_CDC_EP0_RxReady
                0x000000000800ce34       0x50 ./Middlewares/ST/STM32_USB_Device_Library/Class/CDC/Src/usbd_cdc.o
 .text.USBD_CDC_GetFSCfgDesc
                0x000000000800ce84       0x20 ./Middlewares/ST/STM32_USB_Device_Library/Class/CDC/Src/usbd_cdc.o
 .text.USBD_CDC_GetHSCfgDesc
                0x000000000800cea4       0x20 ./Middlewares/ST/STM32_USB_Device_Library/Class/CDC/Src/usbd_cdc.o
 .text.USBD_CDC_GetOtherSpeedCfgDesc
                0x000000000800cec4       0x20 ./Middlewares/ST/STM32_USB_Device_Library/Class/CDC/Src/usbd_cdc.o
 .text.USBD_CDC_GetDeviceQualifierDescriptor
                0x000000000800cee4       0x20 ./Middlewares/ST/STM32_USB_Device_Library/Class/CDC/Src/usbd_cdc.o
                0x000000000800cee4                USBD_CDC_GetDeviceQualifierDescriptor
 .text.USBD_CDC_RegisterInterface
                0x000000000800cf04       0x2c ./Middlewares/ST/STM32_USB_Device_Library/Class/CDC/Src/usbd_cdc.o
                0x000000000800cf04                USBD_CDC_RegisterInterface
 .text.USBD_CDC_SetTxBuffer
                0x000000000800cf30       0x32 ./Middlewares/ST/STM32_USB_Device_Library/Class/CDC/Src/usbd_cdc.o
                0x000000000800cf30                USBD_CDC_SetTxBuffer
 .text.USBD_CDC_SetRxBuffer
                0x000000000800cf62       0x26 ./Middlewares/ST/STM32_USB_Device_Library/Class/CDC/Src/usbd_cdc.o
                0x000000000800cf62                USBD_CDC_SetRxBuffer
 .text.USBD_CDC_TransmitPacket
                0x000000000800cf88       0x5e ./Middlewares/ST/STM32_USB_Device_Library/Class/CDC/Src/usbd_cdc.o
                0x000000000800cf88                USBD_CDC_TransmitPacket
 .text.USBD_CDC_ReceivePacket
                0x000000000800cfe6       0x54 ./Middlewares/ST/STM32_USB_Device_Library/Class/CDC/Src/usbd_cdc.o
                0x000000000800cfe6                USBD_CDC_ReceivePacket
 .text.USBD_Init
                0x000000000800d03a       0x56 ./Middlewares/ST/STM32_USB_Device_Library/Core/Src/usbd_core.o
                0x000000000800d03a                USBD_Init
 .text.USBD_RegisterClass
                0x000000000800d090       0x32 ./Middlewares/ST/STM32_USB_Device_Library/Core/Src/usbd_core.o
                0x000000000800d090                USBD_RegisterClass
 .text.USBD_Start
                0x000000000800d0c2       0x18 ./Middlewares/ST/STM32_USB_Device_Library/Core/Src/usbd_core.o
                0x000000000800d0c2                USBD_Start
 .text.USBD_RunTestMode
                0x000000000800d0da       0x14 ./Middlewares/ST/STM32_USB_Device_Library/Core/Src/usbd_core.o
                0x000000000800d0da                USBD_RunTestMode
 .text.USBD_SetClassConfig
                0x000000000800d0ee       0x3e ./Middlewares/ST/STM32_USB_Device_Library/Core/Src/usbd_core.o
                0x000000000800d0ee                USBD_SetClassConfig
 .text.USBD_ClrClassConfig
                0x000000000800d12c       0x26 ./Middlewares/ST/STM32_USB_Device_Library/Core/Src/usbd_core.o
                0x000000000800d12c                USBD_ClrClassConfig
 .text.USBD_LL_SetupStage
                0x000000000800d152       0x9a ./Middlewares/ST/STM32_USB_Device_Library/Core/Src/usbd_core.o
                0x000000000800d152                USBD_LL_SetupStage
 .text.USBD_LL_DataOutStage
                0x000000000800d1ec       0xe2 ./Middlewares/ST/STM32_USB_Device_Library/Core/Src/usbd_core.o
                0x000000000800d1ec                USBD_LL_DataOutStage
 .text.USBD_LL_DataInStage
                0x000000000800d2ce      0x14a ./Middlewares/ST/STM32_USB_Device_Library/Core/Src/usbd_core.o
                0x000000000800d2ce                USBD_LL_DataInStage
 .text.USBD_LL_Reset
                0x000000000800d418       0x82 ./Middlewares/ST/STM32_USB_Device_Library/Core/Src/usbd_core.o
                0x000000000800d418                USBD_LL_Reset
 .text.USBD_LL_SetSpeed
                0x000000000800d49a       0x1e ./Middlewares/ST/STM32_USB_Device_Library/Core/Src/usbd_core.o
                0x000000000800d49a                USBD_LL_SetSpeed
 .text.USBD_LL_Suspend
                0x000000000800d4b8       0x28 ./Middlewares/ST/STM32_USB_Device_Library/Core/Src/usbd_core.o
                0x000000000800d4b8                USBD_LL_Suspend
 .text.USBD_LL_Resume
                0x000000000800d4e0       0x20 ./Middlewares/ST/STM32_USB_Device_Library/Core/Src/usbd_core.o
                0x000000000800d4e0                USBD_LL_Resume
 .text.USBD_LL_SOF
                0x000000000800d500       0x34 ./Middlewares/ST/STM32_USB_Device_Library/Core/Src/usbd_core.o
                0x000000000800d500                USBD_LL_SOF
 .text.USBD_StdDevReq
                0x000000000800d534       0xd4 ./Middlewares/ST/STM32_USB_Device_Library/Core/Src/usbd_ctlreq.o
                0x000000000800d534                USBD_StdDevReq
 .text.USBD_StdItfReq
                0x000000000800d608       0x90 ./Middlewares/ST/STM32_USB_Device_Library/Core/Src/usbd_ctlreq.o
                0x000000000800d608                USBD_StdItfReq
 .text.USBD_StdEPReq
                0x000000000800d698      0x2c2 ./Middlewares/ST/STM32_USB_Device_Library/Core/Src/usbd_ctlreq.o
                0x000000000800d698                USBD_StdEPReq
 *fill*         0x000000000800d95a        0x2 
 .text.USBD_GetDescriptor
                0x000000000800d95c      0x1f4 ./Middlewares/ST/STM32_USB_Device_Library/Core/Src/usbd_ctlreq.o
 .text.USBD_SetAddress
                0x000000000800db50       0x86 ./Middlewares/ST/STM32_USB_Device_Library/Core/Src/usbd_ctlreq.o
 *fill*         0x000000000800dbd6        0x2 
 .text.USBD_SetConfig
                0x000000000800dbd8      0x11c ./Middlewares/ST/STM32_USB_Device_Library/Core/Src/usbd_ctlreq.o
 .text.USBD_GetConfig
                0x000000000800dcf4       0x6a ./Middlewares/ST/STM32_USB_Device_Library/Core/Src/usbd_ctlreq.o
 .text.USBD_GetStatus
                0x000000000800dd5e       0x66 ./Middlewares/ST/STM32_USB_Device_Library/Core/Src/usbd_ctlreq.o
 .text.USBD_SetFeature
                0x000000000800ddc4       0x28 ./Middlewares/ST/STM32_USB_Device_Library/Core/Src/usbd_ctlreq.o
 .text.USBD_ClrFeature
                0x000000000800ddec       0x42 ./Middlewares/ST/STM32_USB_Device_Library/Core/Src/usbd_ctlreq.o
 .text.USBD_ParseSetupRequest
                0x000000000800de2e       0x78 ./Middlewares/ST/STM32_USB_Device_Library/Core/Src/usbd_ctlreq.o
                0x000000000800de2e                USBD_ParseSetupRequest
 .text.USBD_CtlError
                0x000000000800dea6       0x22 ./Middlewares/ST/STM32_USB_Device_Library/Core/Src/usbd_ctlreq.o
                0x000000000800dea6                USBD_CtlError
 .text.USBD_GetString
                0x000000000800dec8       0x84 ./Middlewares/ST/STM32_USB_Device_Library/Core/Src/usbd_ctlreq.o
                0x000000000800dec8                USBD_GetString
 .text.USBD_GetLen
                0x000000000800df4c       0x2e ./Middlewares/ST/STM32_USB_Device_Library/Core/Src/usbd_ctlreq.o
 .text.USBD_CtlSendData
                0x000000000800df7a       0x38 ./Middlewares/ST/STM32_USB_Device_Library/Core/Src/usbd_ioreq.o
                0x000000000800df7a                USBD_CtlSendData
 .text.USBD_CtlContinueSendData
                0x000000000800dfb2       0x24 ./Middlewares/ST/STM32_USB_Device_Library/Core/Src/usbd_ioreq.o
                0x000000000800dfb2                USBD_CtlContinueSendData
 .text.USBD_CtlPrepareRx
                0x000000000800dfd6       0x3c ./Middlewares/ST/STM32_USB_Device_Library/Core/Src/usbd_ioreq.o
                0x000000000800dfd6                USBD_CtlPrepareRx
 .text.USBD_CtlContinueRx
                0x000000000800e012       0x24 ./Middlewares/ST/STM32_USB_Device_Library/Core/Src/usbd_ioreq.o
                0x000000000800e012                USBD_CtlContinueRx
 .text.USBD_CtlSendStatus
                0x000000000800e036       0x26 ./Middlewares/ST/STM32_USB_Device_Library/Core/Src/usbd_ioreq.o
                0x000000000800e036                USBD_CtlSendStatus
 .text.USBD_CtlReceiveStatus
                0x000000000800e05c       0x26 ./Middlewares/ST/STM32_USB_Device_Library/Core/Src/usbd_ioreq.o
                0x000000000800e05c                USBD_CtlReceiveStatus
 *fill*         0x000000000800e082        0x2 
 .text.disk_status
                0x000000000800e084       0x34 ./Middlewares/Third_Party/FatFs/src/diskio.o
                0x000000000800e084                disk_status
 .text.disk_initialize
                0x000000000800e0b8       0x4c ./Middlewares/Third_Party/FatFs/src/diskio.o
                0x000000000800e0b8                disk_initialize
 .text.disk_read
                0x000000000800e104       0x40 ./Middlewares/Third_Party/FatFs/src/diskio.o
                0x000000000800e104                disk_read
 .text.disk_write
                0x000000000800e144       0x40 ./Middlewares/Third_Party/FatFs/src/diskio.o
                0x000000000800e144                disk_write
 .text.disk_ioctl
                0x000000000800e184       0x3c ./Middlewares/Third_Party/FatFs/src/diskio.o
                0x000000000800e184                disk_ioctl
 .text.ld_word  0x000000000800e1c0       0x2e ./Middlewares/Third_Party/FatFs/src/ff.o
 .text.ld_dword
                0x000000000800e1ee       0x44 ./Middlewares/Third_Party/FatFs/src/ff.o
 .text.st_word  0x000000000800e232       0x34 ./Middlewares/Third_Party/FatFs/src/ff.o
 .text.st_dword
                0x000000000800e266       0x56 ./Middlewares/Third_Party/FatFs/src/ff.o
 .text.mem_cpy  0x000000000800e2bc       0x40 ./Middlewares/Third_Party/FatFs/src/ff.o
 .text.mem_set  0x000000000800e2fc       0x34 ./Middlewares/Third_Party/FatFs/src/ff.o
 .text.mem_cmp  0x000000000800e330       0x4c ./Middlewares/Third_Party/FatFs/src/ff.o
 .text.chk_chr  0x000000000800e37c       0x34 ./Middlewares/Third_Party/FatFs/src/ff.o
 .text.chk_lock
                0x000000000800e3b0       0xb4 ./Middlewares/Third_Party/FatFs/src/ff.o
 .text.enq_lock
                0x000000000800e464       0x40 ./Middlewares/Third_Party/FatFs/src/ff.o
 .text.inc_lock
                0x000000000800e4a4      0x11c ./Middlewares/Third_Party/FatFs/src/ff.o
 .text.dec_lock
                0x000000000800e5c0       0x74 ./Middlewares/Third_Party/FatFs/src/ff.o
 .text.clear_lock
                0x000000000800e634       0x48 ./Middlewares/Third_Party/FatFs/src/ff.o
 .text.sync_window
                0x000000000800e67c       0x88 ./Middlewares/Third_Party/FatFs/src/ff.o
 .text.move_window
                0x000000000800e704       0x5a ./Middlewares/Third_Party/FatFs/src/ff.o
 *fill*         0x000000000800e75e        0x2 
 .text.sync_fs  0x000000000800e760       0xdc ./Middlewares/Third_Party/FatFs/src/ff.o
 .text.clust2sect
                0x000000000800e83c       0x3c ./Middlewares/Third_Party/FatFs/src/ff.o
 .text.get_fat  0x000000000800e878      0x150 ./Middlewares/Third_Party/FatFs/src/ff.o
 .text.put_fat  0x000000000800e9c8      0x1d4 ./Middlewares/Third_Party/FatFs/src/ff.o
 .text.remove_chain
                0x000000000800eb9c       0xca ./Middlewares/Third_Party/FatFs/src/ff.o
 .text.create_chain
                0x000000000800ec66      0x130 ./Middlewares/Third_Party/FatFs/src/ff.o
 .text.clmt_clust
                0x000000000800ed96       0x66 ./Middlewares/Third_Party/FatFs/src/ff.o
 .text.dir_sdi  0x000000000800edfc       0xf6 ./Middlewares/Third_Party/FatFs/src/ff.o
 .text.dir_next
                0x000000000800eef2      0x18a ./Middlewares/Third_Party/FatFs/src/ff.o
 .text.dir_alloc
                0x000000000800f07c       0x8e ./Middlewares/Third_Party/FatFs/src/ff.o
 .text.ld_clust
                0x000000000800f10a       0x3e ./Middlewares/Third_Party/FatFs/src/ff.o
 .text.st_clust
                0x000000000800f148       0x40 ./Middlewares/Third_Party/FatFs/src/ff.o
 .text.cmp_lfn  0x000000000800f188       0xe0 ./Middlewares/Third_Party/FatFs/src/ff.o
 .text.pick_lfn
                0x000000000800f268       0xc8 ./Middlewares/Third_Party/FatFs/src/ff.o
 .text.put_lfn  0x000000000800f330       0xd0 ./Middlewares/Third_Party/FatFs/src/ff.o
 .text.gen_numname
                0x000000000800f400      0x11c ./Middlewares/Third_Party/FatFs/src/ff.o
 .text.sum_sfn  0x000000000800f51c       0x40 ./Middlewares/Third_Party/FatFs/src/ff.o
 .text.dir_read
                0x000000000800f55c      0x14e ./Middlewares/Third_Party/FatFs/src/ff.o
 .text.dir_find
                0x000000000800f6aa      0x180 ./Middlewares/Third_Party/FatFs/src/ff.o
 *fill*         0x000000000800f82a        0x2 
 .text.dir_register
                0x000000000800f82c      0x1f0 ./Middlewares/Third_Party/FatFs/src/ff.o
 .text.get_fileinfo
                0x000000000800fa1c      0x1ba ./Middlewares/Third_Party/FatFs/src/ff.o
 *fill*         0x000000000800fbd6        0x2 
 .text.create_name
                0x000000000800fbd8      0x370 ./Middlewares/Third_Party/FatFs/src/ff.o
 .text.follow_path
                0x000000000800ff48       0xe2 ./Middlewares/Third_Party/FatFs/src/ff.o
 .text.get_ldnumber
                0x000000000801002a       0x86 ./Middlewares/Third_Party/FatFs/src/ff.o
 .text.check_fs
                0x00000000080100b0       0xac ./Middlewares/Third_Party/FatFs/src/ff.o
 .text.find_volume
                0x000000000801015c      0x4a0 ./Middlewares/Third_Party/FatFs/src/ff.o
 .text.validate
                0x00000000080105fc       0x6a ./Middlewares/Third_Party/FatFs/src/ff.o
 *fill*         0x0000000008010666        0x2 
 .text.f_mount  0x0000000008010668       0x8c ./Middlewares/Third_Party/FatFs/src/ff.o
                0x0000000008010668                f_mount
 .text.f_open   0x00000000080106f4      0x37c ./Middlewares/Third_Party/FatFs/src/ff.o
                0x00000000080106f4                f_open
 .text.f_read   0x0000000008010a70      0x27e ./Middlewares/Third_Party/FatFs/src/ff.o
                0x0000000008010a70                f_read
 .text.f_sync   0x0000000008010cee       0xfc ./Middlewares/Third_Party/FatFs/src/ff.o
                0x0000000008010cee                f_sync
 .text.f_close  0x0000000008010dea       0x54 ./Middlewares/Third_Party/FatFs/src/ff.o
                0x0000000008010dea                f_close
 .text.f_opendir
                0x0000000008010e3e       0xe6 ./Middlewares/Third_Party/FatFs/src/ff.o
                0x0000000008010e3e                f_opendir
 .text.f_closedir
                0x0000000008010f24       0x4c ./Middlewares/Third_Party/FatFs/src/ff.o
                0x0000000008010f24                f_closedir
 .text.f_readdir
                0x0000000008010f70       0x7a ./Middlewares/Third_Party/FatFs/src/ff.o
                0x0000000008010f70                f_readdir
 *fill*         0x0000000008010fea        0x2 
 .text.FATFS_LinkDriverEx
                0x0000000008010fec       0x94 ./Middlewares/Third_Party/FatFs/src/ff_gen_drv.o
                0x0000000008010fec                FATFS_LinkDriverEx
 .text.FATFS_LinkDriver
                0x0000000008011080       0x1e ./Middlewares/Third_Party/FatFs/src/ff_gen_drv.o
                0x0000000008011080                FATFS_LinkDriver
 *fill*         0x000000000801109e        0x2 
 .text.ff_convert
                0x00000000080110a0       0x74 ./Middlewares/Third_Party/FatFs/src/option/ccsbcs.o
                0x00000000080110a0                ff_convert
 .text.ff_wtoupper
                0x0000000008011114      0x110 ./Middlewares/Third_Party/FatFs/src/option/ccsbcs.o
                0x0000000008011114                ff_wtoupper
 .text.MX_USB_DEVICE_Init
                0x0000000008011224       0x60 ./USB_DEVICE/App/usb_device.o
                0x0000000008011224                MX_USB_DEVICE_Init
 .text.CDC_Init_FS
                0x0000000008011284       0x28 ./USB_DEVICE/App/usbd_cdc_if.o
 .text.CDC_DeInit_FS
                0x00000000080112ac        0xe ./USB_DEVICE/App/usbd_cdc_if.o
 *fill*         0x00000000080112ba        0x2 
 .text.CDC_Control_FS
                0x00000000080112bc       0xbc ./USB_DEVICE/App/usbd_cdc_if.o
 .text.CDC_Receive_FS
                0x0000000008011378       0x30 ./USB_DEVICE/App/usbd_cdc_if.o
 .text.CDC_Transmit_FS
                0x00000000080113a8       0x4c ./USB_DEVICE/App/usbd_cdc_if.o
                0x00000000080113a8                CDC_Transmit_FS
 .text.USBD_FS_DeviceDescriptor
                0x00000000080113f4       0x24 ./USB_DEVICE/App/usbd_desc.o
                0x00000000080113f4                USBD_FS_DeviceDescriptor
 .text.USBD_FS_LangIDStrDescriptor
                0x0000000008011418       0x24 ./USB_DEVICE/App/usbd_desc.o
                0x0000000008011418                USBD_FS_LangIDStrDescriptor
 .text.USBD_FS_ProductStrDescriptor
                0x000000000801143c       0x3c ./USB_DEVICE/App/usbd_desc.o
                0x000000000801143c                USBD_FS_ProductStrDescriptor
 .text.USBD_FS_ManufacturerStrDescriptor
                0x0000000008011478       0x28 ./USB_DEVICE/App/usbd_desc.o
                0x0000000008011478                USBD_FS_ManufacturerStrDescriptor
 .text.USBD_FS_SerialStrDescriptor
                0x00000000080114a0       0x24 ./USB_DEVICE/App/usbd_desc.o
                0x00000000080114a0                USBD_FS_SerialStrDescriptor
 .text.USBD_FS_ConfigStrDescriptor
                0x00000000080114c4       0x3c ./USB_DEVICE/App/usbd_desc.o
                0x00000000080114c4                USBD_FS_ConfigStrDescriptor
 .text.USBD_FS_InterfaceStrDescriptor
                0x0000000008011500       0x3c ./USB_DEVICE/App/usbd_desc.o
                0x0000000008011500                USBD_FS_InterfaceStrDescriptor
 .text.Get_SerialNum
                0x000000000801153c       0x58 ./USB_DEVICE/App/usbd_desc.o
 .text.IntToUnicode
                0x0000000008011594       0x7c ./USB_DEVICE/App/usbd_desc.o
 .text.HAL_PCDEx_SetConnectionState
                0x0000000008011610       0x3c ./USB_DEVICE/Target/usbd_conf.o
                0x0000000008011610                HAL_PCDEx_SetConnectionState
 .text.HAL_PCD_MspInit
                0x000000000801164c       0x4c ./USB_DEVICE/Target/usbd_conf.o
                0x000000000801164c                HAL_PCD_MspInit
 .text.HAL_PCD_SetupStageCallback
                0x0000000008011698       0x24 ./USB_DEVICE/Target/usbd_conf.o
                0x0000000008011698                HAL_PCD_SetupStageCallback
 .text.HAL_PCD_DataOutStageCallback
                0x00000000080116bc       0x36 ./USB_DEVICE/Target/usbd_conf.o
                0x00000000080116bc                HAL_PCD_DataOutStageCallback
 .text.HAL_PCD_DataInStageCallback
                0x00000000080116f2       0x34 ./USB_DEVICE/Target/usbd_conf.o
                0x00000000080116f2                HAL_PCD_DataInStageCallback
 .text.HAL_PCD_SOFCallback
                0x0000000008011726       0x1c ./USB_DEVICE/Target/usbd_conf.o
                0x0000000008011726                HAL_PCD_SOFCallback
 .text.HAL_PCD_ResetCallback
                0x0000000008011742       0x3c ./USB_DEVICE/Target/usbd_conf.o
                0x0000000008011742                HAL_PCD_ResetCallback
 *fill*         0x000000000801177e        0x2 
 .text.HAL_PCD_SuspendCallback
                0x0000000008011780       0x34 ./USB_DEVICE/Target/usbd_conf.o
                0x0000000008011780                HAL_PCD_SuspendCallback
 .text.HAL_PCD_ResumeCallback
                0x00000000080117b4       0x1c ./USB_DEVICE/Target/usbd_conf.o
                0x00000000080117b4                HAL_PCD_ResumeCallback
 .text.USBD_LL_Init
                0x00000000080117d0       0xb4 ./USB_DEVICE/Target/usbd_conf.o
                0x00000000080117d0                USBD_LL_Init
 .text.USBD_LL_Start
                0x0000000008011884       0x36 ./USB_DEVICE/Target/usbd_conf.o
                0x0000000008011884                USBD_LL_Start
 .text.USBD_LL_OpenEP
                0x00000000080118ba       0x4c ./USB_DEVICE/Target/usbd_conf.o
                0x00000000080118ba                USBD_LL_OpenEP
 .text.USBD_LL_CloseEP
                0x0000000008011906       0x3e ./USB_DEVICE/Target/usbd_conf.o
                0x0000000008011906                USBD_LL_CloseEP
 .text.USBD_LL_StallEP
                0x0000000008011944       0x3e ./USB_DEVICE/Target/usbd_conf.o
                0x0000000008011944                USBD_LL_StallEP
 .text.USBD_LL_ClearStallEP
                0x0000000008011982       0x3e ./USB_DEVICE/Target/usbd_conf.o
                0x0000000008011982                USBD_LL_ClearStallEP
 .text.USBD_LL_IsStallEP
                0x00000000080119c0       0x58 ./USB_DEVICE/Target/usbd_conf.o
                0x00000000080119c0                USBD_LL_IsStallEP
 .text.USBD_LL_SetUSBAddress
                0x0000000008011a18       0x3e ./USB_DEVICE/Target/usbd_conf.o
                0x0000000008011a18                USBD_LL_SetUSBAddress
 .text.USBD_LL_Transmit
                0x0000000008011a56       0x46 ./USB_DEVICE/Target/usbd_conf.o
                0x0000000008011a56                USBD_LL_Transmit
 .text.USBD_LL_PrepareReceive
                0x0000000008011a9c       0x46 ./USB_DEVICE/Target/usbd_conf.o
                0x0000000008011a9c                USBD_LL_PrepareReceive
 .text.USBD_LL_GetRxDataSize
                0x0000000008011ae2       0x26 ./USB_DEVICE/Target/usbd_conf.o
                0x0000000008011ae2                USBD_LL_GetRxDataSize
 .text.USBD_static_malloc
                0x0000000008011b08       0x18 ./USB_DEVICE/Target/usbd_conf.o
                0x0000000008011b08                USBD_static_malloc
 .text.USBD_static_free
                0x0000000008011b20       0x12 ./USB_DEVICE/Target/usbd_conf.o
                0x0000000008011b20                USBD_static_free
 *fill*         0x0000000008011b32        0x2 
 .text.USBD_Get_USB_Status
                0x0000000008011b34       0x58 ./USB_DEVICE/Target/usbd_conf.o
 .text.sprintf  0x0000000008011b8c       0x40 C:/ST/STM32CubeIDE_1.13.2/STM32CubeIDE/plugins/com.st.stm32cube.ide.mcu.externaltools.gnu-tools-for-stm32.11.3.rel1.win32_1.1.1.202309131626/tools/bin/../lib/gcc/arm-none-eabi/11.3.1/../../../../arm-none-eabi/lib/thumb/v7-m/nofp\libc_nano.a(libc_a-sprintf.o)
                0x0000000008011b8c                siprintf
                0x0000000008011b8c                sprintf
 .text.memset   0x0000000008011bcc       0x10 C:/ST/STM32CubeIDE_1.13.2/STM32CubeIDE/plugins/com.st.stm32cube.ide.mcu.externaltools.gnu-tools-for-stm32.11.3.rel1.win32_1.1.1.202309131626/tools/bin/../lib/gcc/arm-none-eabi/11.3.1/../../../../arm-none-eabi/lib/thumb/v7-m/nofp\libc_nano.a(libc_a-memset.o)
                0x0000000008011bcc                memset
 .text.strncpy  0x0000000008011bdc       0x26 C:/ST/STM32CubeIDE_1.13.2/STM32CubeIDE/plugins/com.st.stm32cube.ide.mcu.externaltools.gnu-tools-for-stm32.11.3.rel1.win32_1.1.1.202309131626/tools/bin/../lib/gcc/arm-none-eabi/11.3.1/../../../../arm-none-eabi/lib/thumb/v7-m/nofp\libc_nano.a(libc_a-strncpy.o)
                0x0000000008011bdc                strncpy
 *fill*         0x0000000008011c02        0x2 
 .text.__errno  0x0000000008011c04        0xc C:/ST/STM32CubeIDE_1.13.2/STM32CubeIDE/plugins/com.st.stm32cube.ide.mcu.externaltools.gnu-tools-for-stm32.11.3.rel1.win32_1.1.1.202309131626/tools/bin/../lib/gcc/arm-none-eabi/11.3.1/../../../../arm-none-eabi/lib/thumb/v7-m/nofp\libc_nano.a(libc_a-errno.o)
                0x0000000008011c04                __errno
 .text.__libc_init_array
                0x0000000008011c10       0x48 C:/ST/STM32CubeIDE_1.13.2/STM32CubeIDE/plugins/com.st.stm32cube.ide.mcu.externaltools.gnu-tools-for-stm32.11.3.rel1.win32_1.1.1.202309131626/tools/bin/../lib/gcc/arm-none-eabi/11.3.1/../../../../arm-none-eabi/lib/thumb/v7-m/nofp\libc_nano.a(libc_a-init.o)
                0x0000000008011c10                __libc_init_array
 .text.__retarget_lock_acquire_recursive
                0x0000000008011c58        0x2 C:/ST/STM32CubeIDE_1.13.2/STM32CubeIDE/plugins/com.st.stm32cube.ide.mcu.externaltools.gnu-tools-for-stm32.11.3.rel1.win32_1.1.1.202309131626/tools/bin/../lib/gcc/arm-none-eabi/11.3.1/../../../../arm-none-eabi/lib/thumb/v7-m/nofp\libc_nano.a(libc_a-lock.o)
                0x0000000008011c58                __retarget_lock_acquire_recursive
 .text.__retarget_lock_release_recursive
                0x0000000008011c5a        0x2 C:/ST/STM32CubeIDE_1.13.2/STM32CubeIDE/plugins/com.st.stm32cube.ide.mcu.externaltools.gnu-tools-for-stm32.11.3.rel1.win32_1.1.1.202309131626/tools/bin/../lib/gcc/arm-none-eabi/11.3.1/../../../../arm-none-eabi/lib/thumb/v7-m/nofp\libc_nano.a(libc_a-lock.o)
                0x0000000008011c5a                __retarget_lock_release_recursive
 .text.memcpy   0x0000000008011c5c       0x1c C:/ST/STM32CubeIDE_1.13.2/STM32CubeIDE/plugins/com.st.stm32cube.ide.mcu.externaltools.gnu-tools-for-stm32.11.3.rel1.win32_1.1.1.202309131626/tools/bin/../lib/gcc/arm-none-eabi/11.3.1/../../../../arm-none-eabi/lib/thumb/v7-m/nofp\libc_nano.a(libc_a-memcpy-stub.o)
                0x0000000008011c5c                memcpy
 .text._free_r  0x0000000008011c78       0x90 C:/ST/STM32CubeIDE_1.13.2/STM32CubeIDE/plugins/com.st.stm32cube.ide.mcu.externaltools.gnu-tools-for-stm32.11.3.rel1.win32_1.1.1.202309131626/tools/bin/../lib/gcc/arm-none-eabi/11.3.1/../../../../arm-none-eabi/lib/thumb/v7-m/nofp\libc_nano.a(libc_a-freer.o)
                0x0000000008011c78                _free_r
 .text.sbrk_aligned
                0x0000000008011d08       0x40 C:/ST/STM32CubeIDE_1.13.2/STM32CubeIDE/plugins/com.st.stm32cube.ide.mcu.externaltools.gnu-tools-for-stm32.11.3.rel1.win32_1.1.1.202309131626/tools/bin/../lib/gcc/arm-none-eabi/11.3.1/../../../../arm-none-eabi/lib/thumb/v7-m/nofp\libc_nano.a(libc_a-mallocr.o)
 .text._malloc_r
                0x0000000008011d48      0x100 C:/ST/STM32CubeIDE_1.13.2/STM32CubeIDE/plugins/com.st.stm32cube.ide.mcu.externaltools.gnu-tools-for-stm32.11.3.rel1.win32_1.1.1.202309131626/tools/bin/../lib/gcc/arm-none-eabi/11.3.1/../../../../arm-none-eabi/lib/thumb/v7-m/nofp\libc_nano.a(libc_a-mallocr.o)
                0x0000000008011d48                _malloc_r
 .text.__malloc_lock
                0x0000000008011e48        0xc C:/ST/STM32CubeIDE_1.13.2/STM32CubeIDE/plugins/com.st.stm32cube.ide.mcu.externaltools.gnu-tools-for-stm32.11.3.rel1.win32_1.1.1.202309131626/tools/bin/../lib/gcc/arm-none-eabi/11.3.1/../../../../arm-none-eabi/lib/thumb/v7-m/nofp\libc_nano.a(libc_a-mlock.o)
                0x0000000008011e48                __malloc_lock
 .text.__malloc_unlock
                0x0000000008011e54        0xc C:/ST/STM32CubeIDE_1.13.2/STM32CubeIDE/plugins/com.st.stm32cube.ide.mcu.externaltools.gnu-tools-for-stm32.11.3.rel1.win32_1.1.1.202309131626/tools/bin/../lib/gcc/arm-none-eabi/11.3.1/../../../../arm-none-eabi/lib/thumb/v7-m/nofp\libc_nano.a(libc_a-mlock.o)
                0x0000000008011e54                __malloc_unlock
 .text.__ssputs_r
                0x0000000008011e60       0xb4 C:/ST/STM32CubeIDE_1.13.2/STM32CubeIDE/plugins/com.st.stm32cube.ide.mcu.externaltools.gnu-tools-for-stm32.11.3.rel1.win32_1.1.1.202309131626/tools/bin/../lib/gcc/arm-none-eabi/11.3.1/../../../../arm-none-eabi/lib/thumb/v7-m/nofp\libc_nano.a(libc_a-nano-svfprintf.o)
                0x0000000008011e60                __ssputs_r
 .text._svfprintf_r
                0x0000000008011f14      0x1fc C:/ST/STM32CubeIDE_1.13.2/STM32CubeIDE/plugins/com.st.stm32cube.ide.mcu.externaltools.gnu-tools-for-stm32.11.3.rel1.win32_1.1.1.202309131626/tools/bin/../lib/gcc/arm-none-eabi/11.3.1/../../../../arm-none-eabi/lib/thumb/v7-m/nofp\libc_nano.a(libc_a-nano-svfprintf.o)
                0x0000000008011f14                _svfiprintf_r
                0x0000000008011f14                _svfprintf_r
 .text._printf_common
                0x0000000008012110       0xe4 C:/ST/STM32CubeIDE_1.13.2/STM32CubeIDE/plugins/com.st.stm32cube.ide.mcu.externaltools.gnu-tools-for-stm32.11.3.rel1.win32_1.1.1.202309131626/tools/bin/../lib/gcc/arm-none-eabi/11.3.1/../../../../arm-none-eabi/lib/thumb/v7-m/nofp\libc_nano.a(libc_a-nano-vfprintf_i.o)
                0x0000000008012110                _printf_common
 .text._printf_i
                0x00000000080121f4      0x244 C:/ST/STM32CubeIDE_1.13.2/STM32CubeIDE/plugins/com.st.stm32cube.ide.mcu.externaltools.gnu-tools-for-stm32.11.3.rel1.win32_1.1.1.202309131626/tools/bin/../lib/gcc/arm-none-eabi/11.3.1/../../../../arm-none-eabi/lib/thumb/v7-m/nofp\libc_nano.a(libc_a-nano-vfprintf_i.o)
                0x00000000080121f4                _printf_i
 .text.memmove  0x0000000008012438       0x34 C:/ST/STM32CubeIDE_1.13.2/STM32CubeIDE/plugins/com.st.stm32cube.ide.mcu.externaltools.gnu-tools-for-stm32.11.3.rel1.win32_1.1.1.202309131626/tools/bin/../lib/gcc/arm-none-eabi/11.3.1/../../../../arm-none-eabi/lib/thumb/v7-m/nofp\libc_nano.a(libc_a-memmove.o)
                0x0000000008012438                memmove
 .text._sbrk_r  0x000000000801246c       0x20 C:/ST/STM32CubeIDE_1.13.2/STM32CubeIDE/plugins/com.st.stm32cube.ide.mcu.externaltools.gnu-tools-for-stm32.11.3.rel1.win32_1.1.1.202309131626/tools/bin/../lib/gcc/arm-none-eabi/11.3.1/../../../../arm-none-eabi/lib/thumb/v7-m/nofp\libc_nano.a(libc_a-sbrkr.o)
                0x000000000801246c                _sbrk_r
 .text.memchr   0x000000000801248c       0x1c C:/ST/STM32CubeIDE_1.13.2/STM32CubeIDE/plugins/com.st.stm32cube.ide.mcu.externaltools.gnu-tools-for-stm32.11.3.rel1.win32_1.1.1.202309131626/tools/bin/../lib/gcc/arm-none-eabi/11.3.1/../../../../arm-none-eabi/lib/thumb/v7-m/nofp\libc_nano.a(libc_a-memchr-stub.o)
                0x000000000801248c                memchr
 .text._realloc_r
                0x00000000080124a8       0x5e C:/ST/STM32CubeIDE_1.13.2/STM32CubeIDE/plugins/com.st.stm32cube.ide.mcu.externaltools.gnu-tools-for-stm32.11.3.rel1.win32_1.1.1.202309131626/tools/bin/../lib/gcc/arm-none-eabi/11.3.1/../../../../arm-none-eabi/lib/thumb/v7-m/nofp\libc_nano.a(libc_a-reallocr.o)
                0x00000000080124a8                _realloc_r
 .text._malloc_usable_size_r
                0x0000000008012506       0x10 C:/ST/STM32CubeIDE_1.13.2/STM32CubeIDE/plugins/com.st.stm32cube.ide.mcu.externaltools.gnu-tools-for-stm32.11.3.rel1.win32_1.1.1.202309131626/tools/bin/../lib/gcc/arm-none-eabi/11.3.1/../../../../arm-none-eabi/lib/thumb/v7-m/nofp\libc_nano.a(libc_a-msizer.o)
                0x0000000008012506                _malloc_usable_size_r
 *(.glue_7)
 .glue_7        0x0000000008012516        0x0 linker stubs
 *(.glue_7t)
 .glue_7t       0x0000000008012516        0x0 linker stubs
 *(.eh_frame)
 *fill*         0x0000000008012516        0x2 
 .eh_frame      0x0000000008012518        0x0 C:/ST/STM32CubeIDE_1.13.2/STM32CubeIDE/plugins/com.st.stm32cube.ide.mcu.externaltools.gnu-tools-for-stm32.11.3.rel1.win32_1.1.1.202309131626/tools/bin/../lib/gcc/arm-none-eabi/11.3.1/thumb/v7-m/nofp/crtbegin.o
 *(.init)
 .init          0x0000000008012518        0x4 C:/ST/STM32CubeIDE_1.13.2/STM32CubeIDE/plugins/com.st.stm32cube.ide.mcu.externaltools.gnu-tools-for-stm32.11.3.rel1.win32_1.1.1.202309131626/tools/bin/../lib/gcc/arm-none-eabi/11.3.1/thumb/v7-m/nofp/crti.o
                0x0000000008012518                _init
 .init          0x000000000801251c        0x8 C:/ST/STM32CubeIDE_1.13.2/STM32CubeIDE/plugins/com.st.stm32cube.ide.mcu.externaltools.gnu-tools-for-stm32.11.3.rel1.win32_1.1.1.202309131626/tools/bin/../lib/gcc/arm-none-eabi/11.3.1/thumb/v7-m/nofp/crtn.o
 *(.fini)
 .fini          0x0000000008012524        0x4 C:/ST/STM32CubeIDE_1.13.2/STM32CubeIDE/plugins/com.st.stm32cube.ide.mcu.externaltools.gnu-tools-for-stm32.11.3.rel1.win32_1.1.1.202309131626/tools/bin/../lib/gcc/arm-none-eabi/11.3.1/thumb/v7-m/nofp/crti.o
                0x0000000008012524                _fini
 .fini          0x0000000008012528        0x8 C:/ST/STM32CubeIDE_1.13.2/STM32CubeIDE/plugins/com.st.stm32cube.ide.mcu.externaltools.gnu-tools-for-stm32.11.3.rel1.win32_1.1.1.202309131626/tools/bin/../lib/gcc/arm-none-eabi/11.3.1/thumb/v7-m/nofp/crtn.o
                0x0000000008012530                . = ALIGN (0x4)
                0x0000000008012530                _etext = .

.vfp11_veneer   0x0000000008012530        0x0
 .vfp11_veneer  0x0000000008012530        0x0 linker stubs

.v4_bx          0x0000000008012530        0x0
 .v4_bx         0x0000000008012530        0x0 linker stubs

.iplt           0x0000000008012530        0x0
 .iplt          0x0000000008012530        0x0 C:/ST/STM32CubeIDE_1.13.2/STM32CubeIDE/plugins/com.st.stm32cube.ide.mcu.externaltools.gnu-tools-for-stm32.11.3.rel1.win32_1.1.1.202309131626/tools/bin/../lib/gcc/arm-none-eabi/11.3.1/thumb/v7-m/nofp/crtbegin.o

.rodata         0x0000000008012530      0x600
                0x0000000008012530                . = ALIGN (0x4)
 *(.rodata)
 .rodata        0x0000000008012530        0x5 ./Core/Src/I2C_LCD.o
 *fill*         0x0000000008012535        0x3 
 .rodata        0x0000000008012538       0xc2 ./Core/Src/main.o
 *fill*         0x00000000080125fa        0x2 
 .rodata        0x00000000080125fc       0x48 ./Middlewares/Third_Party/FatFs/src/ff.o
 .rodata        0x0000000008012644       0x52 ./USB_DEVICE/App/usbd_desc.o
 *(.rodata*)
 *fill*         0x0000000008012696        0x2 
 .rodata.PLLMulTable
                0x0000000008012698        0x9 ./Core/Src/system_stm32l1xx.o
                0x0000000008012698                PLLMulTable
 *fill*         0x00000000080126a1        0x3 
 .rodata.AHBPrescTable
                0x00000000080126a4       0x10 ./Core/Src/system_stm32l1xx.o
                0x00000000080126a4                AHBPrescTable
 .rodata.APBPrescTable
                0x00000000080126b4        0x8 ./Core/Src/system_stm32l1xx.o
                0x00000000080126b4                APBPrescTable
 .rodata.ExCvt  0x00000000080126bc       0x80 ./Middlewares/Third_Party/FatFs/src/ff.o
 .rodata.LfnOfs
                0x000000000801273c        0xd ./Middlewares/Third_Party/FatFs/src/ff.o
 *fill*         0x0000000008012749        0x3 
 .rodata.Tbl    0x000000000801274c      0x100 ./Middlewares/Third_Party/FatFs/src/option/ccsbcs.o
 .rodata.cvt1.1
                0x000000000801284c      0x1f2 ./Middlewares/Third_Party/FatFs/src/option/ccsbcs.o
 *fill*         0x0000000008012a3e        0x2 
 .rodata.cvt2.0
                0x0000000008012a40       0xbc ./Middlewares/Third_Party/FatFs/src/option/ccsbcs.o
 .rodata._svfprintf_r.str1.1
                0x0000000008012afc       0x11 C:/ST/STM32CubeIDE_1.13.2/STM32CubeIDE/plugins/com.st.stm32cube.ide.mcu.externaltools.gnu-tools-for-stm32.11.3.rel1.win32_1.1.1.202309131626/tools/bin/../lib/gcc/arm-none-eabi/11.3.1/../../../../arm-none-eabi/lib/thumb/v7-m/nofp\libc_nano.a(libc_a-nano-svfprintf.o)
 .rodata._printf_i.str1.1
                0x0000000008012b0d       0x22 C:/ST/STM32CubeIDE_1.13.2/STM32CubeIDE/plugins/com.st.stm32cube.ide.mcu.externaltools.gnu-tools-for-stm32.11.3.rel1.win32_1.1.1.202309131626/tools/bin/../lib/gcc/arm-none-eabi/11.3.1/../../../../arm-none-eabi/lib/thumb/v7-m/nofp\libc_nano.a(libc_a-nano-vfprintf_i.o)
                0x0000000008012b30                . = ALIGN (0x4)
 *fill*         0x0000000008012b2f        0x1 

.ARM.extab      0x0000000008012b30        0x0
                0x0000000008012b30                . = ALIGN (0x4)
 *(.ARM.extab* .gnu.linkonce.armextab.*)
                0x0000000008012b30                . = ALIGN (0x4)

.ARM            0x0000000008012b30        0x8
                0x0000000008012b30                . = ALIGN (0x4)
                0x0000000008012b30                __exidx_start = .
 *(.ARM.exidx*)
 .ARM.exidx     0x0000000008012b30        0x8 C:/ST/STM32CubeIDE_1.13.2/STM32CubeIDE/plugins/com.st.stm32cube.ide.mcu.externaltools.gnu-tools-for-stm32.11.3.rel1.win32_1.1.1.202309131626/tools/bin/../lib/gcc/arm-none-eabi/11.3.1/thumb/v7-m/nofp\libgcc.a(_udivmoddi4.o)
                0x0000000008012b38                __exidx_end = .
                0x0000000008012b38                . = ALIGN (0x4)

.rel.dyn        0x0000000008012b38        0x0
 .rel.iplt      0x0000000008012b38        0x0 C:/ST/STM32CubeIDE_1.13.2/STM32CubeIDE/plugins/com.st.stm32cube.ide.mcu.externaltools.gnu-tools-for-stm32.11.3.rel1.win32_1.1.1.202309131626/tools/bin/../lib/gcc/arm-none-eabi/11.3.1/thumb/v7-m/nofp/crtbegin.o

.preinit_array  0x0000000008012b38        0x0
                0x0000000008012b38                . = ALIGN (0x4)
                0x0000000008012b38                PROVIDE (__preinit_array_start = .)
 *(.preinit_array*)
                0x0000000008012b38                PROVIDE (__preinit_array_end = .)
                0x0000000008012b38                . = ALIGN (0x4)

.init_array     0x0000000008012b38        0x4
                0x0000000008012b38                . = ALIGN (0x4)
                0x0000000008012b38                PROVIDE (__init_array_start = .)
 *(SORT_BY_NAME(.init_array.*))
 *(.init_array*)
 .init_array    0x0000000008012b38        0x4 C:/ST/STM32CubeIDE_1.13.2/STM32CubeIDE/plugins/com.st.stm32cube.ide.mcu.externaltools.gnu-tools-for-stm32.11.3.rel1.win32_1.1.1.202309131626/tools/bin/../lib/gcc/arm-none-eabi/11.3.1/thumb/v7-m/nofp/crtbegin.o
                0x0000000008012b3c                PROVIDE (__init_array_end = .)
                0x0000000008012b3c                . = ALIGN (0x4)

.fini_array     0x0000000008012b3c        0x4
                0x0000000008012b3c                . = ALIGN (0x4)
                [!provide]                        PROVIDE (__fini_array_start = .)
 *(SORT_BY_NAME(.fini_array.*))
 *(.fini_array*)
 .fini_array    0x0000000008012b3c        0x4 C:/ST/STM32CubeIDE_1.13.2/STM32CubeIDE/plugins/com.st.stm32cube.ide.mcu.externaltools.gnu-tools-for-stm32.11.3.rel1.win32_1.1.1.202309131626/tools/bin/../lib/gcc/arm-none-eabi/11.3.1/thumb/v7-m/nofp/crtbegin.o
                [!provide]                        PROVIDE (__fini_array_end = .)
                0x0000000008012b40                . = ALIGN (0x4)
                0x0000000008012b40                _sidata = LOADADDR (.data)

.data           0x0000000020000000      0x268 load address 0x0000000008012b40
                0x0000000020000000                . = ALIGN (0x4)
                0x0000000020000000                _sdata = .
 *(.data)
 *(.data*)
 .data.noteFreq
                0x0000000020000000       0x78 ./Core/Src/main.o
                0x0000000020000000                noteFreq
 .data.firstOpenDir
                0x0000000020000078        0x1 ./Core/Src/main.o
                0x0000000020000078                firstOpenDir
 .data.modeNum  0x0000000020000079        0x1 ./Core/Src/main.o
                0x0000000020000079                modeNum
 .data.frequency
                0x000000002000007a        0x2 ./Core/Src/main.o
                0x000000002000007a                frequency
 .data.prevFrequency
                0x000000002000007c        0x2 ./Core/Src/main.o
                0x000000002000007c                prevFrequency
 .data.t_on     0x000000002000007e        0x2 ./Core/Src/main.o
                0x000000002000007e                t_on
 .data.t_off    0x0000000020000080        0x2 ./Core/Src/main.o
                0x0000000020000080                t_off
 .data.submode  0x0000000020000082        0x1 ./Core/Src/main.o
                0x0000000020000082                submode
 .data.firstEntry
                0x0000000020000083        0x1 ./Core/Src/main.o
                0x0000000020000083                firstEntry
 .data.SystemCoreClock
                0x0000000020000084        0x4 ./Core/Src/system_stm32l1xx.o
                0x0000000020000084                SystemCoreClock
 .data.uwTickPrio
                0x0000000020000088        0x4 ./Drivers/STM32L1xx_HAL_Driver/Src/stm32l1xx_hal.o
                0x0000000020000088                uwTickPrio
 .data.uwTickFreq
                0x000000002000008c        0x4 ./Drivers/STM32L1xx_HAL_Driver/Src/stm32l1xx_hal.o
                0x000000002000008c                uwTickFreq
 .data.USER_Driver
                0x0000000020000090       0x14 ./FATFS/Target/user_diskio.o
                0x0000000020000090                USER_Driver
 .data.Stat     0x00000000200000a4        0x1 ./FATFS/Target/user_diskio_spi.o
 *fill*         0x00000000200000a5        0x3 
 .data.USBD_CDC_DeviceQualifierDesc
                0x00000000200000a8        0xa ./Middlewares/ST/STM32_USB_Device_Library/Class/CDC/Src/usbd_cdc.o
 *fill*         0x00000000200000b2        0x2 
 .data.USBD_CDC
                0x00000000200000b4       0x38 ./Middlewares/ST/STM32_USB_Device_Library/Class/CDC/Src/usbd_cdc.o
                0x00000000200000b4                USBD_CDC
 .data.USBD_CDC_CfgHSDesc
                0x00000000200000ec       0x43 ./Middlewares/ST/STM32_USB_Device_Library/Class/CDC/Src/usbd_cdc.o
                0x00000000200000ec                USBD_CDC_CfgHSDesc
 *fill*         0x000000002000012f        0x1 
 .data.USBD_CDC_CfgFSDesc
                0x0000000020000130       0x43 ./Middlewares/ST/STM32_USB_Device_Library/Class/CDC/Src/usbd_cdc.o
                0x0000000020000130                USBD_CDC_CfgFSDesc
 *fill*         0x0000000020000173        0x1 
 .data.USBD_CDC_OtherSpeedCfgDesc
                0x0000000020000174       0x43 ./Middlewares/ST/STM32_USB_Device_Library/Class/CDC/Src/usbd_cdc.o
                0x0000000020000174                USBD_CDC_OtherSpeedCfgDesc
 *fill*         0x00000000200001b7        0x1 
 .data.USBD_Interface_fops_FS
                0x00000000200001b8       0x10 ./USB_DEVICE/App/usbd_cdc_if.o
                0x00000000200001b8                USBD_Interface_fops_FS
 .data.FS_Desc  0x00000000200001c8       0x1c ./USB_DEVICE/App/usbd_desc.o
                0x00000000200001c8                FS_Desc
 .data.USBD_FS_DeviceDesc
                0x00000000200001e4       0x12 ./USB_DEVICE/App/usbd_desc.o
                0x00000000200001e4                USBD_FS_DeviceDesc
 *fill*         0x00000000200001f6        0x2 
 .data.USBD_LangIDDesc
                0x00000000200001f8        0x4 ./USB_DEVICE/App/usbd_desc.o
                0x00000000200001f8                USBD_LangIDDesc
 .data.USBD_StringSerial
                0x00000000200001fc       0x1a ./USB_DEVICE/App/usbd_desc.o
                0x00000000200001fc                USBD_StringSerial
 *fill*         0x0000000020000216        0x2 
 .data._impure_data
                0x0000000020000218       0x4c C:/ST/STM32CubeIDE_1.13.2/STM32CubeIDE/plugins/com.st.stm32cube.ide.mcu.externaltools.gnu-tools-for-stm32.11.3.rel1.win32_1.1.1.202309131626/tools/bin/../lib/gcc/arm-none-eabi/11.3.1/../../../../arm-none-eabi/lib/thumb/v7-m/nofp\libc_nano.a(libc_a-impure.o)
                0x0000000020000218                _impure_data
 .data._impure_ptr
                0x0000000020000264        0x4 C:/ST/STM32CubeIDE_1.13.2/STM32CubeIDE/plugins/com.st.stm32cube.ide.mcu.externaltools.gnu-tools-for-stm32.11.3.rel1.win32_1.1.1.202309131626/tools/bin/../lib/gcc/arm-none-eabi/11.3.1/../../../../arm-none-eabi/lib/thumb/v7-m/nofp\libc_nano.a(libc_a-impure.o)
                0x0000000020000264                _impure_ptr
 *(.RamFunc)
 *(.RamFunc*)
                0x0000000020000268                . = ALIGN (0x4)
                0x0000000020000268                _edata = .

.igot.plt       0x0000000020000268        0x0 load address 0x0000000008012da8
 .igot.plt      0x0000000020000268        0x0 C:/ST/STM32CubeIDE_1.13.2/STM32CubeIDE/plugins/com.st.stm32cube.ide.mcu.externaltools.gnu-tools-for-stm32.11.3.rel1.win32_1.1.1.202309131626/tools/bin/../lib/gcc/arm-none-eabi/11.3.1/thumb/v7-m/nofp/crtbegin.o
                0x0000000020000268                . = ALIGN (0x4)

.bss            0x0000000020000268     0x215c load address 0x0000000008012da8
                0x0000000020000268                _sbss = .
                0x0000000020000268                __bss_start__ = _sbss
 *(.bss)
 .bss           0x0000000020000268       0x1c C:/ST/STM32CubeIDE_1.13.2/STM32CubeIDE/plugins/com.st.stm32cube.ide.mcu.externaltools.gnu-tools-for-stm32.11.3.rel1.win32_1.1.1.202309131626/tools/bin/../lib/gcc/arm-none-eabi/11.3.1/thumb/v7-m/nofp/crtbegin.o
 *(.bss*)
 .bss.hadc      0x0000000020000284       0x54 ./Core/Src/main.o
                0x0000000020000284                hadc
 .bss.hi2c2     0x00000000200002d8       0x54 ./Core/Src/main.o
                0x00000000200002d8                hi2c2
 .bss.hspi1     0x000000002000032c       0x58 ./Core/Src/main.o
                0x000000002000032c                hspi1
 .bss.hspi2     0x0000000020000384       0x58 ./Core/Src/main.o
                0x0000000020000384                hspi2
 .bss.htim2     0x00000000200003dc       0x40 ./Core/Src/main.o
                0x00000000200003dc                htim2
 .bss.htim3     0x000000002000041c       0x40 ./Core/Src/main.o
                0x000000002000041c                htim3
 .bss.htim4     0x000000002000045c       0x40 ./Core/Src/main.o
                0x000000002000045c                htim4
 .bss.htim6     0x000000002000049c       0x40 ./Core/Src/main.o
                0x000000002000049c                htim6
 .bss.htim7     0x00000000200004dc       0x40 ./Core/Src/main.o
                0x00000000200004dc                htim7
 .bss.htim9     0x000000002000051c       0x40 ./Core/Src/main.o
                0x000000002000051c                htim9
 .bss.htim10    0x000000002000055c       0x40 ./Core/Src/main.o
                0x000000002000055c                htim10
 .bss.htim11    0x000000002000059c       0x40 ./Core/Src/main.o
                0x000000002000059c                htim11
 .bss.flash     0x00000000200005dc        0xc ./Core/Src/main.o
                0x00000000200005dc                flash
 .bss.lcd       0x00000000200005e8       0x58 ./Core/Src/main.o
                0x00000000200005e8                lcd
 .bss.micros    0x0000000020000640        0x8 ./Core/Src/main.o
                0x0000000020000640                micros
 .bss.rotaryVal
                0x0000000020000648        0x2 ./Core/Src/main.o
                0x0000000020000648                rotaryVal
 .bss.prevRotaryVal
                0x000000002000064a        0x2 ./Core/Src/main.o
                0x000000002000064a                prevRotaryVal
 .bss.adcVal    0x000000002000064c        0x2 ./Core/Src/main.o
                0x000000002000064c                adcVal
 .bss.onTime    0x000000002000064e        0x1 ./Core/Src/main.o
                0x000000002000064e                onTime
 .bss.prevOnTime
                0x000000002000064f        0x1 ./Core/Src/main.o
                0x000000002000064f                prevOnTime
 .bss.buttonPushed
                0x0000000020000650        0x1 ./Core/Src/main.o
                0x0000000020000650                buttonPushed
 *fill*         0x0000000020000651        0x3 
 .bss.fs        0x0000000020000654      0x234 ./Core/Src/main.o
                0x0000000020000654                fs
 .bss.fil       0x0000000020000888      0x230 ./Core/Src/main.o
                0x0000000020000888                fil
 .bss.fresult   0x0000000020000ab8        0x1 ./Core/Src/main.o
                0x0000000020000ab8                fresult
 *fill*         0x0000000020000ab9        0x3 
 .bss.fno       0x0000000020000abc      0x118 ./Core/Src/main.o
                0x0000000020000abc                fno
 .bss.dir       0x0000000020000bd4       0x34 ./Core/Src/main.o
                0x0000000020000bd4                dir
 .bss.time      0x0000000020000c08        0x4 ./Core/Src/main.o
                0x0000000020000c08                time
 .bss.timeStarted