Archive member included to satisfy reference by file (symbol)

C:/ST/STM32CubeIDE_1.13.2/STM32CubeIDE/plugins/com.st.stm32cube.ide.mcu.externaltools.gnu-tools-for-stm32.11.3.rel1.win32_1.1.1.202309131626/tools/bin/../lib/gcc/arm-none-eabi/11.3.1/../../../../arm-none-eabi/lib/thumb/v7-m/nofp\libc_nano.a(libc_a-exit.o)
                              C:/ST/STM32CubeIDE_1.13.2/STM32CubeIDE/plugins/com.st.stm32cube.ide.mcu.externaltools.gnu-tools-for-stm32.11.3.rel1.win32_1.1.1.202309131626/tools/bin/../lib/gcc/arm-none-eabi/11.3.1/../../../../arm-none-eabi/lib/thumb/v7-m/nofp/crt0.o (exit)
C:/ST/STM32CubeIDE_1.13.2/STM32CubeIDE/plugins/com.st.stm32cube.ide.mcu.externaltools.gnu-tools-for-stm32.11.3.rel1.win32_1.1.1.202309131626/tools/bin/../lib/gcc/arm-none-eabi/11.3.1/../../../../arm-none-eabi/lib/thumb/v7-m/nofp\libc_nano.a(libc_a-findfp.o)
                              C:/ST/STM32CubeIDE_1.13.2/STM32CubeIDE/plugins/com.st.stm32cube.ide.mcu.externaltools.gnu-tools-for-stm32.11.3.rel1.win32_1.1.1.202309131626/tools/bin/../lib/gcc/arm-none-eabi/11.3.1/../../../../arm-none-eabi/lib/thumb/v7-m/nofp\libc_nano.a(libc_a-exit.o) (__stdio_exit_handler)
C:/ST/STM32CubeIDE_1.13.2/STM32CubeIDE/plugins/com.st.stm32cube.ide.mcu.externaltools.gnu-tools-for-stm32.11.3.rel1.win32_1.1.1.202309131626/tools/bin/../lib/gcc/arm-none-eabi/11.3.1/../../../../arm-none-eabi/lib/thumb/v7-m/nofp\libc_nano.a(libc_a-fwalk.o)
                              C:/ST/STM32CubeIDE_1.13.2/STM32CubeIDE/plugins/com.st.stm32cube.ide.mcu.externaltools.gnu-tools-for-stm32.11.3.rel1.win32_1.1.1.202309131626/tools/bin/../lib/gcc/arm-none-eabi/11.3.1/../../../../arm-none-eabi/lib/thumb/v7-m/nofp\libc_nano.a(libc_a-findfp.o) (_fwalk_sglue)
C:/ST/STM32CubeIDE_1.13.2/STM32CubeIDE/plugins/com.st.stm32cube.ide.mcu.externaltools.gnu-tools-for-stm32.11.3.rel1.win32_1.1.1.202309131626/tools/bin/../lib/gcc/arm-none-eabi/11.3.1/../../../../arm-none-eabi/lib/thumb/v7-m/nofp\libc_nano.a(libc_a-sprintf.o)
                              ./Core/Src/I2C_LCD.o (sprintf)
C:/ST/STM32CubeIDE_1.13.2/STM32CubeIDE/plugins/com.st.stm32cube.ide.mcu.externaltools.gnu-tools-for-stm32.11.3.rel1.win32_1.1.1.202309131626/tools/bin/../lib/gcc/arm-none-eabi/11.3.1/../../../../arm-none-eabi/lib/thumb/v7-m/nofp\libc_nano.a(libc_a-stdio.o)
                              C:/ST/STM32CubeIDE_1.13.2/STM32CubeIDE/plugins/com.st.stm32cube.ide.mcu.externaltools.gnu-tools-for-stm32.11.3.rel1.win32_1.1.1.202309131626/tools/bin/../lib/gcc/arm-none-eabi/11.3.1/../../../../arm-none-eabi/lib/thumb/v7-m/nofp\libc_nano.a(libc_a-findfp.o) (__sread)
C:/ST/STM32CubeIDE_1.13.2/STM32CubeIDE/plugins/com.st.stm32cube.ide.mcu.externaltools.gnu-tools-for-stm32.11.3.rel1.win32_1.1.1.202309131626/tools/bin/../lib/gcc/arm-none-eabi/11.3.1/../../../../arm-none-eabi/lib/thumb/v7-m/nofp\libc_nano.a(libc_a-memset.o)
                              C:/ST/STM32CubeIDE_1.13.2/STM32CubeIDE/plugins/com.st.stm32cube.ide.mcu.externaltools.gnu-tools-for-stm32.11.3.rel1.win32_1.1.1.202309131626/tools/bin/../lib/gcc/arm-none-eabi/11.3.1/../../../../arm-none-eabi/lib/thumb/v7-m/nofp/crt0.o (memset)
C:/ST/STM32CubeIDE_1.13.2/STM32CubeIDE/plugins/com.st.stm32cube.ide.mcu.externaltools.gnu-tools-for-stm32.11.3.rel1.win32_1.1.1.202309131626/tools/bin/../lib/gcc/arm-none-eabi/11.3.1/../../../../arm-none-eabi/lib/thumb/v7-m/nofp\libc_nano.a(libc_a-strncpy.o)
                              ./Core/Src/main.o (strncpy)
C:/ST/STM32CubeIDE_1.13.2/STM32CubeIDE/plugins/com.st.stm32cube.ide.mcu.externaltools.gnu-tools-for-stm32.11.3.rel1.win32_1.1.1.202309131626/tools/bin/../lib/gcc/arm-none-eabi/11.3.1/../../../../arm-none-eabi/lib/thumb/v7-m/nofp\libc_nano.a(libc_a-closer.o)
                              C:/ST/STM32CubeIDE_1.13.2/STM32CubeIDE/plugins/com.st.stm32cube.ide.mcu.externaltools.gnu-tools-for-stm32.11.3.rel1.win32_1.1.1.202309131626/tools/bin/../lib/gcc/arm-none-eabi/11.3.1/../../../../arm-none-eabi/lib/thumb/v7-m/nofp\libc_nano.a(libc_a-stdio.o) (_close_r)
C:/ST/STM32CubeIDE_1.13.2/STM32CubeIDE/plugins/com.st.stm32cube.ide.mcu.externaltools.gnu-tools-for-stm32.11.3.rel1.win32_1.1.1.202309131626/tools/bin/../lib/gcc/arm-none-eabi/11.3.1/../../../../arm-none-eabi/lib/thumb/v7-m/nofp\libc_nano.a(libc_a-reent.o)
                              C:/ST/STM32CubeIDE_1.13.2/STM32CubeIDE/plugins/com.st.stm32cube.ide.mcu.externaltools.gnu-tools-for-stm32.11.3.rel1.win32_1.1.1.202309131626/tools/bin/../lib/gcc/arm-none-eabi/11.3.1/../../../../arm-none-eabi/lib/thumb/v7-m/nofp\libc_nano.a(libc_a-closer.o) (errno)
C:/ST/STM32CubeIDE_1.13.2/STM32CubeIDE/plugins/com.st.stm32cube.ide.mcu.externaltools.gnu-tools-for-stm32.11.3.rel1.win32_1.1.1.202309131626/tools/bin/../lib/gcc/arm-none-eabi/11.3.1/../../../../arm-none-eabi/lib/thumb/v7-m/nofp\libc_nano.a(libc_a-impure.o)
[...]
Memory Configuration

Name             Origin             Length             Attributes
RAM              0x0000000020000000 0x0000000000004000 xrw
FLASH            0x0000000008000000 0x0000000000020000 xr
*default*        0x0000000000000000 0xffffffffffffffff

Linker script and memory map

LOAD C:/ST/STM32CubeIDE_1.13.2/STM32CubeIDE/plugins/com.st.stm32cube.ide.mcu.externaltools.gnu-tools-for-stm32.11.3.rel1.win32_1.1.1.202309131626/tools/bin/../lib/gcc/arm-none-eabi/11.3.1/thumb/v7-m/nofp/crti.o
LOAD C:/ST/STM32CubeIDE_1.13.2/STM32CubeIDE/plugins/com.st.stm32cube.ide.mcu.externaltools.gnu-tools-for-stm32.11.3.rel1.win32_1.1.1.202309131626/tools/bin/../lib/gcc/arm-none-eabi/11.3.1/thumb/v7-m/nofp/crtbegin.o
LOAD C:/ST/STM32CubeIDE_1.13.2/STM32CubeIDE/plugins/com.st.stm32cube.ide.mcu.externaltools.gnu-tools-for-stm32.11.3.rel1.win32_1.1.1.202309131626/tools/bin/../lib/gcc/arm-none-eabi/11.3.1/../../../../arm-none-eabi/lib/thumb/v7-m/nofp/crt0.o
LOAD ./Core/Src/I2C_LCD.o
LOAD ./Core/Src/Timers.o
LOAD ./Core/Src/W25X40CL.o
LOAD ./Core/Src/main.o
LOAD ./Core/Src/stm32l1xx_hal_msp.o
LOAD ./Core/Src/stm32l1xx_it.o
LOAD ./Core/Src/syscalls.o
LOAD ./Core/Src/sysmem.o
LOAD ./Core/Src/system_stm32l1xx.o
LOAD ./Core/Startup/startup_stm32l151cbtx.o
LOAD ./Drivers/STM32L1xx_HAL_Driver/Src/stm32l1xx_hal.o
LOAD ./Drivers/STM32L1xx_HAL_Driver/Src/stm32l1xx_hal_adc.o
LOAD ./Drivers/STM32L1xx_HAL_Driver/Src/stm32l1xx_hal_adc_ex.o
LOAD ./Drivers/STM32L1xx_HAL_Driver/Src/stm32l1xx_hal_cortex.o
LOAD ./Drivers/STM32L1xx_HAL_Driver/Src/stm32l1xx_hal_dma.o
LOAD ./Drivers/STM32L1xx_HAL_Driver/Src/stm32l1xx_hal_exti.o
LOAD ./Drivers/STM32L1xx_HAL_Driver/Src/stm32l1xx_hal_flash.o
LOAD ./Drivers/STM32L1xx_HAL_Driver/Src/stm32l1xx_hal_flash_ex.o
LOAD ./Drivers/STM32L1xx_HAL_Driver/Src/stm32l1xx_hal_flash_ramfunc.o
LOAD ./Drivers/STM32L1xx_HAL_Driver/Src/stm32l1xx_hal_gpio.o
LOAD ./Drivers/STM32L1xx_HAL_Driver/Src/stm32l1xx_hal_i2c.o
LOAD ./Drivers/STM32L1xx_HAL_Driver/Src/stm32l1xx_hal_pcd.o
LOAD ./Drivers/STM32L1xx_HAL_Driver/Src/stm32l1xx_hal_pcd_ex.o
LOAD ./Drivers/STM32L1xx_HAL_Driver/Src/stm32l1xx_hal_pwr.o
LOAD ./Drivers/STM32L1xx_HAL_Driver/Src/stm32l1xx_hal_pwr_ex.o
LOAD ./Drivers/STM32L1xx_HAL_Driver/Src/stm32l1xx_hal_rcc.o
LOAD ./Drivers/STM32L1xx_HAL_Driver/Src/stm32l1xx_hal_rcc_ex.o
LOAD ./Drivers/STM32L1xx_HAL_Driver/Src/stm32l1xx_hal_spi.o
LOAD ./Drivers/STM32L1xx_HAL_Driver/Src/stm32l1xx_hal_tim.o
LOAD ./Drivers/STM32L1xx_HAL_Driver/Src/stm32l1xx_hal_tim_ex.o
LOAD ./Drivers/STM32L1xx_HAL_Driver/Src/stm32l1xx_ll_usb.o
LOAD ./FATFS/App/fatfs.o
LOAD ./FATFS/Target/user_diskio.o
LOAD ./FATFS/Target/user_diskio_spi.o
LOAD ./Middlewares/ST/STM32_USB_Device_Library/Class/CDC/Src/usbd_cdc.o
LOAD ./Middlewares/ST/STM32_USB_Device_Library/Core/Src/usbd_core.o
LOAD ./Middlewares/ST/STM32_USB_Device_Library/Core/Src/usbd_ctlreq.o
LOAD ./Middlewares/ST/STM32_USB_Device_Library/Core/Src/usbd_ioreq.o
LOAD ./Middlewares/Third_Party/FatFs/src/diskio.o
LOAD ./Middlewares/Third_Party/FatFs/src/ff.o
LOAD ./Middlewares/Third_Party/FatFs/src/ff_gen_drv.o
LOAD ./Middlewares/Third_Party/FatFs/src/option/ccsbcs.o
LOAD ./Middlewares/Third_Party/FatFs/src/option/syscall.o
LOAD ./USB_DEVICE/App/usb_device.o
LOAD ./USB_DEVICE/App/usbd_cdc_if.o
LOAD ./USB_DEVICE/App/usbd_desc.o
LOAD ./USB_DEVICE/Target/usbd_conf.o
START GROUP
LOAD C:/ST/STM32CubeIDE_1.13.2/STM32CubeIDE/plugins/com.st.stm32cube.ide.mcu.externaltools.gnu-tools-for-stm32.11.3.rel1.win32_1.1.1.202309131626/tools/bin/../lib/gcc/arm-none-eabi/11.3.1/../../../../arm-none-eabi/lib/thumb/v7-m/nofp\libc_nano.a
LOAD C:/ST/STM32CubeIDE_1.13.2/STM32CubeIDE/plugins/com.st.stm32cube.ide.mcu.externaltools.gnu-tools-for-stm32.11.3.rel1.win32_1.1.1.202309131626/tools/bin/../lib/gcc/arm-none-eabi/11.3.1/../../../../arm-none-eabi/lib/thumb/v7-m/nofp\libm.a
END GROUP
START GROUP
LOAD C:/ST/STM32CubeIDE_1.13.2/STM32CubeIDE/plugins/com.st.stm32cube.ide.mcu.externaltools.gnu-tools-for-stm32.11.3.rel1.win32_1.1.1.202309131626/tools/bin/../lib/gcc/arm-none-eabi/11.3.1/thumb/v7-m/nofp\libgcc.a
LOAD C:/ST/STM32CubeIDE_1.13.2/STM32CubeIDE/plugins/com.st.stm32cube.ide.mcu.externaltools.gnu-tools-for-stm32.11.3.rel1.win32_1.1.1.202309131626/tools/bin/../lib/gcc/arm-none-eabi/11.3.1/../../../../arm-none-eabi/lib/thumb/v7-m/nofp\libc_nano.a
END GROUP
START GROUP
LOAD C:/ST/STM32CubeIDE_1.13.2/STM32CubeIDE/plugins/com.st.stm32cube.ide.mcu.externaltools.gnu-tools-for-stm32.11.3.rel1.win32_1.1.1.202309131626/tools/bin/../lib/gcc/arm-none-eabi/11.3.1/thumb/v7-m/nofp\libgcc.a
LOAD C:/ST/STM32CubeIDE_1.13.2/STM32CubeIDE/plugins/com.st.stm32cube.ide.mcu.externaltools.gnu-tools-for-stm32.11.3.rel1.win32_1.1.1.202309131626/tools/bin/../lib/gcc/arm-none-eabi/11.3.1/../../../../arm-none-eabi/lib/thumb/v7-m/nofp\libc_nano.a
LOAD C:/ST/STM32CubeIDE_1.13.2/STM32CubeIDE/plugins/com.st.stm32cube.ide.mcu.externaltools.gnu-tools-for-stm32.11.3.rel1.win32_1.1.1.202309131626/tools/bin/../lib/gcc/arm-none-eabi/11.3.1/../../../../arm-none-eabi/lib/thumb/v7-m/nofp\libnosys.a
END GROUP
START GROUP
LOAD C:/ST/STM32CubeIDE_1.13.2/STM32CubeIDE/plugins/com.st.stm32cube.ide.mcu.externaltools.gnu-tools-for-stm32.11.3.rel1.win32_1.1.1.202309131626/tools/bin/../lib/gcc/arm-none-eabi/11.3.1/thumb/v7-m/nofp\libgcc.a
LOAD C:/ST/STM32CubeIDE_1.13.2/STM32CubeIDE/plugins/com.st.stm32cube.ide.mcu.externaltools.gnu-tools-for-stm32.11.3.rel1.win32_1.1.1.202309131626/tools/bin/../lib/gcc/arm-none-eabi/11.3.1/../../../../arm-none-eabi/lib/thumb/v7-m/nofp\libc_nano.a
LOAD C:/ST/STM32CubeIDE_1.13.2/STM32CubeIDE/plugins/com.st.stm32cube.ide.mcu.externaltools.gnu-tools-for-stm32.11.3.rel1.win32_1.1.1.202309131626/tools/bin/../lib/gcc/arm-none-eabi/11.3.1/../../../../arm-none-eabi/lib/thumb/v7-m/nofp\libnosys.a
END GROUP
LOAD C:/ST/STM32CubeIDE_1.13.2/STM32CubeIDE/plugins/com.st.stm32cube.ide.mcu.externaltools.gnu-tools-for-stm32.11.3.rel1.win32_1.1.1.202309131626/tools/bin/../lib/gcc/arm-none-eabi/11.3.1/thumb/v7-m/nofp/crtend.o
LOAD C:/ST/STM32CubeIDE_1.13.2/STM32CubeIDE/plugins/com.st.stm32cube.ide.mcu.externaltools.gnu-tools-for-stm32.11.3.rel1.win32_1.1.1.202309131626/tools/bin/../lib/gcc/arm-none-eabi/11.3.1/thumb/v7-m/nofp/crtn.o
                0x0000000020004000                _estack = (ORIGIN (RAM) + LENGTH (RAM))
                0x0000000000000200                _Min_Heap_Size = 0x200
                0x0000000000000400                _Min_Stack_Size = 0x400

.isr_vector     0x0000000008000000      0x13c
                0x0000000008000000                . = ALIGN (0x4)
 *(.isr_vector)
 .isr_vector    0x0000000008000000      0x13c ./Core/Startup/startup_stm32l151cbtx.o
                0x0000000008000000                g_pfnVectors
                0x000000000800013c                . = ALIGN (0x4)

.text           0x000000000800013c    0x12510
                0x000000000800013c                . = ALIGN (0x4)
 *(.text)
 .text          0x000000000800013c       0x40 C:/ST/STM32CubeIDE_1.13.2/STM32CubeIDE/plugins/com.st.stm32cube.ide.mcu.externaltools.gnu-tools-for-stm32.11.3.rel1.win32_1.1.1.202309131626/tools/bin/../lib/gcc/arm-none-eabi/11.3.1/thumb/v7-m/nofp/crtbegin.o
 .text          0x000000000800017c       0x10 C:/ST/STM32CubeIDE_1.13.2/STM32CubeIDE/plugins/com.st.stm32cube.ide.mcu.externaltools.gnu-tools-for-stm32.11.3.rel1.win32_1.1.1.202309131626/tools/bin/../lib/gcc/arm-none-eabi/11.3.1/../../../../arm-none-eabi/lib/thumb/v7-m/nofp\libc_nano.a(libc_a-strlen.o)
                0x000000000800017c                strlen
 .text          0x000000000800018c      0x378 C:/ST/STM32CubeIDE_1.13.2/STM32CubeIDE/plugins/com.st.stm32cube.ide.mcu.externaltools.gnu-tools-for-stm32.11.3.rel1.win32_1.1.1.202309131626/tools/bin/../lib/gcc/arm-none-eabi/11.3.1/thumb/v7-m/nofp\libgcc.a(_arm_addsubdf3.o)
                0x000000000800018c                __aeabi_drsub
                0x0000000008000194                __aeabi_dsub
                0x0000000008000194                __subdf3
                0x0000000008000198                __aeabi_dadd
                0x0000000008000198                __adddf3
                0x0000000008000410                __floatunsidf
                0x0000000008000410                __aeabi_ui2d
                0x0000000008000430                __floatsidf
                0x0000000008000430                __aeabi_i2d
                0x0000000008000454                __aeabi_f2d
                0x0000000008000454                __extendsfdf2
                0x0000000008000498                __floatundidf
                0x0000000008000498                __aeabi_ul2d
                0x00000000080004a8                __floatdidf
                0x00000000080004a8                __aeabi_l2d
 .text          0x0000000008000504      0x424 C:/ST/STM32CubeIDE_1.13.2/STM32CubeIDE/plugins/com.st.stm32cube.ide.mcu.externaltools.gnu-tools-for-stm32.11.3.rel1.win32_1.1.1.202309131626/tools/bin/../lib/gcc/arm-none-eabi/11.3.1/thumb/v7-m/nofp\libgcc.a(_arm_muldivdf3.o)
                0x0000000008000504                __aeabi_dmul
                0x0000000008000504                __muldf3
                0x0000000008000758                __divdf3
                0x0000000008000758                __aeabi_ddiv
 .text          0x0000000008000928       0x40 C:/ST/STM32CubeIDE_1.13.2/STM32CubeIDE/plugins/com.st.stm32cube.ide.mcu.externaltools.gnu-tools-for-stm32.11.3.rel1.win32_1.1.1.202309131626/tools/bin/../lib/gcc/arm-none-eabi/11.3.1/thumb/v7-m/nofp\libgcc.a(_arm_fixunsdfsi.o)
                0x0000000008000928                __aeabi_d2uiz
                0x0000000008000928                __fixunsdfsi
 .text          0x0000000008000968      0x21c C:/ST/STM32CubeIDE_1.13.2/STM32CubeIDE/plugins/com.st.stm32cube.ide.mcu.externaltools.gnu-tools-for-stm32.11.3.rel1.win32_1.1.1.202309131626/tools/bin/../lib/gcc/arm-none-eabi/11.3.1/thumb/v7-m/nofp\libgcc.a(_arm_addsubsf3.o)
                0x0000000008000968                __aeabi_frsub
                0x0000000008000970                __subsf3
                0x0000000008000970                __aeabi_fsub
                0x0000000008000974                __aeabi_fadd
                0x0000000008000974                __addsf3
                0x0000000008000ad4                __aeabi_ui2f
                0x0000000008000ad4                __floatunsisf
                0x0000000008000adc                __aeabi_i2f
                0x0000000008000adc                __floatsisf
                0x0000000008000af8                __aeabi_ul2f
                0x0000000008000af8                __floatundisf
                0x0000000008000b08                __aeabi_l2f
                0x0000000008000b08                __floatdisf
 .text          0x0000000008000b84      0x2a0 C:/ST/STM32CubeIDE_1.13.2/STM32CubeIDE/plugins/com.st.stm32cube.ide.mcu.externaltools.gnu-tools-for-stm32.11.3.rel1.win32_1.1.1.202309131626/tools/bin/../lib/gcc/arm-none-eabi/11.3.1/thumb/v7-m/nofp\libgcc.a(_arm_muldivsf3.o)
                0x0000000008000b84                __mulsf3
                0x0000000008000b84                __aeabi_fmul
                0x0000000008000cec                __aeabi_fdiv
                0x0000000008000cec                __divsf3
 .text          0x0000000008000e24       0x40 C:/ST/STM32CubeIDE_1.13.2/STM32CubeIDE/plugins/com.st.stm32cube.ide.mcu.externaltools.gnu-tools-for-stm32.11.3.rel1.win32_1.1.1.202309131626/tools/bin/../lib/gcc/arm-none-eabi/11.3.1/thumb/v7-m/nofp\libgcc.a(_arm_fixunssfsi.o)
                0x0000000008000e24                __fixunssfsi
                0x0000000008000e24                __aeabi_f2uiz
 .text          0x0000000008000e64       0x30 C:/ST/STM32CubeIDE_1.13.2/STM32CubeIDE/plugins/com.st.stm32cube.ide.mcu.externaltools.gnu-tools-for-stm32.11.3.rel1.win32_1.1.1.202309131626/tools/bin/../lib/gcc/arm-none-eabi/11.3.1/thumb/v7-m/nofp\libgcc.a(_aeabi_uldivmod.o)
                0x0000000008000e64                __aeabi_uldivmod
 .text          0x0000000008000e94      0x2cc C:/ST/STM32CubeIDE_1.13.2/STM32CubeIDE/plugins/com.st.stm32cube.ide.mcu.externaltools.gnu-tools-for-stm32.11.3.rel1.win32_1.1.1.202309131626/tools/bin/../lib/gcc/arm-none-eabi/11.3.1/thumb/v7-m/nofp\libgcc.a(_udivmoddi4.o)
                0x0000000008000e94                __udivmoddi4
 .text          0x0000000008001160        0x4 C:/ST/STM32CubeIDE_1.13.2/STM32CubeIDE/plugins/com.st.stm32cube.ide.mcu.externaltools.gnu-tools-for-stm32.11.3.rel1.win32_1.1.1.202309131626/tools/bin/../lib/gcc/arm-none-eabi/11.3.1/thumb/v7-m/nofp\libgcc.a(_dvmd_tls.o)
                0x0000000008001160                __aeabi_idiv0
                0x0000000008001160                __aeabi_ldiv0
 *(.text*)
 .text.initLCD  0x0000000008001164       0xbc ./Core/Src/I2C_LCD.o
                0x0000000008001164                initLCD
 .text.setCursor
                0x0000000008001220       0x74 ./Core/Src/I2C_LCD.o
                0x0000000008001220                setCursor
 .text.LCDPrint
                0x0000000008001294       0x5a ./Core/Src/I2C_LCD.o
                0x0000000008001294                LCDPrint
 *fill*         0x00000000080012ee        0x2 
 .text.LCDPrintNumber
                0x00000000080012f0       0x90 ./Core/Src/I2C_LCD.o
                0x00000000080012f0                LCDPrintNumber
 .text.LCDPrintAtPos
                0x0000000008001380       0x40 ./Core/Src/I2C_LCD.o
                0x0000000008001380                LCDPrintAtPos
 .text.setDDRAMAddress
                0x00000000080013c0       0x2e ./Core/Src/I2C_LCD.o
                0x00000000080013c0                setDDRAMAddress
 .text.clearDisplay
                0x00000000080013ee       0x2c ./Core/Src/I2C_LCD.o
                0x00000000080013ee                clearDisplay
 .text.LCDCursorOffBlinkOn
                0x000000000800141a       0x2c ./Core/Src/I2C_LCD.o
                0x000000000800141a                LCDCursorOffBlinkOn
 .text.LCDCursorOffBlinkOff
                0x0000000008001446       0x2c ./Core/Src/I2C_LCD.o
                0x0000000008001446                LCDCursorOffBlinkOff
 .text.writeToRegister
                0x0000000008001472       0x84 ./Core/Src/I2C_LCD.o
                0x0000000008001472                writeToRegister
 .text.write4BitsToInstructionReg
                0x00000000080014f6       0xae ./Core/Src/I2C_LCD.o
                0x00000000080014f6                write4BitsToInstructionReg
 .text.write4BitsToDataReg
                0x00000000080015a4       0xae ./Core/Src/I2C_LCD.o
                0x00000000080015a4                write4BitsToDataReg
 *fill*         0x0000000008001652        0x2 
 .text.setTimerFrequencyPulseWidth
                0x0000000008001654      0x17c ./Core/Src/Timers.o
                0x0000000008001654                setTimerFrequencyPulseWidth
 .text.findTimForThisCombo
                0x00000000080017d0      0x248 ./Core/Src/main.o
                0x00000000080017d0                findTimForThisCombo
 .text.turnOffAllCoils
                0x0000000008001a18       0xbc ./Core/Src/main.o
                0x0000000008001a18                turnOffAllCoils
 .text.main     0x0000000008001ad4      0xbb8 ./Core/Src/main.o
                0x0000000008001ad4                main
 .text.changeNumber
                0x000000000800268c      0x488 ./Core/Src/main.o
                0x000000000800268c                changeNumber
 .text.SystemClock_Config
                0x0000000008002b14       0xa0 ./Core/Src/main.o
                0x0000000008002b14                SystemClock_Config
 .text.MX_ADC_Init
                0x0000000008002bb4       0xb4 ./Core/Src/main.o
 .text.MX_I2C2_Init
                0x0000000008002c68       0x5c ./Core/Src/main.o
 .text.MX_SPI1_Init
                0x0000000008002cc4       0x68 ./Core/Src/main.o
 .text.MX_SPI2_Init
                0x0000000008002d2c       0x68 ./Core/Src/main.o
 .text.MX_TIM2_Init
                0x0000000008002d94      0x110 ./Core/Src/main.o
 .text.MX_TIM3_Init
                0x0000000008002ea4       0xe8 ./Core/Src/main.o
 .text.MX_TIM4_Init
                0x0000000008002f8c      0x110 ./Core/Src/main.o
 .text.MX_TIM6_Init
                0x000000000800309c       0x68 ./Core/Src/main.o
 .text.MX_TIM7_Init
                0x0000000008003104       0x6c ./Core/Src/main.o
 .text.MX_TIM9_Init
                0x0000000008003170       0xe8 ./Core/Src/main.o
 .text.MX_TIM10_Init
                0x0000000008003258       0xc0 ./Core/Src/main.o
 .text.MX_TIM11_Init
                0x0000000008003318       0x84 ./Core/Src/main.o
 .text.MX_GPIO_Init
                0x000000000800339c      0x18c ./Core/Src/main.o
 .text.writeStatusLED
                0x0000000008003528       0x8c ./Core/Src/main.o
                0x0000000008003528                writeStatusLED
 .text.HAL_GPIO_EXTI_Callback
                0x00000000080035b4       0x6c ./Core/Src/main.o
                0x00000000080035b4                HAL_GPIO_EXTI_Callback
 .text.printToUSB
                0x0000000008003620       0x26 ./Core/Src/main.o
                0x0000000008003620                printToUSB
 *fill*         0x0000000008003646        0x2 
 .text.USBDataReceived_IT
                0x0000000008003648       0x7c ./Core/Src/main.o
                0x0000000008003648                USBDataReceived_IT
 .text.HAL_TIM_PeriodElapsedCallback
                0x00000000080036c4       0x4c ./Core/Src/main.o
                0x00000000080036c4                HAL_TIM_PeriodElapsedCallback
 .text.SDModeChooseSong
                0x0000000008003710      0x390 ./Core/Src/main.o
                0x0000000008003710                SDModeChooseSong
 .text.SDDealWithScreen
                0x0000000008003aa0       0xec ./Core/Src/main.o
                0x0000000008003aa0                SDDealWithScreen
 .text.SDMode   0x0000000008003b8c      0x4ac ./Core/Src/main.o
                0x0000000008003b8c                SDMode
 .text.Error_Handler
                0x0000000008004038        0xa ./Core/Src/main.o
                0x0000000008004038                Error_Handler
 *fill*         0x0000000008004042        0x2 
 .text.HAL_MspInit
                0x0000000008004044       0x5c ./Core/Src/stm32l1xx_hal_msp.o
                0x0000000008004044                HAL_MspInit
 .text.HAL_ADC_MspInit
                0x00000000080040a0       0x80 ./Core/Src/stm32l1xx_hal_msp.o
                0x00000000080040a0                HAL_ADC_MspInit
 .text.HAL_I2C_MspInit
                0x0000000008004120       0x88 ./Core/Src/stm32l1xx_hal_msp.o
                0x0000000008004120                HAL_I2C_MspInit
 .text.HAL_SPI_MspInit
                0x00000000080041a8       0xe8 ./Core/Src/stm32l1xx_hal_msp.o
                0x00000000080041a8                HAL_SPI_MspInit
 .text.HAL_TIM_Base_MspInit
                0x0000000008004290      0x148 ./Core/Src/stm32l1xx_hal_msp.o
                0x0000000008004290                HAL_TIM_Base_MspInit
 .text.HAL_TIM_PWM_MspInit
                0x00000000080043d8       0x3c ./Core/Src/stm32l1xx_hal_msp.o
                0x00000000080043d8                HAL_TIM_PWM_MspInit
 .text.HAL_TIM_MspPostInit
                0x0000000008004414      0x1dc ./Core/Src/stm32l1xx_hal_msp.o
                0x0000000008004414                HAL_TIM_MspPostInit
 .text.NMI_Handler
                0x00000000080045f0        0x6 ./Core/Src/stm32l1xx_it.o
                0x00000000080045f0                NMI_Handler
 .text.HardFault_Handler
                0x00000000080045f6        0x6 ./Core/Src/stm32l1xx_it.o
                0x00000000080045f6                HardFault_Handler
 .text.MemManage_Handler
                0x00000000080045fc        0x6 ./Core/Src/stm32l1xx_it.o
                0x00000000080045fc                MemManage_Handler
 .text.BusFault_Handler
                0x0000000008004602        0x6 ./Core/Src/stm32l1xx_it.o
                0x0000000008004602                BusFault_Handler
 .text.UsageFault_Handler
                0x0000000008004608        0x6 ./Core/Src/stm32l1xx_it.o
                0x0000000008004608                UsageFault_Handler
 .text.SVC_Handler
                0x000000000800460e        0xc ./Core/Src/stm32l1xx_it.o
                0x000000000800460e                SVC_Handler
 .text.DebugMon_Handler
                0x000000000800461a        0xc ./Core/Src/stm32l1xx_it.o
                0x000000000800461a                DebugMon_Handler
 .text.PendSV_Handler
                0x0000000008004626        0xc ./Core/Src/stm32l1xx_it.o
                0x0000000008004626                PendSV_Handler
 .text.SysTick_Handler
                0x0000000008004632        0xc ./Core/Src/stm32l1xx_it.o
                0x0000000008004632                SysTick_Handler
 *fill*         0x000000000800463e        0x2 
 .text.USB_LP_IRQHandler
                0x0000000008004640       0x14 ./Core/Src/stm32l1xx_it.o
                0x0000000008004640                USB_LP_IRQHandler
 .text.EXTI9_5_IRQHandler
                0x0000000008004654       0x18 ./Core/Src/stm32l1xx_it.o
                0x0000000008004654                EXTI9_5_IRQHandler
 .text.TIM6_IRQHandler
                0x000000000800466c       0x14 ./Core/Src/stm32l1xx_it.o
                0x000000000800466c                TIM6_IRQHandler
 .text.TIM7_IRQHandler
                0x0000000008004680       0x14 ./Core/Src/stm32l1xx_it.o
                0x0000000008004680                TIM7_IRQHandler
 .text._sbrk    0x0000000008004694       0x6c ./Core/Src/sysmem.o
                0x0000000008004694                _sbrk
 .text.SystemInit
                0x0000000008004700        0xc ./Core/Src/system_stm32l1xx.o
                0x0000000008004700                SystemInit
 .text.Reset_Handler
                0x000000000800470c       0x48 ./Core/Startup/startup_stm32l151cbtx.o
                0x000000000800470c                Reset_Handler
 .text.Default_Handler
                0x0000000008004754        0x2 ./Core/Startup/startup_stm32l151cbtx.o
                0x0000000008004754                RTC_Alarm_IRQHandler
                0x0000000008004754                EXTI2_IRQHandler
                0x0000000008004754                TIM10_IRQHandler
                0x0000000008004754                USB_HP_IRQHandler
                0x0000000008004754                PVD_IRQHandler
                0x0000000008004754                EXTI3_IRQHandler
                0x0000000008004754                EXTI0_IRQHandler
                0x0000000008004754                I2C2_EV_IRQHandler
                0x0000000008004754                SPI1_IRQHandler
                0x0000000008004754                USB_FS_WKUP_IRQHandler
                0x0000000008004754                DMA1_Channel4_IRQHandler
                0x0000000008004754                ADC1_IRQHandler
                0x0000000008004754                USART3_IRQHandler
                0x0000000008004754                DMA1_Channel7_IRQHandler
                0x0000000008004754                TIM4_IRQHandler
                0x0000000008004754                I2C1_EV_IRQHandler
                0x0000000008004754                DMA1_Channel6_IRQHandler
                0x0000000008004754                TIM3_IRQHandler
                0x0000000008004754                RCC_IRQHandler
                0x0000000008004754                DMA1_Channel1_IRQHandler
                0x0000000008004754                Default_Handler
                0x0000000008004754                EXTI15_10_IRQHandler
                0x0000000008004754                TIM9_IRQHandler
                0x0000000008004754                TAMPER_STAMP_IRQHandler
                0x0000000008004754                RTC_WKUP_IRQHandler
                0x0000000008004754                SPI2_IRQHandler
                0x0000000008004754                DMA1_Channel5_IRQHandler
                0x0000000008004754                EXTI4_IRQHandler
                0x0000000008004754                DMA1_Channel3_IRQHandler
                0x0000000008004754                COMP_IRQHandler
                0x0000000008004754                WWDG_IRQHandler
                0x0000000008004754                TIM2_IRQHandler
                0x0000000008004754                DAC_IRQHandler
                0x0000000008004754                EXTI1_IRQHandler
                0x0000000008004754                TIM11_IRQHandler
                0x0000000008004754                USART2_IRQHandler
                0x0000000008004754                I2C2_ER_IRQHandler
                0x0000000008004754                DMA1_Channel2_IRQHandler
                0x0000000008004754                FLASH_IRQHandler
                0x0000000008004754                USART1_IRQHandler
                0x0000000008004754                I2C1_ER_IRQHandler
 .text.HAL_Init
                0x0000000008004756       0x30 ./Drivers/STM32L1xx_HAL_Driver/Src/stm32l1xx_hal.o
                0x0000000008004756                HAL_Init
 *fill*         0x0000000008004786        0x2 
 .text.HAL_InitTick
                0x0000000008004788       0x74 ./Drivers/STM32L1xx_HAL_Driver/Src/stm32l1xx_hal.o
                0x0000000008004788                HAL_InitTick
 .text.HAL_IncTick
                0x00000000080047fc       0x24 ./Drivers/STM32L1xx_HAL_Driver/Src/stm32l1xx_hal.o
                0x00000000080047fc                HAL_IncTick
 .text.HAL_GetTick
                0x0000000008004820       0x14 ./Drivers/STM32L1xx_HAL_Driver/Src/stm32l1xx_hal.o
                0x0000000008004820                HAL_GetTick
 .text.HAL_Delay
                0x0000000008004834       0x44 ./Drivers/STM32L1xx_HAL_Driver/Src/stm32l1xx_hal.o
                0x0000000008004834                HAL_Delay
 .text.HAL_ADC_Init
                0x0000000008004878      0x28c ./Drivers/STM32L1xx_HAL_Driver/Src/stm32l1xx_hal_adc.o
                0x0000000008004878                HAL_ADC_Init
 .text.HAL_ADC_Start
                0x0000000008004b04       0xc0 ./Drivers/STM32L1xx_HAL_Driver/Src/stm32l1xx_hal_adc.o
                0x0000000008004b04                HAL_ADC_Start
 .text.HAL_ADC_Start_IT
                0x0000000008004bc4       0xd4 ./Drivers/STM32L1xx_HAL_Driver/Src/stm32l1xx_hal_adc.o
                0x0000000008004bc4                HAL_ADC_Start_IT
 .text.HAL_ADC_GetValue
                0x0000000008004c98       0x18 ./Drivers/STM32L1xx_HAL_Driver/Src/stm32l1xx_hal_adc.o
                0x0000000008004c98                HAL_ADC_GetValue
 .text.HAL_ADC_ConfigChannel
                0x0000000008004cb0      0x2a0 ./Drivers/STM32L1xx_HAL_Driver/Src/stm32l1xx_hal_adc.o
                0x0000000008004cb0                HAL_ADC_ConfigChannel
 .text.ADC_Enable
                0x0000000008004f50       0xb8 ./Drivers/STM32L1xx_HAL_Driver/Src/stm32l1xx_hal_adc.o
                0x0000000008004f50                ADC_Enable
 .text.__NVIC_SetPriorityGrouping
                0x0000000008005008       0x48 ./Drivers/STM32L1xx_HAL_Driver/Src/stm32l1xx_hal_cortex.o
 .text.__NVIC_GetPriorityGrouping
                0x0000000008005050       0x1c ./Drivers/STM32L1xx_HAL_Driver/Src/stm32l1xx_hal_cortex.o
 .text.__NVIC_EnableIRQ
                0x000000000800506c       0x38 ./Drivers/STM32L1xx_HAL_Driver/Src/stm32l1xx_hal_cortex.o
 .text.__NVIC_SetPriority
                0x00000000080050a4       0x54 ./Drivers/STM32L1xx_HAL_Driver/Src/stm32l1xx_hal_cortex.o
 .text.NVIC_EncodePriority
                0x00000000080050f8       0x64 ./Drivers/STM32L1xx_HAL_Driver/Src/stm32l1xx_hal_cortex.o
 .text.SysTick_Config
                0x000000000800515c       0x44 ./Drivers/STM32L1xx_HAL_Driver/Src/stm32l1xx_hal_cortex.o
 .text.HAL_NVIC_SetPriorityGrouping
                0x00000000080051a0       0x16 ./Drivers/STM32L1xx_HAL_Driver/Src/stm32l1xx_hal_cortex.o
                0x00000000080051a0                HAL_NVIC_SetPriorityGrouping
 .text.HAL_NVIC_SetPriority
                0x00000000080051b6       0x38 ./Drivers/STM32L1xx_HAL_Driver/Src/stm32l1xx_hal_cortex.o
                0x00000000080051b6                HAL_NVIC_SetPriority
 .text.HAL_NVIC_EnableIRQ
                0x00000000080051ee       0x1c ./Drivers/STM32L1xx_HAL_Driver/Src/stm32l1xx_hal_cortex.o
                0x00000000080051ee                HAL_NVIC_EnableIRQ
 .text.HAL_SYSTICK_Config
                0x000000000800520a       0x18 ./Drivers/STM32L1xx_HAL_Driver/Src/stm32l1xx_hal_cortex.o
                0x000000000800520a                HAL_SYSTICK_Config
 *fill*         0x0000000008005222        0x2 
 .text.HAL_GPIO_Init
                0x0000000008005224      0x300 ./Drivers/STM32L1xx_HAL_Driver/Src/stm32l1xx_hal_gpio.o
                0x0000000008005224                HAL_GPIO_Init
 .text.HAL_GPIO_ReadPin
                0x0000000008005524       0x2e ./Drivers/STM32L1xx_HAL_Driver/Src/stm32l1xx_hal_gpio.o
                0x0000000008005524                HAL_GPIO_ReadPin
 .text.HAL_GPIO_WritePin
                0x0000000008005552       0x30 ./Drivers/STM32L1xx_HAL_Driver/Src/stm32l1xx_hal_gpio.o
                0x0000000008005552                HAL_GPIO_WritePin
 .text.HAL_GPIO_TogglePin
                0x0000000008005582       0x32 ./Drivers/STM32L1xx_HAL_Driver/Src/stm32l1xx_hal_gpio.o
                0x0000000008005582                HAL_GPIO_TogglePin
 .text.HAL_GPIO_EXTI_IRQHandler
                0x00000000080055b4       0x30 ./Drivers/STM32L1xx_HAL_Driver/Src/stm32l1xx_hal_gpio.o
                0x00000000080055b4                HAL_GPIO_EXTI_IRQHandler
 .text.HAL_I2C_Init
                0x00000000080055e4      0x288 ./Drivers/STM32L1xx_HAL_Driver/Src/stm32l1xx_hal_i2c.o
                0x00000000080055e4                HAL_I2C_Init
 .text.HAL_I2C_Master_Transmit
                0x000000000800586c      0x1fc ./Drivers/STM32L1xx_HAL_Driver/Src/stm32l1xx_hal_i2c.o
                0x000000000800586c                HAL_I2C_Master_Transmit
 .text.I2C_MasterRequestWrite
                0x0000000008005a68      0x104 ./Drivers/STM32L1xx_HAL_Driver/Src/stm32l1xx_hal_i2c.o
 .text.I2C_WaitOnFlagUntilTimeout
                0x0000000008005b6c       0xae ./Drivers/STM32L1xx_HAL_Driver/Src/stm32l1xx_hal_i2c.o
 .text.I2C_WaitOnMasterAddressFlagUntilTimeout
                0x0000000008005c1a       0xfe ./Drivers/STM32L1xx_HAL_Driver/Src/stm32l1xx_hal_i2c.o
 .text.I2C_WaitOnTXEFlagUntilTimeout
                0x0000000008005d18       0x82 ./Drivers/STM32L1xx_HAL_Driver/Src/stm32l1xx_hal_i2c.o
 .text.I2C_WaitOnBTFFlagUntilTimeout
                0x0000000008005d9a       0x82 ./Drivers/STM32L1xx_HAL_Driver/Src/stm32l1xx_hal_i2c.o
 .text.I2C_IsAcknowledgeFailed
                0x0000000008005e1c       0x5c ./Drivers/STM32L1xx_HAL_Driver/Src/stm32l1xx_hal_i2c.o
 .text.HAL_PCD_Init
                0x0000000008005e78      0x1bc ./Drivers/STM32L1xx_HAL_Driver/Src/stm32l1xx_hal_pcd.o
                0x0000000008005e78                HAL_PCD_Init
 .text.HAL_PCD_Start
                0x0000000008006034       0x4c ./Drivers/STM32L1xx_HAL_Driver/Src/stm32l1xx_hal_pcd.o
                0x0000000008006034                HAL_PCD_Start
 .text.HAL_PCD_IRQHandler
                0x0000000008006080      0x1ee ./Drivers/STM32L1xx_HAL_Driver/Src/stm32l1xx_hal_pcd.o
                0x0000000008006080                HAL_PCD_IRQHandler
 .text.HAL_PCD_SetAddress
                0x000000000800626e       0x4a ./Drivers/STM32L1xx_HAL_Driver/Src/stm32l1xx_hal_pcd.o
                0x000000000800626e                HAL_PCD_SetAddress
 .text.HAL_PCD_EP_Open
                0x00000000080062b8       0xcc ./Drivers/STM32L1xx_HAL_Driver/Src/stm32l1xx_hal_pcd.o
                0x00000000080062b8                HAL_PCD_EP_Open
 .text.HAL_PCD_EP_Close
                0x0000000008006384       0x90 ./Drivers/STM32L1xx_HAL_Driver/Src/stm32l1xx_hal_pcd.o
                0x0000000008006384                HAL_PCD_EP_Close
 .text.HAL_PCD_EP_Receive
                0x0000000008006414       0x7a ./Drivers/STM32L1xx_HAL_Driver/Src/stm32l1xx_hal_pcd.o
                0x0000000008006414                HAL_PCD_EP_Receive
 .text.HAL_PCD_EP_GetRxCount
                0x000000000800648e       0x2e ./Drivers/STM32L1xx_HAL_Driver/Src/stm32l1xx_hal_pcd.o
                0x000000000800648e                HAL_PCD_EP_GetRxCount
 .text.HAL_PCD_EP_Transmit
                0x00000000080064bc       0x86 ./Drivers/STM32L1xx_HAL_Driver/Src/stm32l1xx_hal_pcd.o
                0x00000000080064bc                HAL_PCD_EP_Transmit
 .text.HAL_PCD_EP_SetStall
                0x0000000008006542       0xa4 ./Drivers/STM32L1xx_HAL_Driver/Src/stm32l1xx_hal_pcd.o
                0x0000000008006542                HAL_PCD_EP_SetStall
 .text.HAL_PCD_EP_ClrStall
                0x00000000080065e6       0xa8 ./Drivers/STM32L1xx_HAL_Driver/Src/stm32l1xx_hal_pcd.o
                0x00000000080065e6                HAL_PCD_EP_ClrStall
 .text.PCD_EP_ISR_Handler
                0x000000000800668e      0x600 ./Drivers/STM32L1xx_HAL_Driver/Src/stm32l1xx_hal_pcd.o
 .text.HAL_PCD_EP_DB_Receive
                0x0000000008006c8e      0x21a ./Drivers/STM32L1xx_HAL_Driver/Src/stm32l1xx_hal_pcd.o
 .text.HAL_PCD_EP_DB_Transmit
                0x0000000008006ea8      0x7a4 ./Drivers/STM32L1xx_HAL_Driver/Src/stm32l1xx_hal_pcd.o
 .text.HAL_PCDEx_PMAConfig
                0x000000000800764c       0x84 ./Drivers/STM32L1xx_HAL_Driver/Src/stm32l1xx_hal_pcd_ex.o
                0x000000000800764c                HAL_PCDEx_PMAConfig
 .text.HAL_RCC_OscConfig
                0x00000000080076d0      0x660 ./Drivers/STM32L1xx_HAL_Driver/Src/stm32l1xx_hal_rcc.o
                0x00000000080076d0                HAL_RCC_OscConfig
 .text.HAL_RCC_ClockConfig
                0x0000000008007d30      0x268 ./Drivers/STM32L1xx_HAL_Driver/Src/stm32l1xx_hal_rcc.o
                0x0000000008007d30                HAL_RCC_ClockConfig
 .text.HAL_RCC_GetSysClockFreq
                0x0000000008007f98      0x17c ./Drivers/STM32L1xx_HAL_Driver/Src/stm32l1xx_hal_rcc.o
                0x0000000008007f98                HAL_RCC_GetSysClockFreq
 .text.HAL_RCC_GetHCLKFreq
                0x0000000008008114       0x14 ./Drivers/STM32L1xx_HAL_Driver/Src/stm32l1xx_hal_rcc.o
                0x0000000008008114                HAL_RCC_GetHCLKFreq
 .text.HAL_RCC_GetPCLK1Freq
                0x0000000008008128       0x28 ./Drivers/STM32L1xx_HAL_Driver/Src/stm32l1xx_hal_rcc.o
                0x0000000008008128                HAL_RCC_GetPCLK1Freq
 .text.RCC_SetFlashLatencyFromMSIRange
                0x0000000008008150       0xc0 ./Drivers/STM32L1xx_HAL_Driver/Src/stm32l1xx_hal_rcc.o
 .text.HAL_SPI_Init
                0x0000000008008210       0xf8 ./Drivers/STM32L1xx_HAL_Driver/Src/stm32l1xx_hal_spi.o
                0x0000000008008210                HAL_SPI_Init
 .text.HAL_SPI_TransmitReceive
                0x0000000008008308      0x344 ./Drivers/STM32L1xx_HAL_Driver/Src/stm32l1xx_hal_spi.o
                0x0000000008008308                HAL_SPI_TransmitReceive
 .text.SPI_WaitFlagStateUntilTimeout
                0x000000000800864c      0x110 ./Drivers/STM32L1xx_HAL_Driver/Src/stm32l1xx_hal_spi.o
 .text.SPI_EndRxTxTransaction
                0x000000000800875c       0x84 ./Drivers/STM32L1xx_HAL_Driver/Src/stm32l1xx_hal_spi.o
 .text.HAL_TIM_Base_Init
                0x00000000080087e0       0x7e ./Drivers/STM32L1xx_HAL_Driver/Src/stm32l1xx_hal_tim.o
                0x00000000080087e0                HAL_TIM_Base_Init
 *fill*         0x000000000800885e        0x2 
 .text.HAL_TIM_Base_Start_IT
                0x0000000008008860       0xa4 ./Drivers/STM32L1xx_HAL_Driver/Src/stm32l1xx_hal_tim.o
                0x0000000008008860                HAL_TIM_Base_Start_IT
 .text.HAL_TIM_OC_Init
                0x0000000008008904       0x7e ./Drivers/STM32L1xx_HAL_Driver/Src/stm32l1xx_hal_tim.o
                0x0000000008008904                HAL_TIM_OC_Init
 .text.HAL_TIM_OC_MspInit
                0x0000000008008982       0x12 ./Drivers/STM32L1xx_HAL_Driver/Src/stm32l1xx_hal_tim.o
                0x0000000008008982                HAL_TIM_OC_MspInit
 .text.HAL_TIM_PWM_Init
                0x0000000008008994       0x7e ./Drivers/STM32L1xx_HAL_Driver/Src/stm32l1xx_hal_tim.o
                0x0000000008008994                HAL_TIM_PWM_Init
 *fill*         0x0000000008008a12        0x2 
 .text.HAL_TIM_PWM_Start
                0x0000000008008a14      0x12c ./Drivers/STM32L1xx_HAL_Driver/Src/stm32l1xx_hal_tim.o
                0x0000000008008a14                HAL_TIM_PWM_Start
 .text.HAL_TIM_IRQHandler
                0x0000000008008b40      0x1b8 ./Drivers/STM32L1xx_HAL_Driver/Src/stm32l1xx_hal_tim.o
                0x0000000008008b40                HAL_TIM_IRQHandler
 .text.HAL_TIM_OC_ConfigChannel
                0x0000000008008cf8       0xb0 ./Drivers/STM32L1xx_HAL_Driver/Src/stm32l1xx_hal_tim.o
                0x0000000008008cf8                HAL_TIM_OC_ConfigChannel
 .text.HAL_TIM_PWM_ConfigChannel
                0x0000000008008da8      0x17c ./Drivers/STM32L1xx_HAL_Driver/Src/stm32l1xx_hal_tim.o
                0x0000000008008da8                HAL_TIM_PWM_ConfigChannel
 .text.HAL_TIM_ConfigClockSource
                0x0000000008008f24      0x188 ./Drivers/STM32L1xx_HAL_Driver/Src/stm32l1xx_hal_tim.o
                0x0000000008008f24                HAL_TIM_ConfigClockSource
 .text.HAL_TIM_OC_DelayElapsedCallback
                0x00000000080090ac       0x12 ./Drivers/STM32L1xx_HAL_Driver/Src/stm32l1xx_hal_tim.o
                0x00000000080090ac                HAL_TIM_OC_DelayElapsedCallback
 .text.HAL_TIM_IC_CaptureCallback
                0x00000000080090be       0x12 ./Drivers/STM32L1xx_HAL_Driver/Src/stm32l1xx_hal_tim.o
                0x00000000080090be                HAL_TIM_IC_CaptureCallback
 .text.HAL_TIM_PWM_PulseFinishedCallback
                0x00000000080090d0       0x12 ./Drivers/STM32L1xx_HAL_Driver/Src/stm32l1xx_hal_tim.o
                0x00000000080090d0                HAL_TIM_PWM_PulseFinishedCallback
 .text.HAL_TIM_TriggerCallback
                0x00000000080090e2       0x12 ./Drivers/STM32L1xx_HAL_Driver/Src/stm32l1xx_hal_tim.o
                0x00000000080090e2                HAL_TIM_TriggerCallback
 .text.TIM_Base_SetConfig
                0x00000000080090f4       0xc4 ./Drivers/STM32L1xx_HAL_Driver/Src/stm32l1xx_hal_tim.o
 .text.TIM_OC1_SetConfig
                0x00000000080091b8       0x78 ./Drivers/STM32L1xx_HAL_Driver/Src/stm32l1xx_hal_tim.o
 .text.TIM_OC2_SetConfig
                0x0000000008009230       0x7c ./Drivers/STM32L1xx_HAL_Driver/Src/stm32l1xx_hal_tim.o
 .text.TIM_OC3_SetConfig
                0x00000000080092ac       0x7a ./Drivers/STM32L1xx_HAL_Driver/Src/stm32l1xx_hal_tim.o
 .text.TIM_OC4_SetConfig
                0x0000000008009326       0x7c ./Drivers/STM32L1xx_HAL_Driver/Src/stm32l1xx_hal_tim.o
 .text.TIM_TI1_ConfigInputStage
                0x00000000080093a2       0x5c ./Drivers/STM32L1xx_HAL_Driver/Src/stm32l1xx_hal_tim.o
 .text.TIM_TI2_ConfigInputStage
                0x00000000080093fe       0x5e ./Drivers/STM32L1xx_HAL_Driver/Src/stm32l1xx_hal_tim.o
 .text.TIM_ITRx_SetConfig
                0x000000000800945c       0x34 ./Drivers/STM32L1xx_HAL_Driver/Src/stm32l1xx_hal_tim.o
 .text.TIM_ETR_SetConfig
                0x0000000008009490       0x3e ./Drivers/STM32L1xx_HAL_Driver/Src/stm32l1xx_hal_tim.o
 .text.TIM_CCxChannelCmd
                0x00000000080094ce       0x48 ./Drivers/STM32L1xx_HAL_Driver/Src/stm32l1xx_hal_tim.o
 *fill*         0x0000000008009516        0x2 
 .text.HAL_TIMEx_MasterConfigSynchronization
                0x0000000008009518       0xbc ./Drivers/STM32L1xx_HAL_Driver/Src/stm32l1xx_hal_tim_ex.o
                0x0000000008009518                HAL_TIMEx_MasterConfigSynchronization
 .text.USB_EnableGlobalInt
                0x00000000080095d4       0x2c ./Drivers/STM32L1xx_HAL_Driver/Src/stm32l1xx_ll_usb.o
                0x00000000080095d4                USB_EnableGlobalInt
 .text.USB_DisableGlobalInt
                0x0000000008009600       0x34 ./Drivers/STM32L1xx_HAL_Driver/Src/stm32l1xx_ll_usb.o
                0x0000000008009600                USB_DisableGlobalInt
 .text.USB_DevInit
                0x0000000008009634       0x40 ./Drivers/STM32L1xx_HAL_Driver/Src/stm32l1xx_ll_usb.o
                0x0000000008009634                USB_DevInit
 .text.USB_ActivateEndpoint
                0x0000000008009674      0x6d4 ./Drivers/STM32L1xx_HAL_Driver/Src/stm32l1xx_ll_usb.o
                0x0000000008009674                USB_ActivateEndpoint
 .text.USB_DeactivateEndpoint
                0x0000000008009d48      0x3d8 ./Drivers/STM32L1xx_HAL_Driver/Src/stm32l1xx_ll_usb.o
                0x0000000008009d48                USB_DeactivateEndpoint
 .text.USB_EPStartXfer
                0x000000000800a120     0x1c70 ./Drivers/STM32L1xx_HAL_Driver/Src/stm32l1xx_ll_usb.o
                0x000000000800a120                USB_EPStartXfer
 .text.USB_EPSetStall
                0x000000000800bd90       0xa0 ./Drivers/STM32L1xx_HAL_Driver/Src/stm32l1xx_ll_usb.o
                0x000000000800bd90                USB_EPSetStall
 .text.USB_EPClearStall
                0x000000000800be30      0x15a ./Drivers/STM32L1xx_HAL_Driver/Src/stm32l1xx_ll_usb.o
                0x000000000800be30                USB_EPClearStall
 .text.USB_SetDevAddress
                0x000000000800bf8a       0x26 ./Drivers/STM32L1xx_HAL_Driver/Src/stm32l1xx_ll_usb.o
                0x000000000800bf8a                USB_SetDevAddress
 .text.USB_DevConnect
                0x000000000800bfb0       0x14 ./Drivers/STM32L1xx_HAL_Driver/Src/stm32l1xx_ll_usb.o
                0x000000000800bfb0                USB_DevConnect
 .text.USB_ReadInterrupts
                0x000000000800bfc4       0x1e ./Drivers/STM32L1xx_HAL_Driver/Src/stm32l1xx_ll_usb.o
                0x000000000800bfc4                USB_ReadInterrupts
 .text.USB_WritePMA
                0x000000000800bfe2       0x8a ./Drivers/STM32L1xx_HAL_Driver/Src/stm32l1xx_ll_usb.o
                0x000000000800bfe2                USB_WritePMA
 .text.USB_ReadPMA
                0x000000000800c06c       0x9e ./Drivers/STM32L1xx_HAL_Driver/Src/stm32l1xx_ll_usb.o
                0x000000000800c06c                USB_ReadPMA
 *fill*         0x000000000800c10a        0x2 
 .text.MX_FATFS_Init
                0x000000000800c10c       0x24 ./FATFS/App/fatfs.o
                0x000000000800c10c                MX_FATFS_Init
 .text.get_fattime
                0x000000000800c130        0xe ./FATFS/App/fatfs.o
                0x000000000800c130                get_fattime
 .text.USER_initialize
                0x000000000800c13e       0x1c ./FATFS/Target/user_diskio.o
                0x000000000800c13e                USER_initialize
 .text.USER_status
                0x000000000800c15a       0x1c ./FATFS/Target/user_diskio.o
                0x000000000800c15a                USER_status
 .text.USER_read
                0x000000000800c176       0x26 ./FATFS/Target/user_diskio.o
                0x000000000800c176                USER_read
 .text.USER_write
                0x000000000800c19c       0x26 ./FATFS/Target/user_diskio.o
                0x000000000800c19c                USER_write
 .text.USER_ioctl
                0x000000000800c1c2       0x26 ./FATFS/Target/user_diskio.o
                0x000000000800c1c2                USER_ioctl
 .text.SPI_Timer_On
                0x000000000800c1e8       0x28 ./FATFS/Target/user_diskio_spi.o
                0x000000000800c1e8                SPI_Timer_On
 .text.SPI_Timer_Status
                0x000000000800c210       0x2c ./FATFS/Target/user_diskio_spi.o
                0x000000000800c210                SPI_Timer_Status
 .text.xchg_spi
                0x000000000800c23c       0x2c ./FATFS/Target/user_diskio_spi.o
 .text.rcvr_spi_multi
                0x000000000800c268       0x38 ./FATFS/Target/user_diskio_spi.o
 .text.xmit_spi_multi
                0x000000000800c2a0       0x36 ./FATFS/Target/user_diskio_spi.o
 .text.wait_ready
                0x000000000800c2d6       0x46 ./FATFS/Target/user_diskio_spi.o
 .text.despiselect
                0x000000000800c31c       0x20 ./FATFS/Target/user_diskio_spi.o
 .text.spiselect
                0x000000000800c33c       0x38 ./FATFS/Target/user_diskio_spi.o
 .text.rcvr_datablock
                0x000000000800c374       0x52 ./FATFS/Target/user_diskio_spi.o
 .text.xmit_datablock
                0x000000000800c3c6       0x64 ./FATFS/Target/user_diskio_spi.o
 .text.send_cmd
                0x000000000800c42a       0xde ./FATFS/Target/user_diskio_spi.o
 .text.USER_SPI_initialize
                0x000000000800c508      0x1d8 ./FATFS/Target/user_diskio_spi.o
                0x000000000800c508                USER_SPI_initialize
 .text.USER_SPI_status
                0x000000000800c6e0       0x28 ./FATFS/Target/user_diskio_spi.o
                0x000000000800c6e0                USER_SPI_status
 .text.USER_SPI_read
                0x000000000800c708       0xcc ./FATFS/Target/user_diskio_spi.o
                0x000000000800c708                USER_SPI_read
 .text.USER_SPI_write
                0x000000000800c7d4       0xf8 ./FATFS/Target/user_diskio_spi.o
                0x000000000800c7d4                USER_SPI_write
 .text.USER_SPI_ioctl
                0x000000000800c8cc      0x2e0 ./FATFS/Target/user_diskio_spi.o
                0x000000000800c8cc                USER_SPI_ioctl
 .text.USBD_CDC_Init
                0x000000000800cbac       0xf4 ./Middlewares/ST/STM32_USB_Device_Library/Class/CDC/Src/usbd_cdc.o
 .text.USBD_CDC_DeInit
                0x000000000800cca0       0x6e ./Middlewares/ST/STM32_USB_Device_Library/Class/CDC/Src/usbd_cdc.o
 .text.USBD_CDC_Setup
                0x000000000800cd0e      0x146 ./Middlewares/ST/STM32_USB_Device_Library/Class/CDC/Src/usbd_cdc.o
 .text.USBD_CDC_DataIn
                0x000000000800ce54       0xa6 ./Middlewares/ST/STM32_USB_Device_Library/Class/CDC/Src/usbd_cdc.o
 .text.USBD_CDC_DataOut
                0x000000000800cefa       0x56 ./Middlewares/ST/STM32_USB_Device_Library/Class/CDC/Src/usbd_cdc.o
 .text.USBD_CDC_EP0_RxReady
                0x000000000800cf50       0x50 ./Middlewares/ST/STM32_USB_Device_Library/Class/CDC/Src/usbd_cdc.o
 .text.USBD_CDC_GetFSCfgDesc
                0x000000000800cfa0       0x20 ./Middlewares/ST/STM32_USB_Device_Library/Class/CDC/Src/usbd_cdc.o
 .text.USBD_CDC_GetHSCfgDesc
                0x000000000800cfc0       0x20 ./Middlewares/ST/STM32_USB_Device_Library/Class/CDC/Src/usbd_cdc.o
 .text.USBD_CDC_GetOtherSpeedCfgDesc
                0x000000000800cfe0       0x20 ./Middlewares/ST/STM32_USB_Device_Library/Class/CDC/Src/usbd_cdc.o
 .text.USBD_CDC_GetDeviceQualifierDescriptor
                0x000000000800d000       0x20 ./Middlewares/ST/STM32_USB_Device_Library/Class/CDC/Src/usbd_cdc.o
                0x000000000800d000                USBD_CDC_GetDeviceQualifierDescriptor
 .text.USBD_CDC_RegisterInterface
                0x000000000800d020       0x2c ./Middlewares/ST/STM32_USB_Device_Library/Class/CDC/Src/usbd_cdc.o
                0x000000000800d020                USBD_CDC_RegisterInterface
 .text.USBD_CDC_SetTxBuffer
                0x000000000800d04c       0x32 ./Middlewares/ST/STM32_USB_Device_Library/Class/CDC/Src/usbd_cdc.o
                0x000000000800d04c                USBD_CDC_SetTxBuffer
 .text.USBD_CDC_SetRxBuffer
                0x000000000800d07e       0x26 ./Middlewares/ST/STM32_USB_Device_Library/Class/CDC/Src/usbd_cdc.o
                0x000000000800d07e                USBD_CDC_SetRxBuffer
 .text.USBD_CDC_TransmitPacket
                0x000000000800d0a4       0x5e ./Middlewares/ST/STM32_USB_Device_Library/Class/CDC/Src/usbd_cdc.o
                0x000000000800d0a4                USBD_CDC_TransmitPacket
 .text.USBD_CDC_ReceivePacket
                0x000000000800d102       0x54 ./Middlewares/ST/STM32_USB_Device_Library/Class/CDC/Src/usbd_cdc.o
                0x000000000800d102                USBD_CDC_ReceivePacket
 .text.USBD_Init
                0x000000000800d156       0x56 ./Middlewares/ST/STM32_USB_Device_Library/Core/Src/usbd_core.o
                0x000000000800d156                USBD_Init
 .text.USBD_RegisterClass
                0x000000000800d1ac       0x32 ./Middlewares/ST/STM32_USB_Device_Library/Core/Src/usbd_core.o
                0x000000000800d1ac                USBD_RegisterClass
 .text.USBD_Start
                0x000000000800d1de       0x18 ./Middlewares/ST/STM32_USB_Device_Library/Core/Src/usbd_core.o
                0x000000000800d1de                USBD_Start
 .text.USBD_RunTestMode
                0x000000000800d1f6       0x14 ./Middlewares/ST/STM32_USB_Device_Library/Core/Src/usbd_core.o
                0x000000000800d1f6                USBD_RunTestMode
 .text.USBD_SetClassConfig
                0x000000000800d20a       0x3e ./Middlewares/ST/STM32_USB_Device_Library/Core/Src/usbd_core.o
                0x000000000800d20a                USBD_SetClassConfig
 .text.USBD_ClrClassConfig
                0x000000000800d248       0x26 ./Middlewares/ST/STM32_USB_Device_Library/Core/Src/usbd_core.o
                0x000000000800d248                USBD_ClrClassConfig
 .text.USBD_LL_SetupStage
                0x000000000800d26e       0x9a ./Middlewares/ST/STM32_USB_Device_Library/Core/Src/usbd_core.o
                0x000000000800d26e                USBD_LL_SetupStage
 .text.USBD_LL_DataOutStage
                0x000000000800d308       0xe2 ./Middlewares/ST/STM32_USB_Device_Library/Core/Src/usbd_core.o
                0x000000000800d308                USBD_LL_DataOutStage
 .text.USBD_LL_DataInStage
                0x000000000800d3ea      0x14a ./Middlewares/ST/STM32_USB_Device_Library/Core/Src/usbd_core.o
                0x000000000800d3ea                USBD_LL_DataInStage
 .text.USBD_LL_Reset
                0x000000000800d534       0x82 ./Middlewares/ST/STM32_USB_Device_Library/Core/Src/usbd_core.o
                0x000000000800d534                USBD_LL_Reset
 .text.USBD_LL_SetSpeed
                0x000000000800d5b6       0x1e ./Middlewares/ST/STM32_USB_Device_Library/Core/Src/usbd_core.o
                0x000000000800d5b6                USBD_LL_SetSpeed
 .text.USBD_LL_Suspend
                0x000000000800d5d4       0x28 ./Middlewares/ST/STM32_USB_Device_Library/Core/Src/usbd_core.o
                0x000000000800d5d4                USBD_LL_Suspend
 .text.USBD_LL_Resume
                0x000000000800d5fc       0x20 ./Middlewares/ST/STM32_USB_Device_Library/Core/Src/usbd_core.o
                0x000000000800d5fc                USBD_LL_Resume
 .text.USBD_LL_SOF
                0x000000000800d61c       0x34 ./Middlewares/ST/STM32_USB_Device_Library/Core/Src/usbd_core.o
                0x000000000800d61c                USBD_LL_SOF
 .text.USBD_StdDevReq
                0x000000000800d650       0xd4 ./Middlewares/ST/STM32_USB_Device_Library/Core/Src/usbd_ctlreq.o
                0x000000000800d650                USBD_StdDevReq
 .text.USBD_StdItfReq
                0x000000000800d724       0x90 ./Middlewares/ST/STM32_USB_Device_Library/Core/Src/usbd_ctlreq.o
                0x000000000800d724                USBD_StdItfReq
 .text.USBD_StdEPReq
                0x000000000800d7b4      0x2c2 ./Middlewares/ST/STM32_USB_Device_Library/Core/Src/usbd_ctlreq.o
                0x000000000800d7b4                USBD_StdEPReq
 *fill*         0x000000000800da76        0x2 
 .text.USBD_GetDescriptor
                0x000000000800da78      0x1f4 ./Middlewares/ST/STM32_USB_Device_Library/Core/Src/usbd_ctlreq.o
 .text.USBD_SetAddress
                0x000000000800dc6c       0x86 ./Middlewares/ST/STM32_USB_Device_Library/Core/Src/usbd_ctlreq.o
 *fill*         0x000000000800dcf2        0x2 
 .text.USBD_SetConfig
                0x000000000800dcf4      0x11c ./Middlewares/ST/STM32_USB_Device_Library/Core/Src/usbd_ctlreq.o
 .text.USBD_GetConfig
                0x000000000800de10       0x6a ./Middlewares/ST/STM32_USB_Device_Library/Core/Src/usbd_ctlreq.o
 .text.USBD_GetStatus
                0x000000000800de7a       0x66 ./Middlewares/ST/STM32_USB_Device_Library/Core/Src/usbd_ctlreq.o
 .text.USBD_SetFeature
                0x000000000800dee0       0x28 ./Middlewares/ST/STM32_USB_Device_Library/Core/Src/usbd_ctlreq.o
 .text.USBD_ClrFeature
                0x000000000800df08       0x42 ./Middlewares/ST/STM32_USB_Device_Library/Core/Src/usbd_ctlreq.o
 .text.USBD_ParseSetupRequest
                0x000000000800df4a       0x78 ./Middlewares/ST/STM32_USB_Device_Library/Core/Src/usbd_ctlreq.o
                0x000000000800df4a                USBD_ParseSetupRequest
 .text.USBD_CtlError
                0x000000000800dfc2       0x22 ./Middlewares/ST/STM32_USB_Device_Library/Core/Src/usbd_ctlreq.o
                0x000000000800dfc2                USBD_CtlError
 .text.USBD_GetString
                0x000000000800dfe4       0x84 ./Middlewares/ST/STM32_USB_Device_Library/Core/Src/usbd_ctlreq.o
                0x000000000800dfe4                USBD_GetString
 .text.USBD_GetLen
                0x000000000800e068       0x2e ./Middlewares/ST/STM32_USB_Device_Library/Core/Src/usbd_ctlreq.o
 .text.USBD_CtlSendData
                0x000000000800e096       0x38 ./Middlewares/ST/STM32_USB_Device_Library/Core/Src/usbd_ioreq.o
                0x000000000800e096                USBD_CtlSendData
 .text.USBD_CtlContinueSendData
                0x000000000800e0ce       0x24 ./Middlewares/ST/STM32_USB_Device_Library/Core/Src/usbd_ioreq.o
                0x000000000800e0ce                USBD_CtlContinueSendData
 .text.USBD_CtlPrepareRx
                0x000000000800e0f2       0x3c ./Middlewares/ST/STM32_USB_Device_Library/Core/Src/usbd_ioreq.o
                0x000000000800e0f2                USBD_CtlPrepareRx
 .text.USBD_CtlContinueRx
                0x000000000800e12e       0x24 ./Middlewares/ST/STM32_USB_Device_Library/Core/Src/usbd_ioreq.o
                0x000000000800e12e                USBD_CtlContinueRx
 .text.USBD_CtlSendStatus
                0x000000000800e152       0x26 ./Middlewares/ST/STM32_USB_Device_Library/Core/Src/usbd_ioreq.o
                0x000000000800e152                USBD_CtlSendStatus
 .text.USBD_CtlReceiveStatus
                0x000000000800e178       0x26 ./Middlewares/ST/STM32_USB_Device_Library/Core/Src/usbd_ioreq.o
                0x000000000800e178                USBD_CtlReceiveStatus
 *fill*         0x000000000800e19e        0x2 
 .text.disk_status
                0x000000000800e1a0       0x34 ./Middlewares/Third_Party/FatFs/src/diskio.o
                0x000000000800e1a0                disk_status
 .text.disk_initialize
                0x000000000800e1d4       0x4c ./Middlewares/Third_Party/FatFs/src/diskio.o
                0x000000000800e1d4                disk_initialize
 .text.disk_read
                0x000000000800e220       0x40 ./Middlewares/Third_Party/FatFs/src/diskio.o
                0x000000000800e220                disk_read
 .text.disk_write
                0x000000000800e260       0x40 ./Middlewares/Third_Party/FatFs/src/diskio.o
                0x000000000800e260                disk_write
 .text.disk_ioctl
                0x000000000800e2a0       0x3c ./Middlewares/Third_Party/FatFs/src/diskio.o
                0x000000000800e2a0                disk_ioctl
 .text.ld_word  0x000000000800e2dc       0x2e ./Middlewares/Third_Party/FatFs/src/ff.o
 .text.ld_dword
                0x000000000800e30a       0x44 ./Middlewares/Third_Party/FatFs/src/ff.o
 .text.st_word  0x000000000800e34e       0x34 ./Middlewares/Third_Party/FatFs/src/ff.o
 .text.st_dword
                0x000000000800e382       0x56 ./Middlewares/Third_Party/FatFs/src/ff.o
 .text.mem_cpy  0x000000000800e3d8       0x40 ./Middlewares/Third_Party/FatFs/src/ff.o
 .text.mem_set  0x000000000800e418       0x34 ./Middlewares/Third_Party/FatFs/src/ff.o
 .text.mem_cmp  0x000000000800e44c       0x4c ./Middlewares/Third_Party/FatFs/src/ff.o
 .text.chk_chr  0x000000000800e498       0x34 ./Middlewares/Third_Party/FatFs/src/ff.o
 .text.chk_lock
                0x000000000800e4cc       0xb4 ./Middlewares/Third_Party/FatFs/src/ff.o
 .text.enq_lock
                0x000000000800e580       0x40 ./Middlewares/Third_Party/FatFs/src/ff.o
 .text.inc_lock
                0x000000000800e5c0      0x11c ./Middlewares/Third_Party/FatFs/src/ff.o
 .text.dec_lock
                0x000000000800e6dc       0x74 ./Middlewares/Third_Party/FatFs/src/ff.o
 .text.clear_lock
                0x000000000800e750       0x48 ./Middlewares/Third_Party/FatFs/src/ff.o
 .text.sync_window
                0x000000000800e798       0x88 ./Middlewares/Third_Party/FatFs/src/ff.o
 .text.move_window
                0x000000000800e820       0x5a ./Middlewares/Third_Party/FatFs/src/ff.o
 *fill*         0x000000000800e87a        0x2 
 .text.sync_fs  0x000000000800e87c       0xdc ./Middlewares/Third_Party/FatFs/src/ff.o
 .text.clust2sect
                0x000000000800e958       0x3c ./Middlewares/Third_Party/FatFs/src/ff.o
 .text.get_fat  0x000000000800e994      0x150 ./Middlewares/Third_Party/FatFs/src/ff.o
 .text.put_fat  0x000000000800eae4      0x1d4 ./Middlewares/Third_Party/FatFs/src/ff.o
 .text.remove_chain
                0x000000000800ecb8       0xca ./Middlewares/Third_Party/FatFs/src/ff.o
 .text.create_chain
                0x000000000800ed82      0x130 ./Middlewares/Third_Party/FatFs/src/ff.o
 .text.clmt_clust
                0x000000000800eeb2       0x66 ./Middlewares/Third_Party/FatFs/src/ff.o
 .text.dir_sdi  0x000000000800ef18       0xf6 ./Middlewares/Third_Party/FatFs/src/ff.o
 .text.dir_next
                0x000000000800f00e      0x18a ./Middlewares/Third_Party/FatFs/src/ff.o
 .text.dir_alloc
                0x000000000800f198       0x8e ./Middlewares/Third_Party/FatFs/src/ff.o
 .text.ld_clust
                0x000000000800f226       0x3e ./Middlewares/Third_Party/FatFs/src/ff.o
 .text.st_clust
                0x000000000800f264       0x40 ./Middlewares/Third_Party/FatFs/src/ff.o
 .text.cmp_lfn  0x000000000800f2a4       0xe0 ./Middlewares/Third_Party/FatFs/src/ff.o
 .text.pick_lfn
                0x000000000800f384       0xc8 ./Middlewares/Third_Party/FatFs/src/ff.o
 .text.put_lfn  0x000000000800f44c       0xd0 ./Middlewares/Third_Party/FatFs/src/ff.o
 .text.gen_numname
                0x000000000800f51c      0x11c ./Middlewares/Third_Party/FatFs/src/ff.o
 .text.sum_sfn  0x000000000800f638       0x40 ./Middlewares/Third_Party/FatFs/src/ff.o
 .text.dir_read
                0x000000000800f678      0x14e ./Middlewares/Third_Party/FatFs/src/ff.o
 .text.dir_find
                0x000000000800f7c6      0x180 ./Middlewares/Third_Party/FatFs/src/ff.o
 *fill*         0x000000000800f946        0x2 
 .text.dir_register
                0x000000000800f948      0x1f0 ./Middlewares/Third_Party/FatFs/src/ff.o
 .text.get_fileinfo
                0x000000000800fb38      0x1ba ./Middlewares/Third_Party/FatFs/src/ff.o
 *fill*         0x000000000800fcf2        0x2 
 .text.create_name
                0x000000000800fcf4      0x370 ./Middlewares/Third_Party/FatFs/src/ff.o
 .text.follow_path
                0x0000000008010064       0xe2 ./Middlewares/Third_Party/FatFs/src/ff.o
 .text.get_ldnumber
                0x0000000008010146       0x86 ./Middlewares/Third_Party/FatFs/src/ff.o
 .text.check_fs
                0x00000000080101cc       0xac ./Middlewares/Third_Party/FatFs/src/ff.o
 .text.find_volume
                0x0000000008010278      0x4a0 ./Middlewares/Third_Party/FatFs/src/ff.o
 .text.validate
                0x0000000008010718       0x6a ./Middlewares/Third_Party/FatFs/src/ff.o
 *fill*         0x0000000008010782        0x2 
 .text.f_mount  0x0000000008010784       0x8c ./Middlewares/Third_Party/FatFs/src/ff.o
                0x0000000008010784                f_mount
 .text.f_open   0x0000000008010810      0x37c ./Middlewares/Third_Party/FatFs/src/ff.o
                0x0000000008010810                f_open
 .text.f_read   0x0000000008010b8c      0x27e ./Middlewares/Third_Party/FatFs/src/ff.o
                0x0000000008010b8c                f_read
 .text.f_sync   0x0000000008010e0a       0xfc ./Middlewares/Third_Party/FatFs/src/ff.o
                0x0000000008010e0a                f_sync
 .text.f_close  0x0000000008010f06       0x54 ./Middlewares/Third_Party/FatFs/src/ff.o
                0x0000000008010f06                f_close
 .text.f_opendir
                0x0000000008010f5a       0xe6 ./Middlewares/Third_Party/FatFs/src/ff.o
                0x0000000008010f5a                f_opendir
 .text.f_closedir
                0x0000000008011040       0x4c ./Middlewares/Third_Party/FatFs/src/ff.o
                0x0000000008011040                f_closedir
 .text.f_readdir
                0x000000000801108c       0x7a ./Middlewares/Third_Party/FatFs/src/ff.o
                0x000000000801108c                f_readdir
 *fill*         0x0000000008011106        0x2 
 .text.FATFS_LinkDriverEx
                0x0000000008011108       0x94 ./Middlewares/Third_Party/FatFs/src/ff_gen_drv.o
                0x0000000008011108                FATFS_LinkDriverEx
 .text.FATFS_LinkDriver
                0x000000000801119c       0x1e ./Middlewares/Third_Party/FatFs/src/ff_gen_drv.o
                0x000000000801119c                FATFS_LinkDriver
 *fill*         0x00000000080111ba        0x2 
 .text.ff_convert
                0x00000000080111bc       0x74 ./Middlewares/Third_Party/FatFs/src/option/ccsbcs.o
                0x00000000080111bc                ff_convert
 .text.ff_wtoupper
                0x0000000008011230      0x110 ./Middlewares/Third_Party/FatFs/src/option/ccsbcs.o
                0x0000000008011230                ff_wtoupper
 .text.MX_USB_DEVICE_Init
                0x0000000008011340       0x60 ./USB_DEVICE/App/usb_device.o
                0x0000000008011340                MX_USB_DEVICE_Init
 .text.CDC_Init_FS
                0x00000000080113a0       0x28 ./USB_DEVICE/App/usbd_cdc_if.o
 .text.CDC_DeInit_FS
                0x00000000080113c8        0xe ./USB_DEVICE/App/usbd_cdc_if.o
 *fill*         0x00000000080113d6        0x2 
 .text.CDC_Control_FS
                0x00000000080113d8       0xbc ./USB_DEVICE/App/usbd_cdc_if.o
 .text.CDC_Receive_FS
                0x0000000008011494       0x30 ./USB_DEVICE/App/usbd_cdc_if.o
 .text.CDC_Transmit_FS
                0x00000000080114c4       0x4c ./USB_DEVICE/App/usbd_cdc_if.o
                0x00000000080114c4                CDC_Transmit_FS
 .text.USBD_FS_DeviceDescriptor
                0x0000000008011510       0x24 ./USB_DEVICE/App/usbd_desc.o
                0x0000000008011510                USBD_FS_DeviceDescriptor
 .text.USBD_FS_LangIDStrDescriptor
                0x0000000008011534       0x24 ./USB_DEVICE/App/usbd_desc.o
                0x0000000008011534                USBD_FS_LangIDStrDescriptor
 .text.USBD_FS_ProductStrDescriptor
                0x0000000008011558       0x3c ./USB_DEVICE/App/usbd_desc.o
                0x0000000008011558                USBD_FS_ProductStrDescriptor
 .text.USBD_FS_ManufacturerStrDescriptor
                0x0000000008011594       0x28 ./USB_DEVICE/App/usbd_desc.o
                0x0000000008011594                USBD_FS_ManufacturerStrDescriptor
 .text.USBD_FS_SerialStrDescriptor
                0x00000000080115bc       0x24 ./USB_DEVICE/App/usbd_desc.o
                0x00000000080115bc                USBD_FS_SerialStrDescriptor
 .text.USBD_FS_ConfigStrDescriptor
                0x00000000080115e0       0x3c ./USB_DEVICE/App/usbd_desc.o
                0x00000000080115e0                USBD_FS_ConfigStrDescriptor
 .text.USBD_FS_InterfaceStrDescriptor
                0x000000000801161c       0x3c ./USB_DEVICE/App/usbd_desc.o
                0x000000000801161c                USBD_FS_InterfaceStrDescriptor
 .text.Get_SerialNum
                0x0000000008011658       0x58 ./USB_DEVICE/App/usbd_desc.o
 .text.IntToUnicode
                0x00000000080116b0       0x7c ./USB_DEVICE/App/usbd_desc.o
 .text.HAL_PCDEx_SetConnectionState
                0x000000000801172c       0x3c ./USB_DEVICE/Target/usbd_conf.o
                0x000000000801172c                HAL_PCDEx_SetConnectionState
 .text.HAL_PCD_MspInit
                0x0000000008011768       0x4c ./USB_DEVICE/Target/usbd_conf.o
                0x0000000008011768                HAL_PCD_MspInit
 .text.HAL_PCD_SetupStageCallback
                0x00000000080117b4       0x24 ./USB_DEVICE/Target/usbd_conf.o
                0x00000000080117b4                HAL_PCD_SetupStageCallback
 .text.HAL_PCD_DataOutStageCallback
                0x00000000080117d8       0x36 ./USB_DEVICE/Target/usbd_conf.o
                0x00000000080117d8                HAL_PCD_DataOutStageCallback
 .text.HAL_PCD_DataInStageCallback
                0x000000000801180e       0x34 ./USB_DEVICE/Target/usbd_conf.o
                0x000000000801180e                HAL_PCD_DataInStageCallback
 .text.HAL_PCD_SOFCallback
                0x0000000008011842       0x1c ./USB_DEVICE/Target/usbd_conf.o
                0x0000000008011842                HAL_PCD_SOFCallback
 .text.HAL_PCD_ResetCallback
                0x000000000801185e       0x3c ./USB_DEVICE/Target/usbd_conf.o
                0x000000000801185e                HAL_PCD_ResetCallback
 *fill*         0x000000000801189a        0x2 
 .text.HAL_PCD_SuspendCallback
                0x000000000801189c       0x34 ./USB_DEVICE/Target/usbd_conf.o
                0x000000000801189c                HAL_PCD_SuspendCallback
 .text.HAL_PCD_ResumeCallback
                0x00000000080118d0       0x1c ./USB_DEVICE/Target/usbd_conf.o
                0x00000000080118d0                HAL_PCD_ResumeCallback
 .text.USBD_LL_Init
                0x00000000080118ec       0xb4 ./USB_DEVICE/Target/usbd_conf.o
                0x00000000080118ec                USBD_LL_Init
 .text.USBD_LL_Start
                0x00000000080119a0       0x36 ./USB_DEVICE/Target/usbd_conf.o
                0x00000000080119a0                USBD_LL_Start
 .text.USBD_LL_OpenEP
                0x00000000080119d6       0x4c ./USB_DEVICE/Target/usbd_conf.o
                0x00000000080119d6                USBD_LL_OpenEP
 .text.USBD_LL_CloseEP
                0x0000000008011a22       0x3e ./USB_DEVICE/Target/usbd_conf.o
                0x0000000008011a22                USBD_LL_CloseEP
 .text.USBD_LL_StallEP
                0x0000000008011a60       0x3e ./USB_DEVICE/Target/usbd_conf.o
                0x0000000008011a60                USBD_LL_StallEP
 .text.USBD_LL_ClearStallEP
                0x0000000008011a9e       0x3e ./USB_DEVICE/Target/usbd_conf.o
                0x0000000008011a9e                USBD_LL_ClearStallEP
 .text.USBD_LL_IsStallEP
                0x0000000008011adc       0x58 ./USB_DEVICE/Target/usbd_conf.o
                0x0000000008011adc                USBD_LL_IsStallEP
 .text.USBD_LL_SetUSBAddress
                0x0000000008011b34       0x3e ./USB_DEVICE/Target/usbd_conf.o
                0x0000000008011b34                USBD_LL_SetUSBAddress
 .text.USBD_LL_Transmit
                0x0000000008011b72       0x46 ./USB_DEVICE/Target/usbd_conf.o
                0x0000000008011b72                USBD_LL_Transmit
 .text.USBD_LL_PrepareReceive
                0x0000000008011bb8       0x46 ./USB_DEVICE/Target/usbd_conf.o
                0x0000000008011bb8                USBD_LL_PrepareReceive
 .text.USBD_LL_GetRxDataSize
                0x0000000008011bfe       0x26 ./USB_DEVICE/Target/usbd_conf.o
                0x0000000008011bfe                USBD_LL_GetRxDataSize
 .text.USBD_static_malloc
                0x0000000008011c24       0x18 ./USB_DEVICE/Target/usbd_conf.o
                0x0000000008011c24                USBD_static_malloc
 .text.USBD_static_free
                0x0000000008011c3c       0x12 ./USB_DEVICE/Target/usbd_conf.o
                0x0000000008011c3c                USBD_static_free
 *fill*         0x0000000008011c4e        0x2 
 .text.USBD_Get_USB_Status
                0x0000000008011c50       0x58 ./USB_DEVICE/Target/usbd_conf.o
 .text.sprintf  0x0000000008011ca8       0x40 C:/ST/STM32CubeIDE_1.13.2/STM32CubeIDE/plugins/com.st.stm32cube.ide.mcu.externaltools.gnu-tools-for-stm32.11.3.rel1.win32_1.1.1.202309131626/tools/bin/../lib/gcc/arm-none-eabi/11.3.1/../../../../arm-none-eabi/lib/thumb/v7-m/nofp\libc_nano.a(libc_a-sprintf.o)
                0x0000000008011ca8                siprintf
                0x0000000008011ca8                sprintf
 .text.memset   0x0000000008011ce8       0x10 C:/ST/STM32CubeIDE_1.13.2/STM32CubeIDE/plugins/com.st.stm32cube.ide.mcu.externaltools.gnu-tools-for-stm32.11.3.rel1.win32_1.1.1.202309131626/tools/bin/../lib/gcc/arm-none-eabi/11.3.1/../../../../arm-none-eabi/lib/thumb/v7-m/nofp\libc_nano.a(libc_a-memset.o)
                0x0000000008011ce8                memset
 .text.strncpy  0x0000000008011cf8       0x26 C:/ST/STM32CubeIDE_1.13.2/STM32CubeIDE/plugins/com.st.stm32cube.ide.mcu.externaltools.gnu-tools-for-stm32.11.3.rel1.win32_1.1.1.202309131626/tools/bin/../lib/gcc/arm-none-eabi/11.3.1/../../../../arm-none-eabi/lib/thumb/v7-m/nofp\libc_nano.a(libc_a-strncpy.o)
                0x0000000008011cf8                strncpy
 *fill*         0x0000000008011d1e        0x2 
 .text.__errno  0x0000000008011d20        0xc C:/ST/STM32CubeIDE_1.13.2/STM32CubeIDE/plugins/com.st.stm32cube.ide.mcu.externaltools.gnu-tools-for-stm32.11.3.rel1.win32_1.1.1.202309131626/tools/bin/../lib/gcc/arm-none-eabi/11.3.1/../../../../arm-none-eabi/lib/thumb/v7-m/nofp\libc_nano.a(libc_a-errno.o)
                0x0000000008011d20                __errno
 .text.__libc_init_array
                0x0000000008011d2c       0x48 C:/ST/STM32CubeIDE_1.13.2/STM32CubeIDE/plugins/com.st.stm32cube.ide.mcu.externaltools.gnu-tools-for-stm32.11.3.rel1.win32_1.1.1.202309131626/tools/bin/../lib/gcc/arm-none-eabi/11.3.1/../../../../arm-none-eabi/lib/thumb/v7-m/nofp\libc_nano.a(libc_a-init.o)
                0x0000000008011d2c                __libc_init_array
 .text.__retarget_lock_acquire_recursive
                0x0000000008011d74        0x2 C:/ST/STM32CubeIDE_1.13.2/STM32CubeIDE/plugins/com.st.stm32cube.ide.mcu.externaltools.gnu-tools-for-stm32.11.3.rel1.win32_1.1.1.202309131626/tools/bin/../lib/gcc/arm-none-eabi/11.3.1/../../../../arm-none-eabi/lib/thumb/v7-m/nofp\libc_nano.a(libc_a-lock.o)
                0x0000000008011d74                __retarget_lock_acquire_recursive
 .text.__retarget_lock_release_recursive
                0x0000000008011d76        0x2 C:/ST/STM32CubeIDE_1.13.2/STM32CubeIDE/plugins/com.st.stm32cube.ide.mcu.externaltools.gnu-tools-for-stm32.11.3.rel1.win32_1.1.1.202309131626/tools/bin/../lib/gcc/arm-none-eabi/11.3.1/../../../../arm-none-eabi/lib/thumb/v7-m/nofp\libc_nano.a(libc_a-lock.o)
                0x0000000008011d76                __retarget_lock_release_recursive
 .text.memcpy   0x0000000008011d78       0x1c C:/ST/STM32CubeIDE_1.13.2/STM32CubeIDE/plugins/com.st.stm32cube.ide.mcu.externaltools.gnu-tools-for-stm32.11.3.rel1.win32_1.1.1.202309131626/tools/bin/../lib/gcc/arm-none-eabi/11.3.1/../../../../arm-none-eabi/lib/thumb/v7-m/nofp\libc_nano.a(libc_a-memcpy-stub.o)
                0x0000000008011d78                memcpy
 .text._free_r  0x0000000008011d94       0x90 C:/ST/STM32CubeIDE_1.13.2/STM32CubeIDE/plugins/com.st.stm32cube.ide.mcu.externaltools.gnu-tools-for-stm32.11.3.rel1.win32_1.1.1.202309131626/tools/bin/../lib/gcc/arm-none-eabi/11.3.1/../../../../arm-none-eabi/lib/thumb/v7-m/nofp\libc_nano.a(libc_a-freer.o)
                0x0000000008011d94                _free_r
 .text.sbrk_aligned
                0x0000000008011e24       0x40 C:/ST/STM32CubeIDE_1.13.2/STM32CubeIDE/plugins/com.st.stm32cube.ide.mcu.externaltools.gnu-tools-for-stm32.11.3.rel1.win32_1.1.1.202309131626/tools/bin/../lib/gcc/arm-none-eabi/11.3.1/../../../../arm-none-eabi/lib/thumb/v7-m/nofp\libc_nano.a(libc_a-mallocr.o)
 .text._malloc_r
                0x0000000008011e64      0x100 C:/ST/STM32CubeIDE_1.13.2/STM32CubeIDE/plugins/com.st.stm32cube.ide.mcu.externaltools.gnu-tools-for-stm32.11.3.rel1.win32_1.1.1.202309131626/tools/bin/../lib/gcc/arm-none-eabi/11.3.1/../../../../arm-none-eabi/lib/thumb/v7-m/nofp\libc_nano.a(libc_a-mallocr.o)
                0x0000000008011e64                _malloc_r
 .text.__malloc_lock
                0x0000000008011f64        0xc C:/ST/STM32CubeIDE_1.13.2/STM32CubeIDE/plugins/com.st.stm32cube.ide.mcu.externaltools.gnu-tools-for-stm32.11.3.rel1.win32_1.1.1.202309131626/tools/bin/../lib/gcc/arm-none-eabi/11.3.1/../../../../arm-none-eabi/lib/thumb/v7-m/nofp\libc_nano.a(libc_a-mlock.o)
                0x0000000008011f64                __malloc_lock
 .text.__malloc_unlock
                0x0000000008011f70        0xc C:/ST/STM32CubeIDE_1.13.2/STM32CubeIDE/plugins/com.st.stm32cube.ide.mcu.externaltools.gnu-tools-for-stm32.11.3.rel1.win32_1.1.1.202309131626/tools/bin/../lib/gcc/arm-none-eabi/11.3.1/../../../../arm-none-eabi/lib/thumb/v7-m/nofp\libc_nano.a(libc_a-mlock.o)
                0x0000000008011f70                __malloc_unlock
 .text.__ssputs_r
                0x0000000008011f7c       0xb4 C:/ST/STM32CubeIDE_1.13.2/STM32CubeIDE/plugins/com.st.stm32cube.ide.mcu.externaltools.gnu-tools-for-stm32.11.3.rel1.win32_1.1.1.202309131626/tools/bin/../lib/gcc/arm-none-eabi/11.3.1/../../../../arm-none-eabi/lib/thumb/v7-m/nofp\libc_nano.a(libc_a-nano-svfprintf.o)
                0x0000000008011f7c                __ssputs_r
 .text._svfprintf_r
                0x0000000008012030      0x1fc C:/ST/STM32CubeIDE_1.13.2/STM32CubeIDE/plugins/com.st.stm32cube.ide.mcu.externaltools.gnu-tools-for-stm32.11.3.rel1.win32_1.1.1.202309131626/tools/bin/../lib/gcc/arm-none-eabi/11.3.1/../../../../arm-none-eabi/lib/thumb/v7-m/nofp\libc_nano.a(libc_a-nano-svfprintf.o)
                0x0000000008012030                _svfiprintf_r
                0x0000000008012030                _svfprintf_r
 .text._printf_common
                0x000000000801222c       0xe4 C:/ST/STM32CubeIDE_1.13.2/STM32CubeIDE/plugins/com.st.stm32cube.ide.mcu.externaltools.gnu-tools-for-stm32.11.3.rel1.win32_1.1.1.202309131626/tools/bin/../lib/gcc/arm-none-eabi/11.3.1/../../../../arm-none-eabi/lib/thumb/v7-m/nofp\libc_nano.a(libc_a-nano-vfprintf_i.o)
                0x000000000801222c                _printf_common
 .text._printf_i
                0x0000000008012310      0x244 C:/ST/STM32CubeIDE_1.13.2/STM32CubeIDE/plugins/com.st.stm32cube.ide.mcu.externaltools.gnu-tools-for-stm32.11.3.rel1.win32_1.1.1.202309131626/tools/bin/../lib/gcc/arm-none-eabi/11.3.1/../../../../arm-none-eabi/lib/thumb/v7-m/nofp\libc_nano.a(libc_a-nano-vfprintf_i.o)
                0x0000000008012310                _printf_i
 .text.memmove  0x0000000008012554       0x34 C:/ST/STM32CubeIDE_1.13.2/STM32CubeIDE/plugins/com.st.stm32cube.ide.mcu.externaltools.gnu-tools-for-stm32.11.3.rel1.win32_1.1.1.202309131626/tools/bin/../lib/gcc/arm-none-eabi/11.3.1/../../../../arm-none-eabi/lib/thumb/v7-m/nofp\libc_nano.a(libc_a-memmove.o)
                0x0000000008012554                memmove
 .text._sbrk_r  0x0000000008012588       0x20 C:/ST/STM32CubeIDE_1.13.2/STM32CubeIDE/plugins/com.st.stm32cube.ide.mcu.externaltools.gnu-tools-for-stm32.11.3.rel1.win32_1.1.1.202309131626/tools/bin/../lib/gcc/arm-none-eabi/11.3.1/../../../../arm-none-eabi/lib/thumb/v7-m/nofp\libc_nano.a(libc_a-sbrkr.o)
                0x0000000008012588                _sbrk_r
 .text.memchr   0x00000000080125a8       0x1c C:/ST/STM32CubeIDE_1.13.2/STM32CubeIDE/plugins/com.st.stm32cube.ide.mcu.externaltools.gnu-tools-for-stm32.11.3.rel1.win32_1.1.1.202309131626/tools/bin/../lib/gcc/arm-none-eabi/11.3.1/../../../../arm-none-eabi/lib/thumb/v7-m/nofp\libc_nano.a(libc_a-memchr-stub.o)
                0x00000000080125a8                memchr
 .text._realloc_r
                0x00000000080125c4       0x5e C:/ST/STM32CubeIDE_1.13.2/STM32CubeIDE/plugins/com.st.stm32cube.ide.mcu.externaltools.gnu-tools-for-stm32.11.3.rel1.win32_1.1.1.202309131626/tools/bin/../lib/gcc/arm-none-eabi/11.3.1/../../../../arm-none-eabi/lib/thumb/v7-m/nofp\libc_nano.a(libc_a-reallocr.o)
                0x00000000080125c4                _realloc_r
 .text._malloc_usable_size_r
                0x0000000008012622       0x10 C:/ST/STM32CubeIDE_1.13.2/STM32CubeIDE/plugins/com.st.stm32cube.ide.mcu.externaltools.gnu-tools-for-stm32.11.3.rel1.win32_1.1.1.202309131626/tools/bin/../lib/gcc/arm-none-eabi/11.3.1/../../../../arm-none-eabi/lib/thumb/v7-m/nofp\libc_nano.a(libc_a-msizer.o)
                0x0000000008012622                _malloc_usable_size_r
 *(.glue_7)
 .glue_7        0x0000000008012632        0x0 linker stubs
 *(.glue_7t)
 .glue_7t       0x0000000008012632        0x0 linker stubs
 *(.eh_frame)
 *fill*         0x0000000008012632        0x2 
 .eh_frame      0x0000000008012634        0x0 C:/ST/STM32CubeIDE_1.13.2/STM32CubeIDE/plugins/com.st.stm32cube.ide.mcu.externaltools.gnu-tools-for-stm32.11.3.rel1.win32_1.1.1.202309131626/tools/bin/../lib/gcc/arm-none-eabi/11.3.1/thumb/v7-m/nofp/crtbegin.o
 *(.init)
 .init          0x0000000008012634        0x4 C:/ST/STM32CubeIDE_1.13.2/STM32CubeIDE/plugins/com.st.stm32cube.ide.mcu.externaltools.gnu-tools-for-stm32.11.3.rel1.win32_1.1.1.202309131626/tools/bin/../lib/gcc/arm-none-eabi/11.3.1/thumb/v7-m/nofp/crti.o
                0x0000000008012634                _init
 .init          0x0000000008012638        0x8 C:/ST/STM32CubeIDE_1.13.2/STM32CubeIDE/plugins/com.st.stm32cube.ide.mcu.externaltools.gnu-tools-for-stm32.11.3.rel1.win32_1.1.1.202309131626/tools/bin/../lib/gcc/arm-none-eabi/11.3.1/thumb/v7-m/nofp/crtn.o
 *(.fini)
 .fini          0x0000000008012640        0x4 C:/ST/STM32CubeIDE_1.13.2/STM32CubeIDE/plugins/com.st.stm32cube.ide.mcu.externaltools.gnu-tools-for-stm32.11.3.rel1.win32_1.1.1.202309131626/tools/bin/../lib/gcc/arm-none-eabi/11.3.1/thumb/v7-m/nofp/crti.o
                0x0000000008012640                _fini
 .fini          0x0000000008012644        0x8 C:/ST/STM32CubeIDE_1.13.2/STM32CubeIDE/plugins/com.st.stm32cube.ide.mcu.externaltools.gnu-tools-for-stm32.11.3.rel1.win32_1.1.1.202309131626/tools/bin/../lib/gcc/arm-none-eabi/11.3.1/thumb/v7-m/nofp/crtn.o
                0x000000000801264c                . = ALIGN (0x4)
                0x000000000801264c                _etext = .

.vfp11_veneer   0x000000000801264c        0x0
 .vfp11_veneer  0x000000000801264c        0x0 linker stubs

.v4_bx          0x000000000801264c        0x0
 .v4_bx         0x000000000801264c        0x0 linker stubs

.iplt           0x000000000801264c        0x0
 .iplt          0x000000000801264c        0x0 C:/ST/STM32CubeIDE_1.13.2/STM32CubeIDE/plugins/com.st.stm32cube.ide.mcu.externaltools.gnu-tools-for-stm32.11.3.rel1.win32_1.1.1.202309131626/tools/bin/../lib/gcc/arm-none-eabi/11.3.1/thumb/v7-m/nofp/crtbegin.o

.rodata         0x000000000801264c      0x600
                0x000000000801264c                . = ALIGN (0x4)
 *(.rodata)
 .rodata        0x000000000801264c        0x5 ./Core/Src/I2C_LCD.o
 *fill*         0x0000000008012651        0x3 
 .rodata        0x0000000008012654       0xc4 ./Core/Src/main.o
 .rodata        0x0000000008012718       0x48 ./Middlewares/Third_Party/FatFs/src/ff.o
 .rodata        0x0000000008012760       0x52 ./USB_DEVICE/App/usbd_desc.o
 *(.rodata*)
 *fill*         0x00000000080127b2        0x2 
 .rodata.PLLMulTable
                0x00000000080127b4        0x9 ./Core/Src/system_stm32l1xx.o
                0x00000000080127b4                PLLMulTable
 *fill*         0x00000000080127bd        0x3 
 .rodata.AHBPrescTable
                0x00000000080127c0       0x10 ./Core/Src/system_stm32l1xx.o
                0x00000000080127c0                AHBPrescTable
 .rodata.APBPrescTable
                0x00000000080127d0        0x8 ./Core/Src/system_stm32l1xx.o
                0x00000000080127d0                APBPrescTable
 .rodata.ExCvt  0x00000000080127d8       0x80 ./Middlewares/Third_Party/FatFs/src/ff.o
 .rodata.LfnOfs
                0x0000000008012858        0xd ./Middlewares/Third_Party/FatFs/src/ff.o
 *fill*         0x0000000008012865        0x3 
 .rodata.Tbl    0x0000000008012868      0x100 ./Middlewares/Third_Party/FatFs/src/option/ccsbcs.o
 .rodata.cvt1.1
                0x0000000008012968      0x1f2 ./Middlewares/Third_Party/FatFs/src/option/ccsbcs.o
 *fill*         0x0000000008012b5a        0x2 
 .rodata.cvt2.0
                0x0000000008012b5c       0xbc ./Middlewares/Third_Party/FatFs/src/option/ccsbcs.o
 .rodata._svfprintf_r.str1.1
                0x0000000008012c18       0x11 C:/ST/STM32CubeIDE_1.13.2/STM32CubeIDE/plugins/com.st.stm32cube.ide.mcu.externaltools.gnu-tools-for-stm32.11.3.rel1.win32_1.1.1.202309131626/tools/bin/../lib/gcc/arm-none-eabi/11.3.1/../../../../arm-none-eabi/lib/thumb/v7-m/nofp\libc_nano.a(libc_a-nano-svfprintf.o)
 .rodata._printf_i.str1.1
                0x0000000008012c29       0x22 C:/ST/STM32CubeIDE_1.13.2/STM32CubeIDE/plugins/com.st.stm32cube.ide.mcu.externaltools.gnu-tools-for-stm32.11.3.rel1.win32_1.1.1.202309131626/tools/bin/../lib/gcc/arm-none-eabi/11.3.1/../../../../arm-none-eabi/lib/thumb/v7-m/nofp\libc_nano.a(libc_a-nano-vfprintf_i.o)
                0x0000000008012c4c                . = ALIGN (0x4)
 *fill*         0x0000000008012c4b        0x1 

.ARM.extab      0x0000000008012c4c        0x0
                0x0000000008012c4c                . = ALIGN (0x4)
 *(.ARM.extab* .gnu.linkonce.armextab.*)
                0x0000000008012c4c                . = ALIGN (0x4)

.ARM            0x0000000008012c4c        0x8
                0x0000000008012c4c                . = ALIGN (0x4)
                0x0000000008012c4c                __exidx_start = .
 *(.ARM.exidx*)
 .ARM.exidx     0x0000000008012c4c        0x8 C:/ST/STM32CubeIDE_1.13.2/STM32CubeIDE/plugins/com.st.stm32cube.ide.mcu.externaltools.gnu-tools-for-stm32.11.3.rel1.win32_1.1.1.202309131626/tools/bin/../lib/gcc/arm-none-eabi/11.3.1/thumb/v7-m/nofp\libgcc.a(_udivmoddi4.o)
                0x0000000008012c54                __exidx_end = .
                0x0000000008012c54                . = ALIGN (0x4)

.rel.dyn        0x0000000008012c54        0x0
 .rel.iplt      0x0000000008012c54        0x0 C:/ST/STM32CubeIDE_1.13.2/STM32CubeIDE/plugins/com.st.stm32cube.ide.mcu.externaltools.gnu-tools-for-stm32.11.3.rel1.win32_1.1.1.202309131626/tools/bin/../lib/gcc/arm-none-eabi/11.3.1/thumb/v7-m/nofp/crtbegin.o

.preinit_array  0x0000000008012c54        0x0
                0x0000000008012c54                . = ALIGN (0x4)
                0x0000000008012c54                PROVIDE (__preinit_array_start = .)
 *(.preinit_array*)
                0x0000000008012c54                PROVIDE (__preinit_array_end = .)
                0x0000000008012c54                . = ALIGN (0x4)

.init_array     0x0000000008012c54        0x4
                0x0000000008012c54                . = ALIGN (0x4)
                0x0000000008012c54                PROVIDE (__init_array_start = .)
 *(SORT_BY_NAME(.init_array.*))
 *(.init_array*)
 .init_array    0x0000000008012c54        0x4 C:/ST/STM32CubeIDE_1.13.2/STM32CubeIDE/plugins/com.st.stm32cube.ide.mcu.externaltools.gnu-tools-for-stm32.11.3.rel1.win32_1.1.1.202309131626/tools/bin/../lib/gcc/arm-none-eabi/11.3.1/thumb/v7-m/nofp/crtbegin.o
                0x0000000008012c58                PROVIDE (__init_array_end = .)
                0x0000000008012c58                . = ALIGN (0x4)

.fini_array     0x0000000008012c58        0x4
                0x0000000008012c58                . = ALIGN (0x4)
                [!provide]                        PROVIDE (__fini_array_start = .)
 *(SORT_BY_NAME(.fini_array.*))
 *(.fini_array*)
 .fini_array    0x0000000008012c58        0x4 C:/ST/STM32CubeIDE_1.13.2/STM32CubeIDE/plugins/com.st.stm32cube.ide.mcu.externaltools.gnu-tools-for-stm32.11.3.rel1.win32_1.1.1.202309131626/tools/bin/../lib/gcc/arm-none-eabi/11.3.1/thumb/v7-m/nofp/crtbegin.o
                [!provide]                        PROVIDE (__fini_array_end = .)
                0x0000000008012c5c                . = ALIGN (0x4)
                0x0000000008012c5c                _sidata = LOADADDR (.data)

.data           0x0000000020000000      0x26c load address 0x0000000008012c5c
                0x0000000020000000                . = ALIGN (0x4)
                0x0000000020000000                _sdata = .
 *(.data)
 *(.data*)
 .data.noteFreq
                0x0000000020000000       0x78 ./Core/Src/main.o
                0x0000000020000000                noteFreq
 .data.firstOpenDir
                0x0000000020000078        0x1 ./Core/Src/main.o
                0x0000000020000078                firstOpenDir
 .data.modeNum  0x0000000020000079        0x1 ./Core/Src/main.o
                0x0000000020000079                modeNum
 .data.frequency
                0x000000002000007a        0x2 ./Core/Src/main.o
                0x000000002000007a                frequency
 .data.prevFrequency
                0x000000002000007c        0x2 ./Core/Src/main.o
                0x000000002000007c                prevFrequency
 .data.t_on     0x000000002000007e        0x2 ./Core/Src/main.o
                0x000000002000007e                t_on
 .data.t_off    0x0000000020000080        0x2 ./Core/Src/main.o
                0x0000000020000080                t_off
 .data.submode  0x0000000020000082        0x1 ./Core/Src/main.o
                0x0000000020000082                submode
 .data.updateTimeScroll
                0x0000000020000083        0x1 ./Core/Src/main.o
                0x0000000020000083                updateTimeScroll
 .data.firstEntry
                0x0000000020000084        0x1 ./Core/Src/main.o
                0x0000000020000084                firstEntry
 *fill*         0x0000000020000085        0x3 
 .data.SystemCoreClock
                0x0000000020000088        0x4 ./Core/Src/system_stm32l1xx.o
                0x0000000020000088                SystemCoreClock
 .data.uwTickPrio
                0x000000002000008c        0x4 ./Drivers/STM32L1xx_HAL_Driver/Src/stm32l1xx_hal.o
                0x000000002000008c                uwTickPrio
 .data.uwTickFreq
                0x0000000020000090        0x4 ./Drivers/STM32L1xx_HAL_Driver/Src/stm32l1xx_hal.o
                0x0000000020000090                uwTickFreq
 .data.USER_Driver
                0x0000000020000094       0x14 ./FATFS/Target/user_diskio.o
                0x0000000020000094                USER_Driver
 .data.Stat     0x00000000200000a8        0x1 ./FATFS/Target/user_diskio_spi.o
 *fill*         0x00000000200000a9        0x3 
 .data.USBD_CDC_DeviceQualifierDesc
                0x00000000200000ac        0xa ./Middlewares/ST/STM32_USB_Device_Library/Class/CDC/Src/usbd_cdc.o
 *fill*         0x00000000200000b6        0x2 
 .data.USBD_CDC
                0x00000000200000b8       0x38 ./Middlewares/ST/STM32_USB_Device_Library/Class/CDC/Src/usbd_cdc.o
                0x00000000200000b8                USBD_CDC
 .data.USBD_CDC_CfgHSDesc
                0x00000000200000f0       0x43 ./Middlewares/ST/STM32_USB_Device_Library/Class/CDC/Src/usbd_cdc.o
                0x00000000200000f0                USBD_CDC_CfgHSDesc
 *fill*         0x0000000020000133        0x1 
 .data.USBD_CDC_CfgFSDesc
                0x0000000020000134       0x43 ./Middlewares/ST/STM32_USB_Device_Library/Class/CDC/Src/usbd_cdc.o
                0x0000000020000134                USBD_CDC_CfgFSDesc
 *fill*         0x0000000020000177        0x1 
 .data.USBD_CDC_OtherSpeedCfgDesc
                0x0000000020000178       0x43 ./Middlewares/ST/STM32_USB_Device_Library/Class/CDC/Src/usbd_cdc.o
                0x0000000020000178                USBD_CDC_OtherSpeedCfgDesc
 *fill*         0x00000000200001bb        0x1 
 .data.USBD_Interface_fops_FS
                0x00000000200001bc       0x10 ./USB_DEVICE/App/usbd_cdc_if.o
                0x00000000200001bc                USBD_Interface_fops_FS
 .data.FS_Desc  0x00000000200001cc       0x1c ./USB_DEVICE/App/usbd_desc.o
                0x00000000200001cc                FS_Desc
 .data.USBD_FS_DeviceDesc
                0x00000000200001e8       0x12 ./USB_DEVICE/App/usbd_desc.o
                0x00000000200001e8                USBD_FS_DeviceDesc
 *fill*         0x00000000200001fa        0x2 
 .data.USBD_LangIDDesc
                0x00000000200001fc        0x4 ./USB_DEVICE/App/usbd_desc.o
                0x00000000200001fc                USBD_LangIDDesc
 .data.USBD_StringSerial
                0x0000000020000200       0x1a ./USB_DEVICE/App/usbd_desc.o
                0x0000000020000200                USBD_StringSerial
 *fill*         0x000000002000021a        0x2 
 .data._impure_data
                0x000000002000021c       0x4c C:/ST/STM32CubeIDE_1.13.2/STM32CubeIDE/plugins/com.st.stm32cube.ide.mcu.externaltools.gnu-tools-for-stm32.11.3.rel1.win32_1.1.1.202309131626/tools/bin/../lib/gcc/arm-none-eabi/11.3.1/../../../../arm-none-eabi/lib/thumb/v7-m/nofp\libc_nano.a(libc_a-impure.o)
                0x000000002000021c                _impure_data
 .data._impure_ptr
                0x0000000020000268        0x4 C:/ST/STM32CubeIDE_1.13.2/STM32CubeIDE/plugins/com.st.stm32cube.ide.mcu.externaltools.gnu-tools-for-stm32.11.3.rel1.win32_1.1.1.202309131626/tools/bin/../lib/gcc/arm-none-eabi/11.3.1/../../../../arm-none-eabi/lib/thumb/v7-m/nofp\libc_nano.a(libc_a-impure.o)
                0x0000000020000268                _impure_ptr
 *(.RamFunc)
 *(.RamFunc*)
                0x000000002000026c                . = ALIGN (0x4)
                0x000000002000026c                _edata = .

.igot.plt       0x000000002000026c        0x0 load address 0x0000000008012ec8
 .igot.plt      0x000000002000026c        0x0 C:/ST/STM32CubeIDE_1.13.2/STM32CubeIDE/plugins/com.st.stm32cube.ide.mcu.externaltools.gnu-tools-for-stm32.11.3.rel1.win32_1.1.1.202309131626/tools/bin/../lib/gcc/arm-none-eabi/11.3.1/thumb/v7-m/nofp/crtbegin.o
                0x000000002000026c                . = ALIGN (0x4)

.bss            0x0000000020000270     0x21a0 load address 0x0000000008012ec8
                0x0000000020000270                _sbss = .
                0x0000000020000270                __bss_start__ = _sbss
 *(.bss)
 .bss           0x0000000020000270       0x1c C:/ST/STM32CubeIDE_1.13.2/STM32CubeIDE/plugins/com.st.stm32cube.ide.mcu.externaltools.gnu-tools-for-stm32.11.3.rel1.win32_1.1.1.202309131626/tools/bin/../lib/gcc/arm-none-eabi/11.3.1/thumb/v7-m/nofp/crtbegin.o
 *(.bss*)
 .bss.hadc      0x000000002000028c       0x54 ./Core/Src/main.o
                0x000000002000028c                hadc
 .bss.hi2c2     0x00000000200002e0       0x54 ./Core/Src/main.o
                0x00000000200002e0                hi2c2
 .bss.hspi1     0x0000000020000334       0x58 ./Core/Src/main.o
                0x0000000020000334                hspi1
 .bss.hspi2     0x000000002000038c       0x58 ./Core/Src/main.o
                0x000000002000038c                hspi2
 .bss.htim2     0x00000000200003e4       0x40 ./Core/Src/main.o
                0x00000000200003e4                htim2
 .bss.htim3     0x0000000020000424       0x40 ./Core/Src/main.o
                0x0000000020000424                htim3
 .bss.htim4     0x0000000020000464       0x40 ./Core/Src/main.o
                0x0000000020000464                htim4
 .bss.htim6     0x00000000200004a4       0x40 ./Core/Src/main.o
                0x00000000200004a4                htim6
 .bss.htim7     0x00000000200004e4       0x40 ./Core/Src/main.o
                0x00000000200004e4                htim7
 .bss.htim9     0x0000000020000524       0x40 ./Core/Src/main.o
                0x0000000020000524                htim9
 .bss.htim10    0x0000000020000564       0x40 ./Core/Src/main.o
                0x0000000020000564                htim10
 .bss.htim11    0x00000000200005a4       0x40 ./Core/Src/main.o
                0x00000000200005a4                htim11
 .bss.lcd       0x00000000200005e4       0x58 ./Core/Src/main.o
                0x00000000200005e4                lcd
 *fill*         0x000000002000063c        0x4 
 .bss.micros    0x0000000020000640        0x8 ./Core/Src/main.o
                0x0000000020000640                micros
 .bss.rotaryVal
                0x0000000020000648        0x2 ./Core/Src/main.o
                0x0000000020000648                rotaryVal
 .bss.prevRotaryVal
                0x000000002000064a        0x2 ./Core/Src/main.o
                0x000000002000064a                prevRotaryVal
 .bss.adcVal    0x000000002000064c        0x2 ./Core/Src/main.o
                0x000000002000064c                adcVal
 .bss.onTime    0x000000002000064e        0x1 ./Core/Src/main.o
                0x000000002000064e                onTime
 .bss.prevOnTime
                0x000000002000064f        0x1 ./Core/Src/main.o
                0x000000002000064f                prevOnTime
 .bss.buttonPushed
                0x0000000020000650        0x1 ./Core/Src/main.o
                0x0000000020000650                buttonPushed
 *fill*         0x0000000020000651        0x3 
 .bss.fs        0x0000000020000654      0x234 ./Core/Src/main.o
                0x0000000020000654                fs
 .bss.fil       0x0000000020000888      0x230 ./Core/Src/main.o
                0x0000000020000888                fil
 .bss.fresult   0x0000000020000ab8        0x1 ./Core/Src/main.o
                0x0000000020000ab8                fresult
 *fill*         0x0000000020000ab9        0x3 
 .bss.fno       0x0000000020000abc      0x118 ./Core/Src/main.o