../Core/Src/I2C_LCD.c:22:19:initLCD	32	static
../Core/Src/I2C_LCD.c:58:19:setCursor	24	static
../Core/Src/I2C_LCD.c:72:19:LCDPrint	32	static
../Core/Src/I2C_LCD.c:84:19:LCDPrintNumber	40	static
../Core/Src/I2C_LCD.c:110:19:LCDPrintAtPos	32	static
../Core/Src/I2C_LCD.c:120:19:writeToDDRAMAddress	24	static
../Core/Src/I2C_LCD.c:128:19:setDDRAMAddress	24	static
../Core/Src/I2C_LCD.c:142:19:clearDisplay	24	static
../Core/Src/I2C_LCD.c:149:19:LCDCursorOnBlinkOff	24	static
../Core/Src/I2C_LCD.c:155:19:LCDCursorOnBlinkOn	24	static
../Core/Src/I2C_LCD.c:161:19:LCDCursorOffBlinkOn	24	static
../Core/Src/I2C_LCD.c:167:19:LCDCursorOffBlinkOff	24	static
../Core/Src/I2C_LCD.c:173:19:LCDDisplayOn	24	static
../Core/Src/I2C_LCD.c:179:19:LCDDisplayOff	24	static
../Core/Src/I2C_LCD.c:192:19:writeToRegister	24	static
../Core/Src/I2C_LCD.c:214:19:write4BitsToInstructionReg	32	static
../Core/Src/I2C_LCD.c:225:19:write4BitsToDataReg	32	static
../Core/Src/I2C_LCD.c:238:19:writeAByte	32	static
