../Core/Src/main.c:187:6:setTimersAccordingly	16	static
../Core/Src/main.c:287:6:turnOffAllCoils	8	static
../Core/Src/main.c:320:5:main	64	static
../Core/Src/main.c:1054:6:changeNumber	24	static
../Core/Src/main.c:1183:6:SystemClock_Config	80	static
../Core/Src/main.c:1226:13:MX_ADC_Init	24	static
../Core/Src/main.c:1278:13:MX_I2C2_Init	8	static
../Core/Src/main.c:1310:13:MX_SPI1_Init	8	static
../Core/Src/main.c:1345:13:MX_SPI2_Init	8	static
../Core/Src/main.c:1380:13:MX_TIM2_Init	48	static
../Core/Src/main.c:1442:13:MX_TIM3_Init	48	static
../Core/Src/main.c:1497:13:MX_TIM4_Init	48	static
../Core/Src/main.c:1559:13:MX_TIM6_Init	16	static
../Core/Src/main.c:1595:13:MX_TIM7_Init	16	static
../Core/Src/main.c:1631:13:MX_TIM9_Init	48	static
../Core/Src/main.c:1686:13:MX_TIM10_Init	40	static
../Core/Src/main.c:1734:13:MX_TIM11_Init	24	static
../Core/Src/main.c:1774:13:MX_GPIO_Init	48	static
../Core/Src/main.c:1849:6:ADC_Select_CH0	24	static
../Core/Src/main.c:1860:6:ADC_Select_CH2	24	static
../Core/Src/main.c:1872:6:writeStatusLED	24	static
../Core/Src/main.c:1897:6:HAL_GPIO_EXTI_Callback	16	static
../Core/Src/main.c:1913:6:delayMicroseconds	32	static
../Core/Src/main.c:1920:10:getMicros	4	static
../Core/Src/main.c:1927:6:printToUSB	24	static
../Core/Src/main.c:1931:6:USBDataReceived_IT	32	static
../Core/Src/main.c:1967:6:HAL_TIM_PeriodElapsedCallback	24	static
../Core/Src/main.c:1981:6:HAL_ADC_ConvCpltCallback	16	static
../Core/Src/main.c:1990:6:Error_Handler	4	static,ignoring_inline_asm
