../Core/Src/main.c:187:6:setTimersAccordingly	16	static
../Core/Src/main.c:287:6:turnOffAllCoils	8	static
../Core/Src/main.c:320:5:main	56	static
../Core/Src/main.c:1034:6:changeNumber	24	static
../Core/Src/main.c:1163:6:SystemClock_Config	80	static
../Core/Src/main.c:1206:13:MX_ADC_Init	24	static
../Core/Src/main.c:1258:13:MX_I2C2_Init	8	static
../Core/Src/main.c:1290:13:MX_SPI1_Init	8	static
../Core/Src/main.c:1325:13:MX_SPI2_Init	8	static
../Core/Src/main.c:1360:13:MX_TIM2_Init	48	static
../Core/Src/main.c:1422:13:MX_TIM3_Init	48	static
../Core/Src/main.c:1477:13:MX_TIM4_Init	48	static
../Core/Src/main.c:1539:13:MX_TIM6_Init	16	static
../Core/Src/main.c:1575:13:MX_TIM7_Init	16	static
../Core/Src/main.c:1611:13:MX_TIM9_Init	48	static
../Core/Src/main.c:1666:13:MX_TIM10_Init	40	static
../Core/Src/main.c:1714:13:MX_TIM11_Init	24	static
../Core/Src/main.c:1754:13:MX_GPIO_Init	48	static
../Core/Src/main.c:1829:6:ADC_Select_CH0	24	static
../Core/Src/main.c:1840:6:ADC_Select_CH2	24	static
../Core/Src/main.c:1852:6:writeStatusLED	24	static
../Core/Src/main.c:1877:6:HAL_GPIO_EXTI_Callback	16	static
../Core/Src/main.c:1893:6:delayMicroseconds	32	static
../Core/Src/main.c:1900:10:getMicros	4	static
../Core/Src/main.c:1907:6:printToUSB	24	static
../Core/Src/main.c:1911:6:USBDataReceived_IT	32	static
../Core/Src/main.c:1947:6:HAL_TIM_PeriodElapsedCallback	24	static
../Core/Src/main.c:1961:6:HAL_ADC_ConvCpltCallback	16	static
../Core/Src/main.c:1970:6:Error_Handler	4	static,ignoring_inline_asm
